11:48:02 **** Incremental Build of configuration Debug for project lab_8 ****
make all 
make: Nothing to be done for 'all'.
11:48:16 **** Auto Build of configuration Debug for project lab_8 ****
make all 
Building file: ../src/main.c
Invoking: ARM gcc compiler
arm-xilinx-eabi-gcc -Wall -O0 -g3 -c -fmessage-length=0 -MT"src/main.o" -I../../lab_8_bsp/ps7_cortexa9_0/include -MMD -MP -MF"src/main.d" -MT"src/main.d" -o "src/main.o" "../src/main.c"
Finished building: ../src/main.c
 
Building target: lab_8.elf
Invoking: ARM gcc linker
arm-xilinx-eabi-gcc -Wl,-T -Wl,../src/lscript.ld -L../../lab_8_bsp/ps7_cortexa9_0/lib -o "lab_8.elf"  ./src/timer/timer_pwm_cnf.o  ./src/khaOS/rtcs_cpu.o ./src/khaOS/schedule.o  ./src/main.o   -Wl,--start-group,-lxil,-lgcc,-lc,--end-group
Finished building target: lab_8.elf
 
Invoking: ARM Print Size
arm-xilinx-eabi-size lab_8.elf  |tee "lab_8.elf.size"
   text	   data	    bss	    dec	    hex	filename
  26920	   1216	  22628	  50764	   c64c	lab_8.elf
Finished building: lab_8.elf.size
 
11:50:43 **** Incremental Build of configuration Debug for project lab_8 ****
make all 
make: Nothing to be done for 'all'.
11:51:13 **** Auto Build of configuration Debug for project lab_8 ****
make all 
Building file: ../src/main.c
Invoking: ARM gcc compiler
arm-xilinx-eabi-gcc -Wall -O0 -g3 -c -fmessage-length=0 -MT"src/main.o" -I../../lab_8_bsp/ps7_cortexa9_0/include -MMD -MP -MF"src/main.d" -MT"src/main.d" -o "src/main.o" "../src/main.c"
Finished building: ../src/main.c
 
Building target: lab_8.elf
Invoking: ARM gcc linker
arm-xilinx-eabi-gcc -Wl,-T -Wl,../src/lscript.ld -L../../lab_8_bsp/ps7_cortexa9_0/lib -o "lab_8.elf"  ./src/timer/timer_pwm_cnf.o  ./src/khaOS/rtcs_cpu.o ./src/khaOS/schedule.o  ./src/main.o   -Wl,--start-group,-lxil,-lgcc,-lc,--end-group
Finished building target: lab_8.elf
 
Invoking: ARM Print Size
arm-xilinx-eabi-size lab_8.elf  |tee "lab_8.elf.size"
   text	   data	    bss	    dec	    hex	filename
  26920	   1216	  22628	  50764	   c64c	lab_8.elf
Finished building: lab_8.elf.size
 
11:51:43 **** Auto Build of configuration Debug for project lab_8 ****
make all 
Building file: ../src/main.c
Invoking: ARM gcc compiler
arm-xilinx-eabi-gcc -Wall -O0 -g3 -c -fmessage-length=0 -MT"src/main.o" -I../../lab_8_bsp/ps7_cortexa9_0/include -MMD -MP -MF"src/main.d" -MT"src/main.d" -o "src/main.o" "../src/main.c"
Finished building: ../src/main.c
 
Building target: lab_8.elf
Invoking: ARM gcc linker
arm-xilinx-eabi-gcc -Wl,-T -Wl,../src/lscript.ld -L../../lab_8_bsp/ps7_cortexa9_0/lib -o "lab_8.elf"  ./src/timer/timer_pwm_cnf.o  ./src/khaOS/rtcs_cpu.o ./src/khaOS/schedule.o  ./src/main.o   -Wl,--start-group,-lxil,-lgcc,-lc,--end-group
Finished building target: lab_8.elf
 
Invoking: ARM Print Size
arm-xilinx-eabi-size lab_8.elf  |tee "lab_8.elf.size"
   text	   data	    bss	    dec	    hex	filename
  26920	   1216	  22628	  50764	   c64c	lab_8.elf
Finished building: lab_8.elf.size
 
11:51:56 **** Auto Build of configuration Debug for project lab_8 ****
make all 
Building file: ../src/main.c
Invoking: ARM gcc compiler
arm-xilinx-eabi-gcc -Wall -O0 -g3 -c -fmessage-length=0 -MT"src/main.o" -I../../lab_8_bsp/ps7_cortexa9_0/include -MMD -MP -MF"src/main.d" -MT"src/main.d" -o "src/main.o" "../src/main.c"
../src/main.c: In function 'pwm_task':
../src/main.c:95:46: error: 'freq' undeclared (first use in this function)
  pwm_deluxe_frequency_in_write(&pwm_gen_inst,freq);
                                              ^
../src/main.c:95:46: note: each undeclared identifier is reported only once for each function it appears in
src/subdir.mk:21: recipe for target 'src/main.o' failed
make: *** [src/main.o] Error 1
11:52:16 **** Auto Build of configuration Debug for project lab_8 ****
make all 
Building file: ../src/main.c
Invoking: ARM gcc compiler
arm-xilinx-eabi-gcc -Wall -O0 -g3 -c -fmessage-length=0 -MT"src/main.o" -I../../lab_8_bsp/ps7_cortexa9_0/include -MMD -MP -MF"src/main.d" -MT"src/main.d" -o "src/main.o" "../src/main.c"
../src/main.c: In function 'pwm_task':
../src/main.c:95:46: error: 'freq' undeclared (first use in this function)
  pwm_deluxe_frequency_in_write(&pwm_gen_inst,freq);
                                              ^
../src/main.c:95:46: note: each undeclared identifier is reported only once for each function it appears in
../src/main.c:94:6: warning: unused variable 'duty' [-Wunused-variable]
  u32 duty = 0.5;
      ^
src/subdir.mk:21: recipe for target 'src/main.o' failed
make: *** [src/main.o] Error 1
11:52:20 **** Auto Build of configuration Debug for project lab_8 ****
make all 
Building file: ../src/main.c
Invoking: ARM gcc compiler
arm-xilinx-eabi-gcc -Wall -O0 -g3 -c -fmessage-length=0 -MT"src/main.o" -I../../lab_8_bsp/ps7_cortexa9_0/include -MMD -MP -MF"src/main.d" -MT"src/main.d" -o "src/main.o" "../src/main.c"
../src/main.c: In function 'pwm_task':
../src/main.c:95:46: error: 'freq' undeclared (first use in this function)
  pwm_deluxe_frequency_in_write(&pwm_gen_inst,freq);
                                              ^
../src/main.c:95:46: note: each undeclared identifier is reported only once for each function it appears in
../src/main.c:94:6: warning: unused variable 'duty' [-Wunused-variable]
  u32 duty = 500;
      ^
src/subdir.mk:21: recipe for target 'src/main.o' failed
make: *** [src/main.o] Error 1
11:53:00 **** Auto Build of configuration Debug for project lab_8 ****
make all 
Building file: ../src/main.c
Invoking: ARM gcc compiler
arm-xilinx-eabi-gcc -Wall -O0 -g3 -c -fmessage-length=0 -MT"src/main.o" -I../../lab_8_bsp/ps7_cortexa9_0/include -MMD -MP -MF"src/main.d" -MT"src/main.d" -o "src/main.o" "../src/main.c"
Finished building: ../src/main.c
 
Building target: lab_8.elf
Invoking: ARM gcc linker
arm-xilinx-eabi-gcc -Wl,-T -Wl,../src/lscript.ld -L../../lab_8_bsp/ps7_cortexa9_0/lib -o "lab_8.elf"  ./src/timer/timer_pwm_cnf.o  ./src/khaOS/rtcs_cpu.o ./src/khaOS/schedule.o  ./src/main.o   -Wl,--start-group,-lxil,-lgcc,-lc,--end-group
Finished building target: lab_8.elf
 
Invoking: ARM Print Size
arm-xilinx-eabi-size lab_8.elf  |tee "lab_8.elf.size"
   text	   data	    bss	    dec	    hex	filename
  26920	   1216	  22628	  50764	   c64c	lab_8.elf
Finished building: lab_8.elf.size
 
11:53:02 **** Incremental Build of configuration Debug for project lab_8 ****
make all 
make: Nothing to be done for 'all'.
11:53:59 **** Incremental Build of configuration Debug for project lab_8 ****
make all 
make: Nothing to be done for 'all'.
11:56:24 **** Auto Build of configuration Debug for project lab_8 ****
make all 
Building file: ../src/main.c
Invoking: ARM gcc compiler
arm-xilinx-eabi-gcc -Wall -O0 -g3 -c -fmessage-length=0 -MT"src/main.o" -I../../lab_8_bsp/ps7_cortexa9_0/include -MMD -MP -MF"src/main.d" -MT"src/main.d" -o "src/main.o" "../src/main.c"
Finished building: ../src/main.c
 
Building target: lab_8.elf
Invoking: ARM gcc linker
arm-xilinx-eabi-gcc -Wl,-T -Wl,../src/lscript.ld -L../../lab_8_bsp/ps7_cortexa9_0/lib -o "lab_8.elf"  ./src/timer/timer_pwm_cnf.o  ./src/khaOS/rtcs_cpu.o ./src/khaOS/schedule.o  ./src/main.o   -Wl,--start-group,-lxil,-lgcc,-lc,--end-group
Finished building target: lab_8.elf
 
Invoking: ARM Print Size
arm-xilinx-eabi-size lab_8.elf  |tee "lab_8.elf.size"
   text	   data	    bss	    dec	    hex	filename
  26920	   1216	  22628	  50764	   c64c	lab_8.elf
Finished building: lab_8.elf.size
 
11:56:47 **** Auto Build of configuration Debug for project lab_8 ****
make all 
Building file: ../src/main.c
Invoking: ARM gcc compiler
arm-xilinx-eabi-gcc -Wall -O0 -g3 -c -fmessage-length=0 -MT"src/main.o" -I../../lab_8_bsp/ps7_cortexa9_0/include -MMD -MP -MF"src/main.d" -MT"src/main.d" -o "src/main.o" "../src/main.c"
../src/main.c: In function 'init_alive_task':
../src/main.c:64:35: error: 'GPIO_DEVICE_ID' undeclared (first use in this function)
  Status = XGpio_Initialize(&Gpio, GPIO_DEVICE_ID);
                                   ^
../src/main.c:64:35: note: each undeclared identifier is reported only once for each function it appears in
make: *** [src/main.o] Error 1
src/subdir.mk:21: recipe for target 'src/main.o' failed
11:57:01 **** Auto Build of configuration Debug for project lab_8 ****
make all 
Building file: ../src/main.c
Invoking: ARM gcc compiler
arm-xilinx-eabi-gcc -Wall -O0 -g3 -c -fmessage-length=0 -MT"src/main.o" -I../../lab_8_bsp/ps7_cortexa9_0/include -MMD -MP -MF"src/main.d" -MT"src/main.d" -o "src/main.o" "../src/main.c"
Finished building: ../src/main.c
 
Building target: lab_8.elf
Invoking: ARM gcc linker
arm-xilinx-eabi-gcc -Wl,-T -Wl,../src/lscript.ld -L../../lab_8_bsp/ps7_cortexa9_0/lib -o "lab_8.elf"  ./src/timer/timer_pwm_cnf.o  ./src/khaOS/rtcs_cpu.o ./src/khaOS/schedule.o  ./src/main.o   -Wl,--start-group,-lxil,-lgcc,-lc,--end-group
Finished building target: lab_8.elf
 
Invoking: ARM Print Size
arm-xilinx-eabi-size lab_8.elf  |tee "lab_8.elf.size"
   text	   data	    bss	    dec	    hex	filename
  26920	   1216	  22628	  50764	   c64c	lab_8.elf
Finished building: lab_8.elf.size
 
11:57:11 **** Auto Build of configuration Debug for project lab_8 ****
make all 
Building file: ../src/main.c
Invoking: ARM gcc compiler
arm-xilinx-eabi-gcc -Wall -O0 -g3 -c -fmessage-length=0 -MT"src/main.o" -I../../lab_8_bsp/ps7_cortexa9_0/include -MMD -MP -MF"src/main.d" -MT"src/main.d" -o "src/main.o" "../src/main.c"
Finished building: ../src/main.c
 
Building target: lab_8.elf
Invoking: ARM gcc linker
arm-xilinx-eabi-gcc -Wl,-T -Wl,../src/lscript.ld -L../../lab_8_bsp/ps7_cortexa9_0/lib -o "lab_8.elf"  ./src/timer/timer_pwm_cnf.o  ./src/khaOS/rtcs_cpu.o ./src/khaOS/schedule.o  ./src/main.o   -Wl,--start-group,-lxil,-lgcc,-lc,--end-group
Finished building target: lab_8.elf
 
Invoking: ARM Print Size
arm-xilinx-eabi-size lab_8.elf  |tee "lab_8.elf.size"
   text	   data	    bss	    dec	    hex	filename
  26920	   1216	  22628	  50764	   c64c	lab_8.elf
Finished building: lab_8.elf.size
 
11:57:31 **** Auto Build of configuration Debug for project lab_8 ****
make all 
Building file: ../src/main.c
Invoking: ARM gcc compiler
arm-xilinx-eabi-gcc -Wall -O0 -g3 -c -fmessage-length=0 -MT"src/main.o" -I../../lab_8_bsp/ps7_cortexa9_0/include -MMD -MP -MF"src/main.d" -MT"src/main.d" -o "src/main.o" "../src/main.c"
../src/main.c:60:1: error: unknown type name 'XScuGic'
 XScuGic interrupt;
 ^
../src/main.c:61:1: error: unknown type name 'XTmrCtr'
 XTmrCtr timer;
 ^
src/subdir.mk:21: recipe for target 'src/main.o' failed
make: *** [src/main.o] Error 1
11:57:45 **** Auto Build of configuration Debug for project lab_8 ****
make all 
Building file: ../src/main.c
Invoking: ARM gcc compiler
arm-xilinx-eabi-gcc -Wall -O0 -g3 -c -fmessage-length=0 -MT"src/main.o" -I../../lab_8_bsp/ps7_cortexa9_0/include -MMD -MP -MF"src/main.d" -MT"src/main.d" -o "src/main.o" "../src/main.c"
Finished building: ../src/main.c
 
Building target: lab_8.elf
Invoking: ARM gcc linker
arm-xilinx-eabi-gcc -Wl,-T -Wl,../src/lscript.ld -L../../lab_8_bsp/ps7_cortexa9_0/lib -o "lab_8.elf"  ./src/timer/timer_pwm_cnf.o  ./src/khaOS/rtcs_cpu.o ./src/khaOS/schedule.o  ./src/main.o   -Wl,--start-group,-lxil,-lgcc,-lc,--end-group
Finished building target: lab_8.elf
 
Invoking: ARM Print Size
arm-xilinx-eabi-size lab_8.elf  |tee "lab_8.elf.size"
   text	   data	    bss	    dec	    hex	filename
  26920	   1216	  22724	  50860	   c6ac	lab_8.elf
Finished building: lab_8.elf.size
 
11:57:54 **** Auto Build of configuration Debug for project lab_8 ****
make all 
Building file: ../src/main.c
Invoking: ARM gcc compiler
arm-xilinx-eabi-gcc -Wall -O0 -g3 -c -fmessage-length=0 -MT"src/main.o" -I../../lab_8_bsp/ps7_cortexa9_0/include -MMD -MP -MF"src/main.d" -MT"src/main.d" -o "src/main.o" "../src/main.c"
Finished building: ../src/main.c
 
Building target: lab_8.elf
Invoking: ARM gcc linker
arm-xilinx-eabi-gcc -Wl,-T -Wl,../src/lscript.ld -L../../lab_8_bsp/ps7_cortexa9_0/lib -o "lab_8.elf"  ./src/timer/timer_pwm_cnf.o  ./src/khaOS/rtcs_cpu.o ./src/khaOS/schedule.o  ./src/main.o   -Wl,--start-group,-lxil,-lgcc,-lc,--end-group
Finished building target: lab_8.elf
 
Invoking: ARM Print Size
arm-xilinx-eabi-size lab_8.elf  |tee "lab_8.elf.size"
   text	   data	    bss	    dec	    hex	filename
  26920	   1216	  22724	  50860	   c6ac	lab_8.elf
Finished building: lab_8.elf.size
 
12:01:09 **** Auto Build of configuration Debug for project lab_8 ****
make all 
Building file: ../src/timer/timer_pwm_cnf.c
Invoking: ARM gcc compiler
arm-xilinx-eabi-gcc -Wall -O0 -g3 -c -fmessage-length=0 -MT"src/timer/timer_pwm_cnf.o" -I../../lab_8_bsp/ps7_cortexa9_0/include -MMD -MP -MF"src/timer/timer_pwm_cnf.d" -MT"src/timer/timer_pwm_cnf.d" -o "src/timer/timer_pwm_cnf.o" "../src/timer/timer_pwm_cnf.c"
Finished building: ../src/timer/timer_pwm_cnf.c
 
Building file: ../src/khaOS/schedule.c
Invoking: ARM gcc compiler
arm-xilinx-eabi-gcc -Wall -O0 -g3 -c -fmessage-length=0 -MT"src/khaOS/schedule.o" -I../../lab_8_bsp/ps7_cortexa9_0/include -MMD -MP -MF"src/khaOS/schedule.d" -MT"src/khaOS/schedule.d" -o "src/khaOS/schedule.o" "../src/khaOS/schedule.c"
../src/khaOS/schedule.c: In function 'start_rtcs_scheduler':
../src/khaOS/schedule.c:320:3: warning: implicit declaration of function 'Xil_In32' [-Wimplicit-function-declaration]
   if (Xil_In32(XSCUTIMER_0_INT_STATUS_REG) & 0x00000001)
   ^
../src/khaOS/schedule.c:323:4: warning: implicit declaration of function 'Xil_Out32' [-Wimplicit-function-declaration]
    Xil_Out32(XSCUTIMER_0_INT_STATUS_REG,0x00000001);
    ^
Finished building: ../src/khaOS/schedule.c
 
Building file: ../src/main.c
Invoking: ARM gcc compiler
arm-xilinx-eabi-gcc -Wall -O0 -g3 -c -fmessage-length=0 -MT"src/main.o" -I../../lab_8_bsp/ps7_cortexa9_0/include -MMD -MP -MF"src/main.d" -MT"src/main.d" -o "src/main.o" "../src/main.c"
Finished building: ../src/main.c
 
Building target: lab_8.elf
Invoking: ARM gcc linker
arm-xilinx-eabi-gcc -Wl,-T -Wl,../src/lscript.ld -L../../lab_8_bsp/ps7_cortexa9_0/lib -o "lab_8.elf"  ./src/timer/timer_pwm_cnf.o  ./src/khaOS/rtcs_cpu.o ./src/khaOS/schedule.o  ./src/main.o   -Wl,--start-group,-lxil,-lgcc,-lc,--end-group
Finished building target: lab_8.elf
 
Invoking: ARM Print Size
arm-xilinx-eabi-size lab_8.elf  |tee "lab_8.elf.size"
   text	   data	    bss	    dec	    hex	filename
  26920	   1216	  22724	  50860	   c6ac	lab_8.elf
Finished building: lab_8.elf.size
 
12:01:11 **** Auto Build of configuration Debug for project lab_8 ****
make all 
Building file: ../src/main.c
Invoking: ARM gcc compiler
arm-xilinx-eabi-gcc -Wall -O0 -g3 -c -fmessage-length=0 -MT"src/main.o" -I../../lab_8_bsp/ps7_cortexa9_0/include -MMD -MP -MF"src/main.d" -MT"src/main.d" -o "src/main.o" "../src/main.c"
../src/main.c: In function 'timer_interrupt_handler':
../src/main.c:95:2: error: 'enc_value' undeclared (first use in this function)
  enc_value = XGpio_DiscreteRead(&encoder_gpio, 1);
  ^
../src/main.c:95:2: note: each undeclared identifier is reported only once for each function it appears in
../src/main.c:102:7: error: 'state' undeclared (first use in this function)
    if(state == 1)
       ^
../src/main.c:104:5: error: 'val' undeclared (first use in this function)
     val--;
     ^
../src/main.c: In function 'IntcInitFunction':
../src/main.c:149:33: warning: passing argument 1 of 'XScuGic_CfgInitialize' from incompatible pointer type
  status = XScuGic_CfgInitialize(&timer, IntcConfig, IntcConfig->CpuBaseAddress);
                                 ^
In file included from ../src/main.c:28:0:
../../lab_8_bsp/ps7_cortexa9_0/include/xscugic.h:289:6: note: expected 'struct XScuGic *' but argument is of type 'struct XTmrCtr *'
 s32  XScuGic_CfgInitialize(XScuGic *InstancePtr, XScuGic_Config *ConfigPtr,
      ^
../src/main.c:153:32: warning: passing argument 1 of 'InterruptSystemSetup' from incompatible pointer type
  status = InterruptSystemSetup(&timer);
                                ^
../src/main.c:126:5: note: expected 'struct XScuGic *' but argument is of type 'struct XTmrCtr *'
 int InterruptSystemSetup(XScuGic *XScuGicInstancePtr)
     ^
../src/main.c:157:27: warning: passing argument 1 of 'XScuGic_Connect' from incompatible pointer type
  status = XScuGic_Connect(&timer,
src/subdir.mk:21: recipe for target 'src/main.o' failed
                           ^
In file included from ../src/main.c:28:0:
../../lab_8_bsp/ps7_cortexa9_0/include/xscugic.h:282:6: note: expected 'struct XScuGic *' but argument is of type 'struct XTmrCtr *'
 s32  XScuGic_Connect(XScuGic *InstancePtr, u32 Int_Id,
      ^
../src/main.c:165:27: warning: passing argument 1 of 'XScuGic_Connect' from incompatible pointer type
  status = XScuGic_Connect(&timer,
                           ^
In file included from ../src/main.c:28:0:
../../lab_8_bsp/ps7_cortexa9_0/include/xscugic.h:282:6: note: expected 'struct XScuGic *' but argument is of type 'struct XTmrCtr *'
 s32  XScuGic_Connect(XScuGic *InstancePtr, u32 Int_Id,
      ^
../src/main.c:176:17: warning: passing argument 1 of 'XScuGic_Enable' from incompatible pointer type
  XScuGic_Enable(&timer, ENCODER_INTERRUPT_ID);
                 ^
In file included from ../src/main.c:28:0:
../../lab_8_bsp/ps7_cortexa9_0/include/xscugic.h:286:6: note: expected 'struct XScuGic *' but argument is of type 'struct XTmrCtr *'
 void XScuGic_Enable(XScuGic *InstancePtr, u32 Int_Id);
      ^
../src/main.c:178:17: warning: passing argument 1 of 'XScuGic_Enable' from incompatible pointer type
  XScuGic_Enable(&timer, TIMER_INTERRUPT_ID);
                 ^
In file included from ../src/main.c:28:0:
../../lab_8_bsp/ps7_cortexa9_0/include/xscugic.h:286:6: note: expected 'struct XScuGic *' but argument is of type 'struct XTmrCtr *'
 void XScuGic_Enable(XScuGic *InstancePtr, u32 Int_Id);
      ^
../src/main.c: In function 'init_encoder_task':
../src/main.c:248:29: warning: passing argument 2 of 'XTmrCtr_SetHandler' from incompatible pointer type
  XTmrCtr_SetHandler(&timer, timer_interrupt_handler, &timer);
                             ^
In file included from ../src/main.c:27:0:
../../lab_8_bsp/ps7_cortexa9_0/include/xtmrctr.h:294:6: note: expected 'XTmrCtr_Handler' but argument is of type 'void (*)(void *)'
 void XTmrCtr_SetHandler(XTmrCtr * InstancePtr, XTmrCtr_Handler FuncPtr,
      ^
../src/main.c: In function 'encoder_task':
../src/main.c:262:7: error: 'val' undeclared (first use in this function)
  if(!(val == old_val))
       ^
../src/main.c:262:14: error: 'old_val' undeclared (first use in this function)
  if(!(val == old_val))
              ^
../src/main.c:266:7: error: 'pwm_val' undeclared (first use in this function)
    if(pwm_val < 1000)
       ^
../src/main.c: In function 'init_uart_rx_task':
../src/main.c:285:10: error: 'UART_RX_TASK' undeclared (first use in this function)
  _starts(UART_RX_TASK, MILLI_SEC(1));
          ^
../src/main.c: In function 'uart_rx_task':
../src/main.c:292:3: error: 'rx_buffer' undeclared (first use in this function)
   rx_buffer[rx_tail] = XUartPs_ReadReg(UART_BASEADDR, XUARTPS_FIFO_OFFSET);
   ^
../src/main.c:292:13: error: 'rx_tail' undeclared (first use in this function)
   rx_buffer[rx_tail] = XUartPs_ReadReg(UART_BASEADDR, XUARTPS_FIFO_OFFSET);
             ^
../src/main.c: In function 'init_uart_tx_task':
../src/main.c:303:10: error: 'UART_TX_TASK' undeclared (first use in this function)
  _starts(UART_TX_TASK,MILLI_SEC(250));
          ^
../src/main.c: In function 'uart_tx_task':
../src/main.c:313:5: error: 'rx_buffer' undeclared (first use in this function)
  if(rx_buffer[rx_tail-1] == 0xD)
     ^
../src/main.c:313:15: error: 'rx_tail' undeclared (first use in this function)
  if(rx_buffer[rx_tail-1] == 0xD)
               ^
../src/main.c:323:20: error: 'pwm_val' undeclared (first use in this function)
  int perc_tenths = pwm_val%10;
                    ^
make: *** [src/main.o] Error 1
12:01:32 **** Auto Build of configuration Debug for project lab_8 ****
make all 
Building file: ../src/main.c
Invoking: ARM gcc compiler
arm-xilinx-eabi-gcc -Wall -O0 -g3 -c -fmessage-length=0 -MT"src/main.o" -I../../lab_8_bsp/ps7_cortexa9_0/include -MMD -MP -MF"src/main.d" -MT"src/main.d" -o "src/main.o" "../src/main.c"
../src/main.c: In function 'IntcInitFunction':
../src/main.c:158:33: warning: passing argument 1 of 'XScuGic_CfgInitialize' from incompatible pointer type
  status = XScuGic_CfgInitialize(&timer, IntcConfig, IntcConfig->CpuBaseAddress);
                                 ^
In file included from ../src/main.c:28:0:
../../lab_8_bsp/ps7_cortexa9_0/include/xscugic.h:289:6: note: expected 'struct XScuGic *' but argument is of type 'struct XTmrCtr *'
 s32  XScuGic_CfgInitialize(XScuGic *InstancePtr, XScuGic_Config *ConfigPtr,
      ^
../src/main.c:162:32: warning: passing argument 1 of 'InterruptSystemSetup' from incompatible pointer type
  status = InterruptSystemSetup(&timer);
                                ^
../src/main.c:135:5: note: expected 'struct XScuGic *' but argument is of type 'struct XTmrCtr *'
 int InterruptSystemSetup(XScuGic *XScuGicInstancePtr)
     ^
../src/main.c:166:27: warning: passing argument 1 of 'XScuGic_Connect' from incompatible pointer type
  status = XScuGic_Connect(&timer,
                           ^
In file included from ../src/main.c:28:0:
../../lab_8_bsp/ps7_cortexa9_0/include/xscugic.h:282:6: note: expected 'struct XScuGic *' but argument is of type 'struct XTmrCtr *'
 s32  XScuGic_Connect(XScuGic *InstancePtr, u32 Int_Id,
      ^
../src/main.c:174:27: warning: passing argument 1 of 'XScuGic_Connect' from incompatible pointer type
src/subdir.mk:21: recipe for target 'src/main.o' failed
  status = XScuGic_Connect(&timer,
                           ^
In file included from ../src/main.c:28:0:
../../lab_8_bsp/ps7_cortexa9_0/include/xscugic.h:282:6: note: expected 'struct XScuGic *' but argument is of type 'struct XTmrCtr *'
 s32  XScuGic_Connect(XScuGic *InstancePtr, u32 Int_Id,
      ^
../src/main.c:185:17: warning: passing argument 1 of 'XScuGic_Enable' from incompatible pointer type
  XScuGic_Enable(&timer, ENCODER_INTERRUPT_ID);
                 ^
In file included from ../src/main.c:28:0:
../../lab_8_bsp/ps7_cortexa9_0/include/xscugic.h:286:6: note: expected 'struct XScuGic *' but argument is of type 'struct XTmrCtr *'
 void XScuGic_Enable(XScuGic *InstancePtr, u32 Int_Id);
      ^
../src/main.c:187:17: warning: passing argument 1 of 'XScuGic_Enable' from incompatible pointer type
  XScuGic_Enable(&timer, TIMER_INTERRUPT_ID);
                 ^
In file included from ../src/main.c:28:0:
../../lab_8_bsp/ps7_cortexa9_0/include/xscugic.h:286:6: note: expected 'struct XScuGic *' but argument is of type 'struct XTmrCtr *'
 void XScuGic_Enable(XScuGic *InstancePtr, u32 Int_Id);
      ^
../src/main.c: In function 'init_encoder_task':
../src/main.c:257:29: warning: passing argument 2 of 'XTmrCtr_SetHandler' from incompatible pointer type
  XTmrCtr_SetHandler(&timer, timer_interrupt_handler, &timer);
                             ^
In file included from ../src/main.c:27:0:
../../lab_8_bsp/ps7_cortexa9_0/include/xtmrctr.h:294:6: note: expected 'XTmrCtr_Handler' but argument is of type 'void (*)(void *)'
 void XTmrCtr_SetHandler(XTmrCtr * InstancePtr, XTmrCtr_Handler FuncPtr,
      ^
../src/main.c: In function 'init_uart_rx_task':
../src/main.c:294:10: error: 'UART_RX_TASK' undeclared (first use in this function)
  _starts(UART_RX_TASK, MILLI_SEC(1));
          ^
../src/main.c:294:10: note: each undeclared identifier is reported only once for each function it appears in
../src/main.c: In function 'init_uart_tx_task':
../src/main.c:312:10: error: 'UART_TX_TASK' undeclared (first use in this function)
  _starts(UART_TX_TASK,MILLI_SEC(250));
          ^
make: *** [src/main.o] Error 1
12:03:13 **** Auto Build of configuration Debug for project lab_8 ****
make all 
Building file: ../src/timer/timer_pwm_cnf.c
Invoking: ARM gcc compiler
arm-xilinx-eabi-gcc -Wall -O0 -g3 -c -fmessage-length=0 -MT"src/timer/timer_pwm_cnf.o" -I../../lab_8_bsp/ps7_cortexa9_0/include -MMD -MP -MF"src/timer/timer_pwm_cnf.d" -MT"src/timer/timer_pwm_cnf.d" -o "src/timer/timer_pwm_cnf.o" "../src/timer/timer_pwm_cnf.c"
Finished building: ../src/timer/timer_pwm_cnf.c
 
Building file: ../src/khaOS/schedule.c
Invoking: ARM gcc compiler
arm-xilinx-eabi-gcc -Wall -O0 -g3 -c -fmessage-length=0 -MT"src/khaOS/schedule.o" -I../../lab_8_bsp/ps7_cortexa9_0/include -MMD -MP -MF"src/khaOS/schedule.d" -MT"src/khaOS/schedule.d" -o "src/khaOS/schedule.o" "../src/khaOS/schedule.c"
../src/khaOS/schedule.c: In function 'start_rtcs_scheduler':
../src/khaOS/schedule.c:320:3: warning: implicit declaration of function 'Xil_In32' [-Wimplicit-function-declaration]
   if (Xil_In32(XSCUTIMER_0_INT_STATUS_REG) & 0x00000001)
   ^
../src/khaOS/schedule.c:323:4: warning: implicit declaration of function 'Xil_Out32' [-Wimplicit-function-declaration]
    Xil_Out32(XSCUTIMER_0_INT_STATUS_REG,0x00000001);
    ^
Finished building: ../src/khaOS/schedule.c
 
Building file: ../src/main.c
Invoking: ARM gcc compiler
arm-xilinx-eabi-gcc -Wall -O0 -g3 -c -fmessage-length=0 -MT"src/main.o" -I../../lab_8_bsp/ps7_cortexa9_0/include -MMD -MP -MF"src/main.d" -MT"src/main.d" -o "src/main.o" "../src/main.c"
../src/main.c: In function 'IntcInitFunction':
../src/main.c:158:33: warning: passing argument 1 of 'XScuGic_CfgInitialize' from incompatible pointer type
  status = XScuGic_CfgInitialize(&timer, IntcConfig, IntcConfig->CpuBaseAddress);
                                 ^
In file included from ../src/main.c:28:0:
../../lab_8_bsp/ps7_cortexa9_0/include/xscugic.h:289:6: note: expected 'struct XScuGic *' but argument is of type 'struct XTmrCtr *'
 s32  XScuGic_CfgInitialize(XScuGic *InstancePtr, XScuGic_Config *ConfigPtr,
      ^
../src/main.c:162:32: warning: passing argument 1 of 'InterruptSystemSetup' from incompatible pointer type
  status = InterruptSystemSetup(&timer);
                                ^
../src/main.c:135:5: note: expected 'struct XScuGic *' but argument is of type 'struct XTmrCtr *'
 int InterruptSystemSetup(XScuGic *XScuGicInstancePtr)
     ^
../src/main.c:166:27: warning: passing argument 1 of 'XScuGic_Connect' from incompatible pointer type
  status = XScuGic_Connect(&timer,
                           ^
In file included from ../src/main.c:28:0:
../../lab_8_bsp/ps7_cortexa9_0/include/xscugic.h:282:6: note: expected 'struct XScuGic *' but argument is of type 'struct XTmrCtr *'
 s32  XScuGic_Connect(XScuGic *InstancePtr, u32 Int_Id,
      ^
../src/main.c:174:27: warning: passing argument 1 of 'XScuGic_Connect' from incompatible pointer type
  status = XScuGic_Connect(&timer,
                           ^
In file included from ../src/main.c:28:0:
../../lab_8_bsp/ps7_cortexa9_0/include/xscugic.h:282:6: note: expected 'struct XScuGic *' but argument is of type 'struct XTmrCtr *'
 s32  XScuGic_Connect(XScuGic *InstancePtr, u32 Int_Id,
      ^
../src/main.c:185:17: warning: passing argument 1 of 'XScuGic_Enable' from incompatible pointer type
  XScuGic_Enable(&timer, ENCODER_INTERRUPT_ID);
                 ^
In file included from ../src/main.c:28:0:
../../lab_8_bsp/ps7_cortexa9_0/include/xscugic.h:286:6: note: expected 'struct XScuGic *' but argument is of type 'struct XTmrCtr *'
 void XScuGic_Enable(XScuGic *InstancePtr, u32 Int_Id);
      ^
../src/main.c:187:17: warning: passing argument 1 of 'XScuGic_Enable' from incompatible pointer type
  XScuGic_Enable(&timer, TIMER_INTERRUPT_ID);
                 ^
In file included from ../src/main.c:28:0:
../../lab_8_bsp/ps7_cortexa9_0/include/xscugic.h:286:6: note: expected 'struct XScuGic *' but argument is of type 'struct XTmrCtr *'
 void XScuGic_Enable(XScuGic *InstancePtr, u32 Int_Id);
      ^
../src/main.c: In function 'init_encoder_task':
../src/main.c:257:29: warning: passing argument 2 of 'XTmrCtr_SetHandler' from incompatible pointer type
  XTmrCtr_SetHandler(&timer, timer_interrupt_handler, &timer);
                             ^
In file included from ../src/main.c:27:0:
../../lab_8_bsp/ps7_cortexa9_0/include/xtmrctr.h:294:6: note: expected 'XTmrCtr_Handler' but argument is of type 'void (*)(void *)'
 void XTmrCtr_SetHandler(XTmrCtr * InstancePtr, XTmrCtr_Handler FuncPtr,
      ^
Finished building: ../src/main.c
 
Building target: lab_8.elf
Invoking: ARM gcc linker
arm-xilinx-eabi-gcc -Wl,-T -Wl,../src/lscript.ld -L../../lab_8_bsp/ps7_cortexa9_0/lib -o "lab_8.elf"  ./src/timer/timer_pwm_cnf.o  ./src/khaOS/rtcs_cpu.o ./src/khaOS/schedule.o  ./src/main.o   -Wl,--start-group,-lxil,-lgcc,-lc,--end-group
Finished building target: lab_8.elf
 
Invoking: ARM Print Size
arm-xilinx-eabi-size lab_8.elf  |tee "lab_8.elf.size"
   text	   data	    bss	    dec	    hex	filename
  35928	   2000	  22996	  60924	   edfc	lab_8.elf
Finished building: lab_8.elf.size
 
12:03:18 **** Auto Build of configuration Debug for project lab_8 ****
make all 
Building file: ../src/timer/timer_pwm_cnf.c
Invoking: ARM gcc compiler
arm-xilinx-eabi-gcc -Wall -O0 -g3 -c -fmessage-length=0 -MT"src/timer/timer_pwm_cnf.o" -I../../lab_8_bsp/ps7_cortexa9_0/include -MMD -MP -MF"src/timer/timer_pwm_cnf.d" -MT"src/timer/timer_pwm_cnf.d" -o "src/timer/timer_pwm_cnf.o" "../src/timer/timer_pwm_cnf.c"
Finished building: ../src/timer/timer_pwm_cnf.c
 
Building file: ../src/khaOS/schedule.c
Invoking: ARM gcc compiler
arm-xilinx-eabi-gcc -Wall -O0 -g3 -c -fmessage-length=0 -MT"src/khaOS/schedule.o" -I../../lab_8_bsp/ps7_cortexa9_0/include -MMD -MP -MF"src/khaOS/schedule.d" -MT"src/khaOS/schedule.d" -o "src/khaOS/schedule.o" "../src/khaOS/schedule.c"
../src/khaOS/schedule.c: In function 'start_rtcs_scheduler':
../src/khaOS/schedule.c:320:3: warning: implicit declaration of function 'Xil_In32' [-Wimplicit-function-declaration]
   if (Xil_In32(XSCUTIMER_0_INT_STATUS_REG) & 0x00000001)
   ^
../src/khaOS/schedule.c:323:4: warning: implicit declaration of function 'Xil_Out32' [-Wimplicit-function-declaration]
    Xil_Out32(XSCUTIMER_0_INT_STATUS_REG,0x00000001);
    ^
Finished building: ../src/khaOS/schedule.c
 
Building file: ../src/main.c
Invoking: ARM gcc compiler
arm-xilinx-eabi-gcc -Wall -O0 -g3 -c -fmessage-length=0 -MT"src/main.o" -I../../lab_8_bsp/ps7_cortexa9_0/include -MMD -MP -MF"src/main.d" -MT"src/main.d" -o "src/main.o" "../src/main.c"
../src/main.c: In function 'IntcInitFunction':
../src/main.c:158:33: warning: passing argument 1 of 'XScuGic_CfgInitialize' from incompatible pointer type
  status = XScuGic_CfgInitialize(&timer, IntcConfig, IntcConfig->CpuBaseAddress);
                                 ^
In file included from ../src/main.c:28:0:
../../lab_8_bsp/ps7_cortexa9_0/include/xscugic.h:289:6: note: expected 'struct XScuGic *' but argument is of type 'struct XTmrCtr *'
 s32  XScuGic_CfgInitialize(XScuGic *InstancePtr, XScuGic_Config *ConfigPtr,
      ^
../src/main.c:162:32: warning: passing argument 1 of 'InterruptSystemSetup' from incompatible pointer type
  status = InterruptSystemSetup(&timer);
                                ^
../src/main.c:135:5: note: expected 'struct XScuGic *' but argument is of type 'struct XTmrCtr *'
 int InterruptSystemSetup(XScuGic *XScuGicInstancePtr)
     ^
../src/main.c:166:27: warning: passing argument 1 of 'XScuGic_Connect' from incompatible pointer type
  status = XScuGic_Connect(&timer,
                           ^
In file included from ../src/main.c:28:0:
../../lab_8_bsp/ps7_cortexa9_0/include/xscugic.h:282:6: note: expected 'struct XScuGic *' but argument is of type 'struct XTmrCtr *'
 s32  XScuGic_Connect(XScuGic *InstancePtr, u32 Int_Id,
      ^
../src/main.c:174:27: warning: passing argument 1 of 'XScuGic_Connect' from incompatible pointer type
  status = XScuGic_Connect(&timer,
                           ^
In file included from ../src/main.c:28:0:
../../lab_8_bsp/ps7_cortexa9_0/include/xscugic.h:282:6: note: expected 'struct XScuGic *' but argument is of type 'struct XTmrCtr *'
 s32  XScuGic_Connect(XScuGic *InstancePtr, u32 Int_Id,
      ^
../src/main.c:185:17: warning: passing argument 1 of 'XScuGic_Enable' from incompatible pointer type
  XScuGic_Enable(&timer, ENCODER_INTERRUPT_ID);
                 ^
In file included from ../src/main.c:28:0:
../../lab_8_bsp/ps7_cortexa9_0/include/xscugic.h:286:6: note: expected 'struct XScuGic *' but argument is of type 'struct XTmrCtr *'
 void XScuGic_Enable(XScuGic *InstancePtr, u32 Int_Id);
      ^
../src/main.c:187:17: warning: passing argument 1 of 'XScuGic_Enable' from incompatible pointer type
  XScuGic_Enable(&timer, TIMER_INTERRUPT_ID);
                 ^
In file included from ../src/main.c:28:0:
../../lab_8_bsp/ps7_cortexa9_0/include/xscugic.h:286:6: note: expected 'struct XScuGic *' but argument is of type 'struct XTmrCtr *'
 void XScuGic_Enable(XScuGic *InstancePtr, u32 Int_Id);
      ^
../src/main.c: In function 'init_encoder_task':
../src/main.c:257:29: warning: passing argument 2 of 'XTmrCtr_SetHandler' from incompatible pointer type
  XTmrCtr_SetHandler(&timer, timer_interrupt_handler, &timer);
                             ^
In file included from ../src/main.c:27:0:
../../lab_8_bsp/ps7_cortexa9_0/include/xtmrctr.h:294:6: note: expected 'XTmrCtr_Handler' but argument is of type 'void (*)(void *)'
 void XTmrCtr_SetHandler(XTmrCtr * InstancePtr, XTmrCtr_Handler FuncPtr,
      ^
Finished building: ../src/main.c
 
Building target: lab_8.elf
Invoking: ARM gcc linker
arm-xilinx-eabi-gcc -Wl,-T -Wl,../src/lscript.ld -L../../lab_8_bsp/ps7_cortexa9_0/lib -o "lab_8.elf"  ./src/timer/timer_pwm_cnf.o  ./src/khaOS/rtcs_cpu.o ./src/khaOS/schedule.o  ./src/main.o   -Wl,--start-group,-lxil,-lgcc,-lc,--end-group
Finished building target: lab_8.elf
 
Invoking: ARM Print Size
arm-xilinx-eabi-size lab_8.elf  |tee "lab_8.elf.size"
   text	   data	    bss	    dec	    hex	filename
  35928	   2024	  23012	  60964	   ee24	lab_8.elf
Finished building: lab_8.elf.size
 
12:04:27 **** Incremental Build of configuration Debug for project lab_8 ****
make all 
make: Nothing to be done for 'all'.
12:04:53 **** Incremental Build of configuration Debug for project lab_8 ****
make all 
make: Nothing to be done for 'all'.
12:05:17 **** Incremental Build of configuration Debug for project lab_8 ****
make all 
make: Nothing to be done for 'all'.
12:05:51 **** Incremental Build of configuration Debug for project lab_8 ****
make all 
make: Nothing to be done for 'all'.
12:32:01 **** Incremental Build of configuration Debug for project lab_8 ****
make all 
make: Nothing to be done for 'all'.
12:35:15 **** Auto Build of configuration Debug for project lab_8 ****
make all 
Building file: ../src/main.c
Invoking: ARM gcc compiler
arm-xilinx-eabi-gcc -Wall -O0 -g3 -c -fmessage-length=0 -MT"src/main.o" -I../../lab_8_bsp/ps7_cortexa9_0/include -MMD -MP -MF"src/main.d" -MT"src/main.d" -o "src/main.o" "../src/main.c"
../src/main.c: In function 'IntcInitFunction':
../src/main.c:158:33: warning: passing argument 1 of 'XScuGic_CfgInitialize' from incompatible pointer type
  status = XScuGic_CfgInitialize(&timer, IntcConfig, IntcConfig->CpuBaseAddress);
                                 ^
In file included from ../src/main.c:28:0:
../../lab_8_bsp/ps7_cortexa9_0/include/xscugic.h:289:6: note: expected 'struct XScuGic *' but argument is of type 'struct XTmrCtr *'
 s32  XScuGic_CfgInitialize(XScuGic *InstancePtr, XScuGic_Config *ConfigPtr,
      ^
../src/main.c:162:32: warning: passing argument 1 of 'InterruptSystemSetup' from incompatible pointer type
  status = InterruptSystemSetup(&timer);
                                ^
../src/main.c:135:5: note: expected 'struct XScuGic *' but argument is of type 'struct XTmrCtr *'
 int InterruptSystemSetup(XScuGic *XScuGicInstancePtr)
     ^
../src/main.c:166:27: warning: passing argument 1 of 'XScuGic_Connect' from incompatible pointer type
  status = XScuGic_Connect(&timer,
                           ^
In file included from ../src/main.c:28:0:
../../lab_8_bsp/ps7_cortexa9_0/include/xscugic.h:282:6: note: expected 'struct XScuGic *' but argument is of type 'struct XTmrCtr *'
 s32  XScuGic_Connect(XScuGic *InstancePtr, u32 Int_Id,
      ^
../src/main.c:174:27: warning: passing argument 1 of 'XScuGic_Connect' from incompatible pointer type
  status = XScuGic_Connect(&timer,
                           ^
In file included from ../src/main.c:28:0:
../../lab_8_bsp/ps7_cortexa9_0/include/xscugic.h:282:6: note: expected 'struct XScuGic *' but argument is of type 'struct XTmrCtr *'
 s32  XScuGic_Connect(XScuGic *InstancePtr, u32 Int_Id,
      ^
../src/main.c:185:17: warning: passing argument 1 of 'XScuGic_Enable' from incompatible pointer type
  XScuGic_Enable(&timer, ENCODER_INTERRUPT_ID);
                 ^
In file included from ../src/main.c:28:0:
../../lab_8_bsp/ps7_cortexa9_0/include/xscugic.h:286:6: note: expected 'struct XScuGic *' but argument is of type 'struct XTmrCtr *'
 void XScuGic_Enable(XScuGic *InstancePtr, u32 Int_Id);
      ^
../src/main.c:187:17: warning: passing argument 1 of 'XScuGic_Enable' from incompatible pointer type
  XScuGic_Enable(&timer, TIMER_INTERRUPT_ID);
                 ^
In file included from ../src/main.c:28:0:
../../lab_8_bsp/ps7_cortexa9_0/include/xscugic.h:286:6: note: expected 'struct XScuGic *' but argument is of type 'struct XTmrCtr *'
 void XScuGic_Enable(XScuGic *InstancePtr, u32 Int_Id);
      ^
../src/main.c: In function 'init_encoder_task':
../src/main.c:260:29: warning: passing argument 2 of 'XTmrCtr_SetHandler' from incompatible pointer type
  XTmrCtr_SetHandler(&timer, timer_interrupt_handler, &timer);
                             ^
In file included from ../src/main.c:27:0:
../../lab_8_bsp/ps7_cortexa9_0/include/xtmrctr.h:294:6: note: expected 'XTmrCtr_Handler' but argument is of type 'void (*)(void *)'
 void XTmrCtr_SetHandler(XTmrCtr * InstancePtr, XTmrCtr_Handler FuncPtr,
      ^
Finished building: ../src/main.c
 
Building target: lab_8.elf
Invoking: ARM gcc linker
arm-xilinx-eabi-gcc -Wl,-T -Wl,../src/lscript.ld -L../../lab_8_bsp/ps7_cortexa9_0/lib -o "lab_8.elf"  ./src/timer/timer_pwm_cnf.o  ./src/khaOS/rtcs_cpu.o ./src/khaOS/schedule.o  ./src/main.o   -Wl,--start-group,-lxil,-lgcc,-lc,--end-group
Finished building target: lab_8.elf
 
Invoking: ARM Print Size
arm-xilinx-eabi-size lab_8.elf  |tee "lab_8.elf.size"
   text	   data	    bss	    dec	    hex	filename
  35928	   2024	  23012	  60964	   ee24	lab_8.elf
Finished building: lab_8.elf.size
 
12:35:21 **** Incremental Build of configuration Debug for project lab_8 ****
make all 
make: Nothing to be done for 'all'.
12:35:34 **** Auto Build of configuration Debug for project lab_8 ****
make all 
Building file: ../src/main.c
Invoking: ARM gcc compiler
arm-xilinx-eabi-gcc -Wall -O0 -g3 -c -fmessage-length=0 -MT"src/main.o" -I../../lab_8_bsp/ps7_cortexa9_0/include -MMD -MP -MF"src/main.d" -MT"src/main.d" -o "src/main.o" "../src/main.c"
../src/main.c: In function 'IntcInitFunction':
../src/main.c:158:33: warning: passing argument 1 of 'XScuGic_CfgInitialize' from incompatible pointer type
  status = XScuGic_CfgInitialize(&timer, IntcConfig, IntcConfig->CpuBaseAddress);
                                 ^
In file included from ../src/main.c:28:0:
../../lab_8_bsp/ps7_cortexa9_0/include/xscugic.h:289:6: note: expected 'struct XScuGic *' but argument is of type 'struct XTmrCtr *'
 s32  XScuGic_CfgInitialize(XScuGic *InstancePtr, XScuGic_Config *ConfigPtr,
      ^
../src/main.c:162:32: warning: passing argument 1 of 'InterruptSystemSetup' from incompatible pointer type
  status = InterruptSystemSetup(&timer);
                                ^
../src/main.c:135:5: note: expected 'struct XScuGic *' but argument is of type 'struct XTmrCtr *'
 int InterruptSystemSetup(XScuGic *XScuGicInstancePtr)
     ^
../src/main.c:166:27: warning: passing argument 1 of 'XScuGic_Connect' from incompatible pointer type
  status = XScuGic_Connect(&timer,
                           ^
In file included from ../src/main.c:28:0:
../../lab_8_bsp/ps7_cortexa9_0/include/xscugic.h:282:6: note: expected 'struct XScuGic *' but argument is of type 'struct XTmrCtr *'
 s32  XScuGic_Connect(XScuGic *InstancePtr, u32 Int_Id,
      ^
../src/main.c:174:27: warning: passing argument 1 of 'XScuGic_Connect' from incompatible pointer type
  status = XScuGic_Connect(&timer,
                           ^
In file included from ../src/main.c:28:0:
../../lab_8_bsp/ps7_cortexa9_0/include/xscugic.h:282:6: note: expected 'struct XScuGic *' but argument is of type 'struct XTmrCtr *'
 s32  XScuGic_Connect(XScuGic *InstancePtr, u32 Int_Id,
      ^
../src/main.c:185:17: warning: passing argument 1 of 'XScuGic_Enable' from incompatible pointer type
  XScuGic_Enable(&timer, ENCODER_INTERRUPT_ID);
                 ^
In file included from ../src/main.c:28:0:
../../lab_8_bsp/ps7_cortexa9_0/include/xscugic.h:286:6: note: expected 'struct XScuGic *' but argument is of type 'struct XTmrCtr *'
 void XScuGic_Enable(XScuGic *InstancePtr, u32 Int_Id);
      ^
../src/main.c:187:17: warning: passing argument 1 of 'XScuGic_Enable' from incompatible pointer type
  XScuGic_Enable(&timer, TIMER_INTERRUPT_ID);
                 ^
In file included from ../src/main.c:28:0:
../../lab_8_bsp/ps7_cortexa9_0/include/xscugic.h:286:6: note: expected 'struct XScuGic *' but argument is of type 'struct XTmrCtr *'
 void XScuGic_Enable(XScuGic *InstancePtr, u32 Int_Id);
      ^
../src/main.c: In function 'init_encoder_task':
../src/main.c:260:29: warning: passing argument 2 of 'XTmrCtr_SetHandler' from incompatible pointer type
  XTmrCtr_SetHandler(&timer, timer_interrupt_handler, &timer);
                             ^
In file included from ../src/main.c:27:0:
../../lab_8_bsp/ps7_cortexa9_0/include/xtmrctr.h:294:6: note: expected 'XTmrCtr_Handler' but argument is of type 'void (*)(void *)'
 void XTmrCtr_SetHandler(XTmrCtr * InstancePtr, XTmrCtr_Handler FuncPtr,
      ^
Finished building: ../src/main.c
 
Building target: lab_8.elf
Invoking: ARM gcc linker
arm-xilinx-eabi-gcc -Wl,-T -Wl,../src/lscript.ld -L../../lab_8_bsp/ps7_cortexa9_0/lib -o "lab_8.elf"  ./src/timer/timer_pwm_cnf.o  ./src/khaOS/rtcs_cpu.o ./src/khaOS/schedule.o  ./src/main.o   -Wl,--start-group,-lxil,-lgcc,-lc,--end-group
Finished building target: lab_8.elf
 
Invoking: ARM Print Size
arm-xilinx-eabi-size lab_8.elf  |tee "lab_8.elf.size"
   text	   data	    bss	    dec	    hex	filename
  35928	   2024	  23012	  60964	   ee24	lab_8.elf
Finished building: lab_8.elf.size
 
12:35:36 **** Incremental Build of configuration Debug for project lab_8 ****
make all 
make: Nothing to be done for 'all'.
12:35:52 **** Incremental Build of configuration Debug for project lab_8 ****
make all 
make: Nothing to be done for 'all'.
12:37:21 **** Incremental Build of configuration Debug for project lab_8 ****
make all 
make: Nothing to be done for 'all'.
12:37:43 **** Incremental Build of configuration Debug for project lab_8 ****
make all 
make: Nothing to be done for 'all'.
12:38:07 **** Auto Build of configuration Debug for project lab_8 ****
make all 
Building file: ../src/main.c
Invoking: ARM gcc compiler
arm-xilinx-eabi-gcc -Wall -O0 -g3 -c -fmessage-length=0 -MT"src/main.o" -I../../lab_8_bsp/ps7_cortexa9_0/include -MMD -MP -MF"src/main.d" -MT"src/main.d" -o "src/main.o" "../src/main.c"
../src/main.c: In function 'IntcInitFunction':
../src/main.c:158:33: warning: passing argument 1 of 'XScuGic_CfgInitialize' from incompatible pointer type
  status = XScuGic_CfgInitialize(&timer, IntcConfig, IntcConfig->CpuBaseAddress);
                                 ^
In file included from ../src/main.c:28:0:
../../lab_8_bsp/ps7_cortexa9_0/include/xscugic.h:289:6: note: expected 'struct XScuGic *' but argument is of type 'struct XTmrCtr *'
 s32  XScuGic_CfgInitialize(XScuGic *InstancePtr, XScuGic_Config *ConfigPtr,
      ^
../src/main.c:162:32: warning: passing argument 1 of 'InterruptSystemSetup' from incompatible pointer type
  status = InterruptSystemSetup(&timer);
                                ^
../src/main.c:135:5: note: expected 'struct XScuGic *' but argument is of type 'struct XTmrCtr *'
src/subdir.mk:21: recipe for target 'src/main.o' failed
 int InterruptSystemSetup(XScuGic *XScuGicInstancePtr)
     ^
../src/main.c:166:27: warning: passing argument 1 of 'XScuGic_Connect' from incompatible pointer type
  status = XScuGic_Connect(&timer,
                           ^
In file included from ../src/main.c:28:0:
../../lab_8_bsp/ps7_cortexa9_0/include/xscugic.h:282:6: note: expected 'struct XScuGic *' but argument is of type 'struct XTmrCtr *'
 s32  XScuGic_Connect(XScuGic *InstancePtr, u32 Int_Id,
      ^
../src/main.c:174:27: warning: passing argument 1 of 'XScuGic_Connect' from incompatible pointer type
  status = XScuGic_Connect(&timer,
                           ^
In file included from ../src/main.c:28:0:
../../lab_8_bsp/ps7_cortexa9_0/include/xscugic.h:282:6: note: expected 'struct XScuGic *' but argument is of type 'struct XTmrCtr *'
 s32  XScuGic_Connect(XScuGic *InstancePtr, u32 Int_Id,
      ^
../src/main.c:185:17: warning: passing argument 1 of 'XScuGic_Enable' from incompatible pointer type
  XScuGic_Enable(&timer, ENCODER_INTERRUPT_ID);
                 ^
In file included from ../src/main.c:28:0:
../../lab_8_bsp/ps7_cortexa9_0/include/xscugic.h:286:6: note: expected 'struct XScuGic *' but argument is of type 'struct XTmrCtr *'
 void XScuGic_Enable(XScuGic *InstancePtr, u32 Int_Id);
      ^
../src/main.c:187:17: warning: passing argument 1 of 'XScuGic_Enable' from incompatible pointer type
  XScuGic_Enable(&timer, TIMER_INTERRUPT_ID);
                 ^
In file included from ../src/main.c:28:0:
../../lab_8_bsp/ps7_cortexa9_0/include/xscugic.h:286:6: note: expected 'struct XScuGic *' but argument is of type 'struct XTmrCtr *'
 void XScuGic_Enable(XScuGic *InstancePtr, u32 Int_Id);
      ^
../src/main.c: In function 'pwm_task':
../src/main.c:243:13: error: invalid suffix "z" on integer constant
  u32 duty = 100z;
             ^
../src/main.c: In function 'init_encoder_task':
../src/main.c:258:29: warning: passing argument 2 of 'XTmrCtr_SetHandler' from incompatible pointer type
  XTmrCtr_SetHandler(&timer, timer_interrupt_handler, &timer);
                             ^
In file included from ../src/main.c:27:0:
../../lab_8_bsp/ps7_cortexa9_0/include/xtmrctr.h:294:6: note: expected 'XTmrCtr_Handler' but argument is of type 'void (*)(void *)'
 void XTmrCtr_SetHandler(XTmrCtr * InstancePtr, XTmrCtr_Handler FuncPtr,
      ^
make: *** [src/main.o] Error 1
12:38:24 **** Auto Build of configuration Debug for project lab_8 ****
make all 
Building file: ../src/main.c
Invoking: ARM gcc compiler
arm-xilinx-eabi-gcc -Wall -O0 -g3 -c -fmessage-length=0 -MT"src/main.o" -I../../lab_8_bsp/ps7_cortexa9_0/include -MMD -MP -MF"src/main.d" -MT"src/main.d" -o "src/main.o" "../src/main.c"
../src/main.c: In function 'IntcInitFunction':
../src/main.c:158:33: warning: passing argument 1 of 'XScuGic_CfgInitialize' from incompatible pointer type
  status = XScuGic_CfgInitialize(&timer, IntcConfig, IntcConfig->CpuBaseAddress);
                                 ^
In file included from ../src/main.c:28:0:
../../lab_8_bsp/ps7_cortexa9_0/include/xscugic.h:289:6: note: expected 'struct XScuGic *' but argument is of type 'struct XTmrCtr *'
 s32  XScuGic_CfgInitialize(XScuGic *InstancePtr, XScuGic_Config *ConfigPtr,
      ^
../src/main.c:162:32: warning: passing argument 1 of 'InterruptSystemSetup' from incompatible pointer type
  status = InterruptSystemSetup(&timer);
                                ^
../src/main.c:135:5: note: expected 'struct XScuGic *' but argument is of type 'struct XTmrCtr *'
 int InterruptSystemSetup(XScuGic *XScuGicInstancePtr)
     ^
../src/main.c:166:27: warning: passing argument 1 of 'XScuGic_Connect' from incompatible pointer type
  status = XScuGic_Connect(&timer,
                           ^
In file included from ../src/main.c:28:0:
../../lab_8_bsp/ps7_cortexa9_0/include/xscugic.h:282:6: note: expected 'struct XScuGic *' but argument is of type 'struct XTmrCtr *'
 s32  XScuGic_Connect(XScuGic *InstancePtr, u32 Int_Id,
src/subdir.mk:21: recipe for target 'src/main.o' failed
      ^
../src/main.c:174:27: warning: passing argument 1 of 'XScuGic_Connect' from incompatible pointer type
  status = XScuGic_Connect(&timer,
                           ^
In file included from ../src/main.c:28:0:
../../lab_8_bsp/ps7_cortexa9_0/include/xscugic.h:282:6: note: expected 'struct XScuGic *' but argument is of type 'struct XTmrCtr *'
 s32  XScuGic_Connect(XScuGic *InstancePtr, u32 Int_Id,
      ^
../src/main.c:185:17: warning: passing argument 1 of 'XScuGic_Enable' from incompatible pointer type
  XScuGic_Enable(&timer, ENCODER_INTERRUPT_ID);
                 ^
In file included from ../src/main.c:28:0:
../../lab_8_bsp/ps7_cortexa9_0/include/xscugic.h:286:6: note: expected 'struct XScuGic *' but argument is of type 'struct XTmrCtr *'
 void XScuGic_Enable(XScuGic *InstancePtr, u32 Int_Id);
      ^
../src/main.c:187:17: warning: passing argument 1 of 'XScuGic_Enable' from incompatible pointer type
  XScuGic_Enable(&timer, TIMER_INTERRUPT_ID);
                 ^
In file included from ../src/main.c:28:0:
../../lab_8_bsp/ps7_cortexa9_0/include/xscugic.h:286:6: note: expected 'struct XScuGic *' but argument is of type 'struct XTmrCtr *'
 void XScuGic_Enable(XScuGic *InstancePtr, u32 Int_Id);
      ^
../src/main.c: In function 'pwm_task':
../src/main.c:243:13: error: invalid suffix "z" on integer constant
  u32 duty = 100z;
             ^
../src/main.c: In function 'init_encoder_task':
../src/main.c:258:29: warning: passing argument 2 of 'XTmrCtr_SetHandler' from incompatible pointer type
  XTmrCtr_SetHandler(&timer, timer_interrupt_handler, &timer);
                             ^
In file included from ../src/main.c:27:0:
../../lab_8_bsp/ps7_cortexa9_0/include/xtmrctr.h:294:6: note: expected 'XTmrCtr_Handler' but argument is of type 'void (*)(void *)'
 void XTmrCtr_SetHandler(XTmrCtr * InstancePtr, XTmrCtr_Handler FuncPtr,
      ^
make: *** [src/main.o] Error 1
12:38:26 **** Incremental Build of configuration Debug for project lab_8 ****
make all 
Building file: ../src/main.c
Invoking: ARM gcc compiler
arm-xilinx-eabi-gcc -Wall -O0 -g3 -c -fmessage-length=0 -MT"src/main.o" -I../../lab_8_bsp/ps7_cortexa9_0/include -MMD -MP -MF"src/main.d" -MT"src/main.d" -o "src/main.o" "../src/main.c"
../src/main.c: In function 'IntcInitFunction':
../src/main.c:158:33: warning: passing argument 1 of 'XScuGic_CfgInitialize' from incompatible pointer type
  status = XScuGic_CfgInitialize(&timer, IntcConfig, IntcConfig->CpuBaseAddress);
                                 ^
In file included from ../src/main.c:28:0:
../../lab_8_bsp/ps7_cortexa9_0/include/xscugic.h:289:6: note: expected 'struct XScuGic *' but argument is of type 'struct XTmrCtr *'
 s32  XScuGic_CfgInitialize(XScuGic *InstancePtr, XScuGic_Config *ConfigPtr,
      ^
../src/main.c:162:32: warning: passing argument 1 of 'InterruptSystemSetup' from incompatible pointer type
  status = InterruptSystemSetup(&timer);
                                ^
../src/main.c:135:5: note: expected 'struct XScuGic *' but argument is of type 'struct XTmrCtr *'
 int InterruptSystemSetup(XScuGic *XScuGicInstancePtr)
     ^
../src/main.c:166:27: warning: passing argument 1 of 'XScuGic_Connect' from incompatible pointer type
  status = XScuGic_Connect(&timer,
                           ^
In file included from ../src/main.c:28:0:
../../lab_8_bsp/ps7_cortexa9_0/include/xscugic.h:282:6: note: expected 'struct XScuGic *' but argument is of type 'struct XTmrCtr *'
src/subdir.mk:21: recipe for target 'src/main.o' failed
 s32  XScuGic_Connect(XScuGic *InstancePtr, u32 Int_Id,
      ^
../src/main.c:174:27: warning: passing argument 1 of 'XScuGic_Connect' from incompatible pointer type
  status = XScuGic_Connect(&timer,
                           ^
In file included from ../src/main.c:28:0:
../../lab_8_bsp/ps7_cortexa9_0/include/xscugic.h:282:6: note: expected 'struct XScuGic *' but argument is of type 'struct XTmrCtr *'
 s32  XScuGic_Connect(XScuGic *InstancePtr, u32 Int_Id,
      ^
../src/main.c:185:17: warning: passing argument 1 of 'XScuGic_Enable' from incompatible pointer type
  XScuGic_Enable(&timer, ENCODER_INTERRUPT_ID);
                 ^
In file included from ../src/main.c:28:0:
../../lab_8_bsp/ps7_cortexa9_0/include/xscugic.h:286:6: note: expected 'struct XScuGic *' but argument is of type 'struct XTmrCtr *'
 void XScuGic_Enable(XScuGic *InstancePtr, u32 Int_Id);
      ^
../src/main.c:187:17: warning: passing argument 1 of 'XScuGic_Enable' from incompatible pointer type
  XScuGic_Enable(&timer, TIMER_INTERRUPT_ID);
                 ^
In file included from ../src/main.c:28:0:
../../lab_8_bsp/ps7_cortexa9_0/include/xscugic.h:286:6: note: expected 'struct XScuGic *' but argument is of type 'struct XTmrCtr *'
 void XScuGic_Enable(XScuGic *InstancePtr, u32 Int_Id);
      ^
../src/main.c: In function 'pwm_task':
../src/main.c:243:13: error: invalid suffix "z" on integer constant
  u32 duty = 100z;
             ^
../src/main.c: In function 'init_encoder_task':
../src/main.c:258:29: warning: passing argument 2 of 'XTmrCtr_SetHandler' from incompatible pointer type
  XTmrCtr_SetHandler(&timer, timer_interrupt_handler, &timer);
                             ^
In file included from ../src/main.c:27:0:
../../lab_8_bsp/ps7_cortexa9_0/include/xtmrctr.h:294:6: note: expected 'XTmrCtr_Handler' but argument is of type 'void (*)(void *)'
 void XTmrCtr_SetHandler(XTmrCtr * InstancePtr, XTmrCtr_Handler FuncPtr,
      ^
make: *** [src/main.o] Error 1
12:38:39 **** Auto Build of configuration Debug for project lab_8 ****
make all 
Building file: ../src/main.c
Invoking: ARM gcc compiler
arm-xilinx-eabi-gcc -Wall -O0 -g3 -c -fmessage-length=0 -MT"src/main.o" -I../../lab_8_bsp/ps7_cortexa9_0/include -MMD -MP -MF"src/main.d" -MT"src/main.d" -o "src/main.o" "../src/main.c"
../src/main.c: In function 'IntcInitFunction':
../src/main.c:158:33: warning: passing argument 1 of 'XScuGic_CfgInitialize' from incompatible pointer type
  status = XScuGic_CfgInitialize(&timer, IntcConfig, IntcConfig->CpuBaseAddress);
                                 ^
In file included from ../src/main.c:28:0:
../../lab_8_bsp/ps7_cortexa9_0/include/xscugic.h:289:6: note: expected 'struct XScuGic *' but argument is of type 'struct XTmrCtr *'
 s32  XScuGic_CfgInitialize(XScuGic *InstancePtr, XScuGic_Config *ConfigPtr,
      ^
../src/main.c:162:32: warning: passing argument 1 of 'InterruptSystemSetup' from incompatible pointer type
  status = InterruptSystemSetup(&timer);
                                ^
../src/main.c:135:5: note: expected 'struct XScuGic *' but argument is of type 'struct XTmrCtr *'
 int InterruptSystemSetup(XScuGic *XScuGicInstancePtr)
     ^
../src/main.c:166:27: warning: passing argument 1 of 'XScuGic_Connect' from incompatible pointer type
  status = XScuGic_Connect(&timer,
                           ^
In file included from ../src/main.c:28:0:
../../lab_8_bsp/ps7_cortexa9_0/include/xscugic.h:282:6: note: expected 'struct XScuGic *' but argument is of type 'struct XTmrCtr *'
 s32  XScuGic_Connect(XScuGic *InstancePtr, u32 Int_Id,
      ^
../src/main.c:174:27: warning: passing argument 1 of 'XScuGic_Connect' from incompatible pointer type
  status = XScuGic_Connect(&timer,
                           ^
In file included from ../src/main.c:28:0:
../../lab_8_bsp/ps7_cortexa9_0/include/xscugic.h:282:6: note: expected 'struct XScuGic *' but argument is of type 'struct XTmrCtr *'
 s32  XScuGic_Connect(XScuGic *InstancePtr, u32 Int_Id,
      ^
../src/main.c:185:17: warning: passing argument 1 of 'XScuGic_Enable' from incompatible pointer type
  XScuGic_Enable(&timer, ENCODER_INTERRUPT_ID);
                 ^
In file included from ../src/main.c:28:0:
../../lab_8_bsp/ps7_cortexa9_0/include/xscugic.h:286:6: note: expected 'struct XScuGic *' but argument is of type 'struct XTmrCtr *'
 void XScuGic_Enable(XScuGic *InstancePtr, u32 Int_Id);
      ^
../src/main.c:187:17: warning: passing argument 1 of 'XScuGic_Enable' from incompatible pointer type
  XScuGic_Enable(&timer, TIMER_INTERRUPT_ID);
                 ^
In file included from ../src/main.c:28:0:
../../lab_8_bsp/ps7_cortexa9_0/include/xscugic.h:286:6: note: expected 'struct XScuGic *' but argument is of type 'struct XTmrCtr *'
 void XScuGic_Enable(XScuGic *InstancePtr, u32 Int_Id);
      ^
../src/main.c: In function 'init_encoder_task':
../src/main.c:258:29: warning: passing argument 2 of 'XTmrCtr_SetHandler' from incompatible pointer type
  XTmrCtr_SetHandler(&timer, timer_interrupt_handler, &timer);
                             ^
In file included from ../src/main.c:27:0:
../../lab_8_bsp/ps7_cortexa9_0/include/xtmrctr.h:294:6: note: expected 'XTmrCtr_Handler' but argument is of type 'void (*)(void *)'
 void XTmrCtr_SetHandler(XTmrCtr * InstancePtr, XTmrCtr_Handler FuncPtr,
      ^
Finished building: ../src/main.c
 
Building target: lab_8.elf
Invoking: ARM gcc linker
arm-xilinx-eabi-gcc -Wl,-T -Wl,../src/lscript.ld -L../../lab_8_bsp/ps7_cortexa9_0/lib -o "lab_8.elf"  ./src/timer/timer_pwm_cnf.o  ./src/khaOS/rtcs_cpu.o ./src/khaOS/schedule.o  ./src/main.o   -Wl,--start-group,-lxil,-lgcc,-lc,--end-group
Finished building target: lab_8.elf
 
Invoking: ARM Print Size
arm-xilinx-eabi-size lab_8.elf  |tee "lab_8.elf.size"
   text	   data	    bss	    dec	    hex	filename
  35928	   2024	  23012	  60964	   ee24	lab_8.elf
Finished building: lab_8.elf.size
 
12:38:40 **** Incremental Build of configuration Debug for project lab_8 ****
make all 
make: Nothing to be done for 'all'.
12:43:42 **** Auto Build of configuration Debug for project lab_8 ****
make all 
Building file: ../src/main.c
Invoking: ARM gcc compiler
arm-xilinx-eabi-gcc -Wall -O0 -g3 -c -fmessage-length=0 -MT"src/main.o" -I../../lab_8_bsp/ps7_cortexa9_0/include -MMD -MP -MF"src/main.d" -MT"src/main.d" -o "src/main.o" "../src/main.c"
../src/main.c: In function 'IntcInitFunction':
../src/main.c:183:33: warning: passing argument 1 of 'XScuGic_CfgInitialize' from incompatible pointer type
  status = XScuGic_CfgInitialize(&timer, IntcConfig, IntcConfig->CpuBaseAddress);
                                 ^
In file included from ../src/main.c:28:0:
../../lab_8_bsp/ps7_cortexa9_0/include/xscugic.h:289:6: note: expected 'struct XScuGic *' but argument is of type 'struct XTmrCtr *'
 s32  XScuGic_CfgInitialize(XScuGic *InstancePtr, XScuGic_Config *ConfigPtr,
      ^
../src/main.c:187:32: warning: passing argument 1 of 'InterruptSystemSetup' from incompatible pointer type
  status = InterruptSystemSetup(&timer);
                                ^
../src/main.c:160:5: note: expected 'struct XScuGic *' but argument is of type 'struct XTmrCtr *'
 int InterruptSystemSetup(XScuGic *XScuGicInstancePtr)
     ^
../src/main.c:191:27: warning: passing argument 1 of 'XScuGic_Connect' from incompatible pointer type
  status = XScuGic_Connect(&timer,
                           ^
In file included from ../src/main.c:28:0:
../../lab_8_bsp/ps7_cortexa9_0/include/xscugic.h:282:6: note: expected 'struct XScuGic *' but argument is of type 'struct XTmrCtr *'
 s32  XScuGic_Connect(XScuGic *InstancePtr, u32 Int_Id,
      ^
../src/main.c:199:27: warning: passing argument 1 of 'XScuGic_Connect' from incompatible pointer type
  status = XScuGic_Connect(&timer,
                           ^
In file included from ../src/main.c:28:0:
../../lab_8_bsp/ps7_cortexa9_0/include/xscugic.h:282:6: note: expected 'struct XScuGic *' but argument is of type 'struct XTmrCtr *'
 s32  XScuGic_Connect(XScuGic *InstancePtr, u32 Int_Id,
      ^
../src/main.c:210:17: warning: passing argument 1 of 'XScuGic_Enable' from incompatible pointer type
  XScuGic_Enable(&timer, ENCODER_INTERRUPT_ID);
                 ^
In file included from ../src/main.c:28:0:
../../lab_8_bsp/ps7_cortexa9_0/include/xscugic.h:286:6: note: expected 'struct XScuGic *' but argument is of type 'struct XTmrCtr *'
 void XScuGic_Enable(XScuGic *InstancePtr, u32 Int_Id);
      ^
../src/main.c:212:17: warning: passing argument 1 of 'XScuGic_Enable' from incompatible pointer type
  XScuGic_Enable(&timer, TIMER_INTERRUPT_ID);
                 ^
In file included from ../src/main.c:28:0:
../../lab_8_bsp/ps7_cortexa9_0/include/xscugic.h:286:6: note: expected 'struct XScuGic *' but argument is of type 'struct XTmrCtr *'
 void XScuGic_Enable(XScuGic *InstancePtr, u32 Int_Id);
      ^
../src/main.c: In function 'init_encoder_task':
../src/main.c:283:29: warning: passing argument 2 of 'XTmrCtr_SetHandler' from incompatible pointer type
  XTmrCtr_SetHandler(&timer, timer_interrupt_handler, &timer);
                             ^
In file included from ../src/main.c:27:0:
../../lab_8_bsp/ps7_cortexa9_0/include/xtmrctr.h:294:6: note: expected 'XTmrCtr_Handler' but argument is of type 'void (*)(void *)'
 void XTmrCtr_SetHandler(XTmrCtr * InstancePtr, XTmrCtr_Handler FuncPtr,
      ^
Finished building: ../src/main.c
 
Building target: lab_8.elf
Invoking: ARM gcc linker
arm-xilinx-eabi-gcc -Wl,-T -Wl,../src/lscript.ld -L../../lab_8_bsp/ps7_cortexa9_0/lib -o "lab_8.elf"  ./src/timer/timer_pwm_cnf.o  ./src/khaOS/rtcs_cpu.o ./src/khaOS/schedule.o  ./src/main.o   -Wl,--start-group,-lxil,-lgcc,-lc,--end-group
Finished building target: lab_8.elf
 
Invoking: ARM Print Size
arm-xilinx-eabi-size lab_8.elf  |tee "lab_8.elf.size"
   text	   data	    bss	    dec	    hex	filename
  36120	   2032	  23012	  61164	   eeec	lab_8.elf
Finished building: lab_8.elf.size
 
12:43:47 **** Incremental Build of configuration Debug for project lab_8 ****
make all 
make: Nothing to be done for 'all'.
12:44:23 **** Incremental Build of configuration Debug for project lab_8 ****
make all 
make: Nothing to be done for 'all'.
12:45:01 **** Auto Build of configuration Debug for project lab_8 ****
make all 
Building file: ../src/main.c
Invoking: ARM gcc compiler
arm-xilinx-eabi-gcc -Wall -O0 -g3 -c -fmessage-length=0 -MT"src/main.o" -I../../lab_8_bsp/ps7_cortexa9_0/include -MMD -MP -MF"src/main.d" -MT"src/main.d" -o "src/main.o" "../src/main.c"
../src/main.c: In function 'IntcInitFunction':
../src/main.c:185:33: warning: passing argument 1 of 'XScuGic_CfgInitialize' from incompatible pointer type
  status = XScuGic_CfgInitialize(&timer, IntcConfig, IntcConfig->CpuBaseAddress);
                                 ^
In file included from ../src/main.c:28:0:
../../lab_8_bsp/ps7_cortexa9_0/include/xscugic.h:289:6: note: expected 'struct XScuGic *' but argument is of type 'struct XTmrCtr *'
 s32  XScuGic_CfgInitialize(XScuGic *InstancePtr, XScuGic_Config *ConfigPtr,
      ^
../src/main.c:189:32: warning: passing argument 1 of 'InterruptSystemSetup' from incompatible pointer type
  status = InterruptSystemSetup(&timer);
                                ^
../src/main.c:162:5: note: expected 'struct XScuGic *' but argument is of type 'struct XTmrCtr *'
 int InterruptSystemSetup(XScuGic *XScuGicInstancePtr)
     ^
../src/main.c:193:27: warning: passing argument 1 of 'XScuGic_Connect' from incompatible pointer type
  status = XScuGic_Connect(&timer,
                           ^
In file included from ../src/main.c:28:0:
../../lab_8_bsp/ps7_cortexa9_0/include/xscugic.h:282:6: note: expected 'struct XScuGic *' but argument is of type 'struct XTmrCtr *'
 s32  XScuGic_Connect(XScuGic *InstancePtr, u32 Int_Id,
      ^
../src/main.c:201:27: warning: passing argument 1 of 'XScuGic_Connect' from incompatible pointer type
  status = XScuGic_Connect(&timer,
                           ^
In file included from ../src/main.c:28:0:
../../lab_8_bsp/ps7_cortexa9_0/include/xscugic.h:282:6: note: expected 'struct XScuGic *' but argument is of type 'struct XTmrCtr *'
 s32  XScuGic_Connect(XScuGic *InstancePtr, u32 Int_Id,
      ^
../src/main.c:212:17: warning: passing argument 1 of 'XScuGic_Enable' from incompatible pointer type
  XScuGic_Enable(&timer, ENCODER_INTERRUPT_ID);
                 ^
In file included from ../src/main.c:28:0:
../../lab_8_bsp/ps7_cortexa9_0/include/xscugic.h:286:6: note: expected 'struct XScuGic *' but argument is of type 'struct XTmrCtr *'
 void XScuGic_Enable(XScuGic *InstancePtr, u32 Int_Id);
      ^
../src/main.c:214:17: warning: passing argument 1 of 'XScuGic_Enable' from incompatible pointer type
  XScuGic_Enable(&timer, TIMER_INTERRUPT_ID);
                 ^
In file included from ../src/main.c:28:0:
../../lab_8_bsp/ps7_cortexa9_0/include/xscugic.h:286:6: note: expected 'struct XScuGic *' but argument is of type 'struct XTmrCtr *'
 void XScuGic_Enable(XScuGic *InstancePtr, u32 Int_Id);
      ^
../src/main.c: In function 'init_encoder_task':
../src/main.c:285:29: warning: passing argument 2 of 'XTmrCtr_SetHandler' from incompatible pointer type
  XTmrCtr_SetHandler(&timer, timer_interrupt_handler, &timer);
                             ^
In file included from ../src/main.c:27:0:
../../lab_8_bsp/ps7_cortexa9_0/include/xtmrctr.h:294:6: note: expected 'XTmrCtr_Handler' but argument is of type 'void (*)(void *)'
 void XTmrCtr_SetHandler(XTmrCtr * InstancePtr, XTmrCtr_Handler FuncPtr,
      ^
Finished building: ../src/main.c
 
Building target: lab_8.elf
Invoking: ARM gcc linker
arm-xilinx-eabi-gcc -Wl,-T -Wl,../src/lscript.ld -L../../lab_8_bsp/ps7_cortexa9_0/lib -o "lab_8.elf"  ./src/timer/timer_pwm_cnf.o  ./src/khaOS/rtcs_cpu.o ./src/khaOS/schedule.o  ./src/main.o   -Wl,--start-group,-lxil,-lgcc,-lc,--end-group
Finished building target: lab_8.elf
 
Invoking: ARM Print Size
arm-xilinx-eabi-size lab_8.elf  |tee "lab_8.elf.size"
   text	   data	    bss	    dec	    hex	filename
  36184	   2032	  23012	  61228	   ef2c	lab_8.elf
Finished building: lab_8.elf.size
 
12:45:05 **** Incremental Build of configuration Debug for project lab_8 ****
make all 
make: Nothing to be done for 'all'.
12:52:07 **** Incremental Build of configuration Debug for project lab_8 ****
make all 
make: Nothing to be done for 'all'.
12:52:47 **** Auto Build of configuration Debug for project lab_8 ****
make all 
Building file: ../src/main.c
Invoking: ARM gcc compiler
arm-xilinx-eabi-gcc -Wall -O0 -g3 -c -fmessage-length=0 -MT"src/main.o" -I../../lab_8_bsp/ps7_cortexa9_0/include -MMD -MP -MF"src/main.d" -MT"src/main.d" -o "src/main.o" "../src/main.c"
../src/main.c: In function 'IntcInitFunction':
../src/main.c:185:33: warning: passing argument 1 of 'XScuGic_CfgInitialize' from incompatible pointer type
  status = XScuGic_CfgInitialize(&timer, IntcConfig, IntcConfig->CpuBaseAddress);
                                 ^
In file included from ../src/main.c:28:0:
../../lab_8_bsp/ps7_cortexa9_0/include/xscugic.h:289:6: note: expected 'struct XScuGic *' but argument is of type 'struct XTmrCtr *'
 s32  XScuGic_CfgInitialize(XScuGic *InstancePtr, XScuGic_Config *ConfigPtr,
      ^
../src/main.c:189:32: warning: passing argument 1 of 'InterruptSystemSetup' from incompatible pointer type
  status = InterruptSystemSetup(&timer);
                                ^
../src/main.c:162:5: note: expected 'struct XScuGic *' but argument is of type 'struct XTmrCtr *'
 int InterruptSystemSetup(XScuGic *XScuGicInstancePtr)
     ^
../src/main.c:193:27: warning: passing argument 1 of 'XScuGic_Connect' from incompatible pointer type
  status = XScuGic_Connect(&timer,
                           ^
In file included from ../src/main.c:28:0:
../../lab_8_bsp/ps7_cortexa9_0/include/xscugic.h:282:6: note: expected 'struct XScuGic *' but argument is of type 'struct XTmrCtr *'
 s32  XScuGic_Connect(XScuGic *InstancePtr, u32 Int_Id,
      ^
../src/main.c:201:27: warning: passing argument 1 of 'XScuGic_Connect' from incompatible pointer type
  status = XScuGic_Connect(&timer,
                           ^
In file included from ../src/main.c:28:0:
../../lab_8_bsp/ps7_cortexa9_0/include/xscugic.h:282:6: note: expected 'struct XScuGic *' but argument is of type 'struct XTmrCtr *'
 s32  XScuGic_Connect(XScuGic *InstancePtr, u32 Int_Id,
      ^
../src/main.c:212:17: warning: passing argument 1 of 'XScuGic_Enable' from incompatible pointer type
  XScuGic_Enable(&timer, ENCODER_INTERRUPT_ID);
                 ^
In file included from ../src/main.c:28:0:
../../lab_8_bsp/ps7_cortexa9_0/include/xscugic.h:286:6: note: expected 'struct XScuGic *' but argument is of type 'struct XTmrCtr *'
 void XScuGic_Enable(XScuGic *InstancePtr, u32 Int_Id);
      ^
../src/main.c:214:17: warning: passing argument 1 of 'XScuGic_Enable' from incompatible pointer type
  XScuGic_Enable(&timer, TIMER_INTERRUPT_ID);
                 ^
In file included from ../src/main.c:28:0:
../../lab_8_bsp/ps7_cortexa9_0/include/xscugic.h:286:6: note: expected 'struct XScuGic *' but argument is of type 'struct XTmrCtr *'
 void XScuGic_Enable(XScuGic *InstancePtr, u32 Int_Id);
      ^
../src/main.c: In function 'init_encoder_task':
../src/main.c:285:29: warning: passing argument 2 of 'XTmrCtr_SetHandler' from incompatible pointer type
  XTmrCtr_SetHandler(&timer, timer_interrupt_handler, &timer);
                             ^
In file included from ../src/main.c:27:0:
../../lab_8_bsp/ps7_cortexa9_0/include/xtmrctr.h:294:6: note: expected 'XTmrCtr_Handler' but argument is of type 'void (*)(void *)'
 void XTmrCtr_SetHandler(XTmrCtr * InstancePtr, XTmrCtr_Handler FuncPtr,
      ^
In file included from ../src/main.c:23:0:
../src/main.c: In function 'uart_tx_task':
../src/khaOS/rtcs.h:30:28: warning: large integer implicitly truncated to unsigned type [-Woverflow]
 #define MILLI_SEC(X)       (X*100UL)/T_TICK   //Millisec tick
                            ^
../src/main.c:363:8: note: in expansion of macro 'MILLI_SEC'
  _wait(MILLI_SEC(1000));
        ^
Finished building: ../src/main.c
 
Building target: lab_8.elf
Invoking: ARM gcc linker
arm-xilinx-eabi-gcc -Wl,-T -Wl,../src/lscript.ld -L../../lab_8_bsp/ps7_cortexa9_0/lib -o "lab_8.elf"  ./src/timer/timer_pwm_cnf.o  ./src/khaOS/rtcs_cpu.o ./src/khaOS/schedule.o  ./src/main.o   -Wl,--start-group,-lxil,-lgcc,-lc,--end-group
Finished building target: lab_8.elf
 
Invoking: ARM Print Size
arm-xilinx-eabi-size lab_8.elf  |tee "lab_8.elf.size"
   text	   data	    bss	    dec	    hex	filename
  36184	   2032	  23012	  61228	   ef2c	lab_8.elf
Finished building: lab_8.elf.size
 
12:52:49 **** Incremental Build of configuration Debug for project lab_8 ****
make all 
make: Nothing to be done for 'all'.
12:53:02 **** Auto Build of configuration Debug for project lab_8 ****
make all 
Building file: ../src/main.c
Invoking: ARM gcc compiler
arm-xilinx-eabi-gcc -Wall -O0 -g3 -c -fmessage-length=0 -MT"src/main.o" -I../../lab_8_bsp/ps7_cortexa9_0/include -MMD -MP -MF"src/main.d" -MT"src/main.d" -o "src/main.o" "../src/main.c"
../src/main.c: In function 'IntcInitFunction':
../src/main.c:185:33: warning: passing argument 1 of 'XScuGic_CfgInitialize' from incompatible pointer type
  status = XScuGic_CfgInitialize(&timer, IntcConfig, IntcConfig->CpuBaseAddress);
                                 ^
In file included from ../src/main.c:28:0:
../../lab_8_bsp/ps7_cortexa9_0/include/xscugic.h:289:6: note: expected 'struct XScuGic *' but argument is of type 'struct XTmrCtr *'
 s32  XScuGic_CfgInitialize(XScuGic *InstancePtr, XScuGic_Config *ConfigPtr,
      ^
../src/main.c:189:32: warning: passing argument 1 of 'InterruptSystemSetup' from incompatible pointer type
  status = InterruptSystemSetup(&timer);
                                ^
../src/main.c:162:5: note: expected 'struct XScuGic *' but argument is of type 'struct XTmrCtr *'
 int InterruptSystemSetup(XScuGic *XScuGicInstancePtr)
     ^
../src/main.c:193:27: warning: passing argument 1 of 'XScuGic_Connect' from incompatible pointer type
  status = XScuGic_Connect(&timer,
                           ^
In file included from ../src/main.c:28:0:
../../lab_8_bsp/ps7_cortexa9_0/include/xscugic.h:282:6: note: expected 'struct XScuGic *' but argument is of type 'struct XTmrCtr *'
 s32  XScuGic_Connect(XScuGic *InstancePtr, u32 Int_Id,
      ^
../src/main.c:201:27: warning: passing argument 1 of 'XScuGic_Connect' from incompatible pointer type
  status = XScuGic_Connect(&timer,
                           ^
In file included from ../src/main.c:28:0:
../../lab_8_bsp/ps7_cortexa9_0/include/xscugic.h:282:6: note: expected 'struct XScuGic *' but argument is of type 'struct XTmrCtr *'
 s32  XScuGic_Connect(XScuGic *InstancePtr, u32 Int_Id,
      ^
../src/main.c:212:17: warning: passing argument 1 of 'XScuGic_Enable' from incompatible pointer type
  XScuGic_Enable(&timer, ENCODER_INTERRUPT_ID);
                 ^
In file included from ../src/main.c:28:0:
../../lab_8_bsp/ps7_cortexa9_0/include/xscugic.h:286:6: note: expected 'struct XScuGic *' but argument is of type 'struct XTmrCtr *'
 void XScuGic_Enable(XScuGic *InstancePtr, u32 Int_Id);
      ^
../src/main.c:214:17: warning: passing argument 1 of 'XScuGic_Enable' from incompatible pointer type
  XScuGic_Enable(&timer, TIMER_INTERRUPT_ID);
                 ^
In file included from ../src/main.c:28:0:
../../lab_8_bsp/ps7_cortexa9_0/include/xscugic.h:286:6: note: expected 'struct XScuGic *' but argument is of type 'struct XTmrCtr *'
 void XScuGic_Enable(XScuGic *InstancePtr, u32 Int_Id);
      ^
../src/main.c: In function 'init_encoder_task':
../src/main.c:285:29: warning: passing argument 2 of 'XTmrCtr_SetHandler' from incompatible pointer type
  XTmrCtr_SetHandler(&timer, timer_interrupt_handler, &timer);
                             ^
In file included from ../src/main.c:27:0:
../../lab_8_bsp/ps7_cortexa9_0/include/xtmrctr.h:294:6: note: expected 'XTmrCtr_Handler' but argument is of type 'void (*)(void *)'
 void XTmrCtr_SetHandler(XTmrCtr * InstancePtr, XTmrCtr_Handler FuncPtr,
      ^
Finished building: ../src/main.c
 
Building target: lab_8.elf
Invoking: ARM gcc linker
arm-xilinx-eabi-gcc -Wl,-T -Wl,../src/lscript.ld -L../../lab_8_bsp/ps7_cortexa9_0/lib -o "lab_8.elf"  ./src/timer/timer_pwm_cnf.o  ./src/khaOS/rtcs_cpu.o ./src/khaOS/schedule.o  ./src/main.o   -Wl,--start-group,-lxil,-lgcc,-lc,--end-group
Finished building target: lab_8.elf
 
Invoking: ARM Print Size
arm-xilinx-eabi-size lab_8.elf  |tee "lab_8.elf.size"
   text	   data	    bss	    dec	    hex	filename
  36184	   2032	  23012	  61228	   ef2c	lab_8.elf
Finished building: lab_8.elf.size
 
12:53:34 **** Auto Build of configuration Debug for project lab_8 ****
make all 
Building file: ../src/main.c
Invoking: ARM gcc compiler
arm-xilinx-eabi-gcc -Wall -O0 -g3 -c -fmessage-length=0 -MT"src/main.o" -I../../lab_8_bsp/ps7_cortexa9_0/include -MMD -MP -MF"src/main.d" -MT"src/main.d" -o "src/main.o" "../src/main.c"
../src/main.c: In function 'IntcInitFunction':
../src/main.c:185:33: warning: passing argument 1 of 'XScuGic_CfgInitialize' from incompatible pointer type
  status = XScuGic_CfgInitialize(&timer, IntcConfig, IntcConfig->CpuBaseAddress);
                                 ^
In file included from ../src/main.c:28:0:
../../lab_8_bsp/ps7_cortexa9_0/include/xscugic.h:289:6: note: expected 'struct XScuGic *' but argument is of type 'struct XTmrCtr *'
 s32  XScuGic_CfgInitialize(XScuGic *InstancePtr, XScuGic_Config *ConfigPtr,
      ^
../src/main.c:189:32: warning: passing argument 1 of 'InterruptSystemSetup' from incompatible pointer type
  status = InterruptSystemSetup(&timer);
                                ^
../src/main.c:162:5: note: expected 'struct XScuGic *' but argument is of type 'struct XTmrCtr *'
 int InterruptSystemSetup(XScuGic *XScuGicInstancePtr)
     ^
../src/main.c:193:27: warning: passing argument 1 of 'XScuGic_Connect' from incompatible pointer type
  status = XScuGic_Connect(&timer,
                           ^
In file included from ../src/main.c:28:0:
../../lab_8_bsp/ps7_cortexa9_0/include/xscugic.h:282:6: note: expected 'struct XScuGic *' but argument is of type 'struct XTmrCtr *'
 s32  XScuGic_Connect(XScuGic *InstancePtr, u32 Int_Id,
      ^
../src/main.c:201:27: warning: passing argument 1 of 'XScuGic_Connect' from incompatible pointer type
  status = XScuGic_Connect(&timer,
                           ^
In file included from ../src/main.c:28:0:
../../lab_8_bsp/ps7_cortexa9_0/include/xscugic.h:282:6: note: expected 'struct XScuGic *' but argument is of type 'struct XTmrCtr *'
 s32  XScuGic_Connect(XScuGic *InstancePtr, u32 Int_Id,
      ^
../src/main.c:212:17: warning: passing argument 1 of 'XScuGic_Enable' from incompatible pointer type
  XScuGic_Enable(&timer, ENCODER_INTERRUPT_ID);
                 ^
In file included from ../src/main.c:28:0:
../../lab_8_bsp/ps7_cortexa9_0/include/xscugic.h:286:6: note: expected 'struct XScuGic *' but argument is of type 'struct XTmrCtr *'
 void XScuGic_Enable(XScuGic *InstancePtr, u32 Int_Id);
      ^
../src/main.c:214:17: warning: passing argument 1 of 'XScuGic_Enable' from incompatible pointer type
  XScuGic_Enable(&timer, TIMER_INTERRUPT_ID);
                 ^
In file included from ../src/main.c:28:0:
../../lab_8_bsp/ps7_cortexa9_0/include/xscugic.h:286:6: note: expected 'struct XScuGic *' but argument is of type 'struct XTmrCtr *'
 void XScuGic_Enable(XScuGic *InstancePtr, u32 Int_Id);
      ^
../src/main.c: In function 'init_encoder_task':
../src/main.c:285:29: warning: passing argument 2 of 'XTmrCtr_SetHandler' from incompatible pointer type
  XTmrCtr_SetHandler(&timer, timer_interrupt_handler, &timer);
                             ^
In file included from ../src/main.c:27:0:
../../lab_8_bsp/ps7_cortexa9_0/include/xtmrctr.h:294:6: note: expected 'XTmrCtr_Handler' but argument is of type 'void (*)(void *)'
 void XTmrCtr_SetHandler(XTmrCtr * InstancePtr, XTmrCtr_Handler FuncPtr,
      ^
Finished building: ../src/main.c
 
Building target: lab_8.elf
Invoking: ARM gcc linker
arm-xilinx-eabi-gcc -Wl,-T -Wl,../src/lscript.ld -L../../lab_8_bsp/ps7_cortexa9_0/lib -o "lab_8.elf"  ./src/timer/timer_pwm_cnf.o  ./src/khaOS/rtcs_cpu.o ./src/khaOS/schedule.o  ./src/main.o   -Wl,--start-group,-lxil,-lgcc,-lc,--end-group
Finished building target: lab_8.elf
 
Invoking: ARM Print Size
arm-xilinx-eabi-size lab_8.elf  |tee "lab_8.elf.size"
   text	   data	    bss	    dec	    hex	filename
  36120	   2032	  23012	  61164	   eeec	lab_8.elf
Finished building: lab_8.elf.size
 
12:53:38 **** Incremental Build of configuration Debug for project lab_8 ****
make all 
make: Nothing to be done for 'all'.
12:55:07 **** Auto Build of configuration Debug for project lab_8 ****
make all 
Building file: ../src/main.c
Invoking: ARM gcc compiler
arm-xilinx-eabi-gcc -Wall -O0 -g3 -c -fmessage-length=0 -MT"src/main.o" -I../../lab_8_bsp/ps7_cortexa9_0/include -MMD -MP -MF"src/main.d" -MT"src/main.d" -o "src/main.o" "../src/main.c"
../src/main.c: In function 'IntcInitFunction':
../src/main.c:185:33: warning: passing argument 1 of 'XScuGic_CfgInitialize' from incompatible pointer type
  status = XScuGic_CfgInitialize(&timer, IntcConfig, IntcConfig->CpuBaseAddress);
                                 ^
In file included from ../src/main.c:28:0:
../../lab_8_bsp/ps7_cortexa9_0/include/xscugic.h:289:6: note: expected 'struct XScuGic *' but argument is of type 'struct XTmrCtr *'
 s32  XScuGic_CfgInitialize(XScuGic *InstancePtr, XScuGic_Config *ConfigPtr,
      ^
../src/main.c:189:32: warning: passing argument 1 of 'InterruptSystemSetup' from incompatible pointer type
  status = InterruptSystemSetup(&timer);
                                ^
../src/main.c:162:5: note: expected 'struct XScuGic *' but argument is of type 'struct XTmrCtr *'
 int InterruptSystemSetup(XScuGic *XScuGicInstancePtr)
     ^
../src/main.c:193:27: warning: passing argument 1 of 'XScuGic_Connect' from incompatible pointer type
  status = XScuGic_Connect(&timer,
                           ^
In file included from ../src/main.c:28:0:
../../lab_8_bsp/ps7_cortexa9_0/include/xscugic.h:282:6: note: expected 'struct XScuGic *' but argument is of type 'struct XTmrCtr *'
 s32  XScuGic_Connect(XScuGic *InstancePtr, u32 Int_Id,
      ^
../src/main.c:201:27: warning: passing argument 1 of 'XScuGic_Connect' from incompatible pointer type
  status = XScuGic_Connect(&timer,
                           ^
In file included from ../src/main.c:28:0:
../../lab_8_bsp/ps7_cortexa9_0/include/xscugic.h:282:6: note: expected 'struct XScuGic *' but argument is of type 'struct XTmrCtr *'
 s32  XScuGic_Connect(XScuGic *InstancePtr, u32 Int_Id,
      ^
../src/main.c:212:17: warning: passing argument 1 of 'XScuGic_Enable' from incompatible pointer type
  XScuGic_Enable(&timer, ENCODER_INTERRUPT_ID);
                 ^
In file included from ../src/main.c:28:0:
../../lab_8_bsp/ps7_cortexa9_0/include/xscugic.h:286:6: note: expected 'struct XScuGic *' but argument is of type 'struct XTmrCtr *'
 void XScuGic_Enable(XScuGic *InstancePtr, u32 Int_Id);
      ^
../src/main.c:214:17: warning: passing argument 1 of 'XScuGic_Enable' from incompatible pointer type
  XScuGic_Enable(&timer, TIMER_INTERRUPT_ID);
                 ^
In file included from ../src/main.c:28:0:
../../lab_8_bsp/ps7_cortexa9_0/include/xscugic.h:286:6: note: expected 'struct XScuGic *' but argument is of type 'struct XTmrCtr *'
 void XScuGic_Enable(XScuGic *InstancePtr, u32 Int_Id);
      ^
../src/main.c: In function 'init_encoder_task':
../src/main.c:285:29: warning: passing argument 2 of 'XTmrCtr_SetHandler' from incompatible pointer type
  XTmrCtr_SetHandler(&timer, timer_interrupt_handler, &timer);
                             ^
In file included from ../src/main.c:27:0:
../../lab_8_bsp/ps7_cortexa9_0/include/xtmrctr.h:294:6: note: expected 'XTmrCtr_Handler' but argument is of type 'void (*)(void *)'
 void XTmrCtr_SetHandler(XTmrCtr * InstancePtr, XTmrCtr_Handler FuncPtr,
      ^
Finished building: ../src/main.c
 
Building target: lab_8.elf
Invoking: ARM gcc linker
arm-xilinx-eabi-gcc -Wl,-T -Wl,../src/lscript.ld -L../../lab_8_bsp/ps7_cortexa9_0/lib -o "lab_8.elf"  ./src/timer/timer_pwm_cnf.o  ./src/khaOS/rtcs_cpu.o ./src/khaOS/schedule.o  ./src/main.o   -Wl,--start-group,-lxil,-lgcc,-lc,--end-group
Finished building target: lab_8.elf
 
Invoking: ARM Print Size
arm-xilinx-eabi-size lab_8.elf  |tee "lab_8.elf.size"
   text	   data	    bss	    dec	    hex	filename
  36188	   2032	  23012	  61232	   ef30	lab_8.elf
Finished building: lab_8.elf.size
 
12:55:08 **** Incremental Build of configuration Debug for project lab_8 ****
make all 
make: Nothing to be done for 'all'.
12:55:20 **** Auto Build of configuration Debug for project lab_8 ****
make all 
Building file: ../src/main.c
Invoking: ARM gcc compiler
arm-xilinx-eabi-gcc -Wall -O0 -g3 -c -fmessage-length=0 -MT"src/main.o" -I../../lab_8_bsp/ps7_cortexa9_0/include -MMD -MP -MF"src/main.d" -MT"src/main.d" -o "src/main.o" "../src/main.c"
../src/main.c: In function 'IntcInitFunction':
../src/main.c:185:33: warning: passing argument 1 of 'XScuGic_CfgInitialize' from incompatible pointer type
  status = XScuGic_CfgInitialize(&timer, IntcConfig, IntcConfig->CpuBaseAddress);
                                 ^
In file included from ../src/main.c:28:0:
../../lab_8_bsp/ps7_cortexa9_0/include/xscugic.h:289:6: note: expected 'struct XScuGic *' but argument is of type 'struct XTmrCtr *'
 s32  XScuGic_CfgInitialize(XScuGic *InstancePtr, XScuGic_Config *ConfigPtr,
      ^
../src/main.c:189:32: warning: passing argument 1 of 'InterruptSystemSetup' from incompatible pointer type
  status = InterruptSystemSetup(&timer);
                                ^
../src/main.c:162:5: note: expected 'struct XScuGic *' but argument is of type 'struct XTmrCtr *'
 int InterruptSystemSetup(XScuGic *XScuGicInstancePtr)
     ^
../src/main.c:193:27: warning: passing argument 1 of 'XScuGic_Connect' from incompatible pointer type
  status = XScuGic_Connect(&timer,
                           ^
In file included from ../src/main.c:28:0:
../../lab_8_bsp/ps7_cortexa9_0/include/xscugic.h:282:6: note: expected 'struct XScuGic *' but argument is of type 'struct XTmrCtr *'
 s32  XScuGic_Connect(XScuGic *InstancePtr, u32 Int_Id,
      ^
../src/main.c:201:27: warning: passing argument 1 of 'XScuGic_Connect' from incompatible pointer type
  status = XScuGic_Connect(&timer,
                           ^
In file included from ../src/main.c:28:0:
../../lab_8_bsp/ps7_cortexa9_0/include/xscugic.h:282:6: note: expected 'struct XScuGic *' but argument is of type 'struct XTmrCtr *'
 s32  XScuGic_Connect(XScuGic *InstancePtr, u32 Int_Id,
      ^
../src/main.c:212:17: warning: passing argument 1 of 'XScuGic_Enable' from incompatible pointer type
  XScuGic_Enable(&timer, ENCODER_INTERRUPT_ID);
                 ^
In file included from ../src/main.c:28:0:
../../lab_8_bsp/ps7_cortexa9_0/include/xscugic.h:286:6: note: expected 'struct XScuGic *' but argument is of type 'struct XTmrCtr *'
 void XScuGic_Enable(XScuGic *InstancePtr, u32 Int_Id);
      ^
../src/main.c:214:17: warning: passing argument 1 of 'XScuGic_Enable' from incompatible pointer type
  XScuGic_Enable(&timer, TIMER_INTERRUPT_ID);
                 ^
In file included from ../src/main.c:28:0:
../../lab_8_bsp/ps7_cortexa9_0/include/xscugic.h:286:6: note: expected 'struct XScuGic *' but argument is of type 'struct XTmrCtr *'
 void XScuGic_Enable(XScuGic *InstancePtr, u32 Int_Id);
      ^
../src/main.c: In function 'init_encoder_task':
../src/main.c:285:29: warning: passing argument 2 of 'XTmrCtr_SetHandler' from incompatible pointer type
  XTmrCtr_SetHandler(&timer, timer_interrupt_handler, &timer);
                             ^
In file included from ../src/main.c:27:0:
../../lab_8_bsp/ps7_cortexa9_0/include/xtmrctr.h:294:6: note: expected 'XTmrCtr_Handler' but argument is of type 'void (*)(void *)'
 void XTmrCtr_SetHandler(XTmrCtr * InstancePtr, XTmrCtr_Handler FuncPtr,
      ^
Finished building: ../src/main.c
 
Building target: lab_8.elf
Invoking: ARM gcc linker
arm-xilinx-eabi-gcc -Wl,-T -Wl,../src/lscript.ld -L../../lab_8_bsp/ps7_cortexa9_0/lib -o "lab_8.elf"  ./src/timer/timer_pwm_cnf.o  ./src/khaOS/rtcs_cpu.o ./src/khaOS/schedule.o  ./src/main.o   -Wl,--start-group,-lxil,-lgcc,-lc,--end-group
Finished building target: lab_8.elf
 
Invoking: ARM Print Size
arm-xilinx-eabi-size lab_8.elf  |tee "lab_8.elf.size"
   text	   data	    bss	    dec	    hex	filename
  36184	   2032	  23012	  61228	   ef2c	lab_8.elf
Finished building: lab_8.elf.size
 
