09:43:57 **** Incremental Build of configuration Debug for project rtcs ****
make all 
make: Nothing to be done for 'all'.
09:44:24 **** Incremental Build of configuration Debug for project rtcs ****
make all 
make: Nothing to be done for 'all'.
09:45:17 **** Auto Build of configuration Debug for project rtcs ****
make all 
Building file: ../src/main.c
Invoking: ARM gcc compiler
arm-xilinx-eabi-gcc -Wall -O0 -g3 -c -fmessage-length=0 -MT"src/main.o" -I../../rtcs_bsp/ps7_cortexa9_0/include -MMD -MP -MF"src/main.d" -MT"src/main.d" -o "src/main.o" "../src/main.c"
../src/main.c: In function 'IntcInitFunction':
../src/main.c:138:33: warning: passing argument 1 of 'XScuGic_CfgInitialize' from incompatible pointer type
  status = XScuGic_CfgInitialize(&timer, IntcConfig, IntcConfig->CpuBaseAddress);
                                 ^
In file included from ../src/main.c:28:0:
../../rtcs_bsp/ps7_cortexa9_0/include/xscugic.h:289:6: note: expected 'struct XScuGic *' but argument is of type 'struct XTmrCtr *'
 s32  XScuGic_CfgInitialize(XScuGic *InstancePtr, XScuGic_Config *ConfigPtr,
      ^
../src/main.c:142:32: warning: passing argument 1 of 'InterruptSystemSetup' from incompatible pointer type
  status = InterruptSystemSetup(&timer);
                                ^
../src/main.c:115:5: note: expected 'struct XScuGic *' but argument is of type 'struct XTmrCtr *'
 int InterruptSystemSetup(XScuGic *XScuGicInstancePtr)
     ^
../src/main.c:146:27: warning: passing argument 1 of 'XScuGic_Connect' from incompatible pointer type
  status = XScuGic_Connect(&timer,
                           ^
In file included from ../src/main.c:28:0:
../../rtcs_bsp/ps7_cortexa9_0/include/xscugic.h:282:6: note: expected 'struct XScuGic *' but argument is of type 'struct XTmrCtr *'
 s32  XScuGic_Connect(XScuGic *InstancePtr, u32 Int_Id,
      ^
../src/main.c:154:27: warning: passing argument 1 of 'XScuGic_Connect' from incompatible pointer type
  status = XScuGic_Connect(&timer,
                           ^
In file included from ../src/main.c:28:0:
../../rtcs_bsp/ps7_cortexa9_0/include/xscugic.h:282:6: note: expected 'struct XScuGic *' but argument is of type 'struct XTmrCtr *'
 s32  XScuGic_Connect(XScuGic *InstancePtr, u32 Int_Id,
      ^
../src/main.c:165:17: warning: passing argument 1 of 'XScuGic_Enable' from incompatible pointer type
  XScuGic_Enable(&timer, ENCODER_INTERRUPT_ID);
                 ^
In file included from ../src/main.c:28:0:
../../rtcs_bsp/ps7_cortexa9_0/include/xscugic.h:286:6: note: expected 'struct XScuGic *' but argument is of type 'struct XTmrCtr *'
 void XScuGic_Enable(XScuGic *InstancePtr, u32 Int_Id);
      ^
../src/main.c:167:17: warning: passing argument 1 of 'XScuGic_Enable' from incompatible pointer type
  XScuGic_Enable(&timer, TIMER_INTERRUPT_ID);
                 ^
In file included from ../src/main.c:28:0:
../../rtcs_bsp/ps7_cortexa9_0/include/xscugic.h:286:6: note: expected 'struct XScuGic *' but argument is of type 'struct XTmrCtr *'
 void XScuGic_Enable(XScuGic *InstancePtr, u32 Int_Id);
      ^
Finished building: ../src/main.c
 
Building target: rtcs.elf
Invoking: ARM gcc linker
arm-xilinx-eabi-gcc -Wl,-T -Wl,../src/lscript.ld -L../../rtcs_bsp/ps7_cortexa9_0/lib -o "rtcs.elf"  ./src/timer/timer_pwm_cnf.o  ./src/khaOS/rtcs_cpu.o ./src/khaOS/schedule.o  ./src/main.o   -Wl,--start-group,-lxil,-lgcc,-lc,--end-group
Finished building target: rtcs.elf
 
Invoking: ARM Print Size
arm-xilinx-eabi-size rtcs.elf  |tee "rtcs.elf.size"
   text	   data	    bss	    dec	    hex	filename
  33292	   2008	  22964	  58264	   e398	rtcs.elf
Finished building: rtcs.elf.size
 
09:45:24 **** Incremental Build of configuration Debug for project rtcs ****
make all 
make: Nothing to be done for 'all'.
09:45:40 **** Auto Build of configuration Debug for project rtcs ****
make all 
Building file: ../src/main.c
Invoking: ARM gcc compiler
arm-xilinx-eabi-gcc -Wall -O0 -g3 -c -fmessage-length=0 -MT"src/main.o" -I../../rtcs_bsp/ps7_cortexa9_0/include -MMD -MP -MF"src/main.d" -MT"src/main.d" -o "src/main.o" "../src/main.c"
../src/main.c: In function 'IntcInitFunction':
../src/main.c:138:33: warning: passing argument 1 of 'XScuGic_CfgInitialize' from incompatible pointer type
  status = XScuGic_CfgInitialize(&timer, IntcConfig, IntcConfig->CpuBaseAddress);
                                 ^
In file included from ../src/main.c:28:0:
../../rtcs_bsp/ps7_cortexa9_0/include/xscugic.h:289:6: note: expected 'struct XScuGic *' but argument is of type 'struct XTmrCtr *'
 s32  XScuGic_CfgInitialize(XScuGic *InstancePtr, XScuGic_Config *ConfigPtr,
      ^
../src/main.c:142:32: warning: passing argument 1 of 'InterruptSystemSetup' from incompatible pointer type
  status = InterruptSystemSetup(&timer);
                                ^
../src/main.c:115:5: note: expected 'struct XScuGic *' but argument is of type 'struct XTmrCtr *'
 int InterruptSystemSetup(XScuGic *XScuGicInstancePtr)
     ^
../src/main.c:146:27: warning: passing argument 1 of 'XScuGic_Connect' from incompatible pointer type
  status = XScuGic_Connect(&timer,
                           ^
In file included from ../src/main.c:28:0:
../../rtcs_bsp/ps7_cortexa9_0/include/xscugic.h:282:6: note: expected 'struct XScuGic *' but argument is of type 'struct XTmrCtr *'
 s32  XScuGic_Connect(XScuGic *InstancePtr, u32 Int_Id,
      ^
../src/main.c:154:27: warning: passing argument 1 of 'XScuGic_Connect' from incompatible pointer type
  status = XScuGic_Connect(&timer,
                           ^
In file included from ../src/main.c:28:0:
../../rtcs_bsp/ps7_cortexa9_0/include/xscugic.h:282:6: note: expected 'struct XScuGic *' but argument is of type 'struct XTmrCtr *'
 s32  XScuGic_Connect(XScuGic *InstancePtr, u32 Int_Id,
      ^
../src/main.c:165:17: warning: passing argument 1 of 'XScuGic_Enable' from incompatible pointer type
  XScuGic_Enable(&timer, ENCODER_INTERRUPT_ID);
                 ^
In file included from ../src/main.c:28:0:
../../rtcs_bsp/ps7_cortexa9_0/include/xscugic.h:286:6: note: expected 'struct XScuGic *' but argument is of type 'struct XTmrCtr *'
 void XScuGic_Enable(XScuGic *InstancePtr, u32 Int_Id);
      ^
../src/main.c:167:17: warning: passing argument 1 of 'XScuGic_Enable' from incompatible pointer type
  XScuGic_Enable(&timer, TIMER_INTERRUPT_ID);
                 ^
In file included from ../src/main.c:28:0:
../../rtcs_bsp/ps7_cortexa9_0/include/xscugic.h:286:6: note: expected 'struct XScuGic *' but argument is of type 'struct XTmrCtr *'
 void XScuGic_Enable(XScuGic *InstancePtr, u32 Int_Id);
      ^
../src/main.c: In function 'init_encoder_task':
../src/main.c:181:29: warning: passing argument 2 of 'XTmrCtr_SetHandler' from incompatible pointer type
  XTmrCtr_SetHandler(&timer, timer_interrupt_handler, &timer);
                             ^
In file included from ../src/main.c:27:0:
../../rtcs_bsp/ps7_cortexa9_0/include/xtmrctr.h:294:6: note: expected 'XTmrCtr_Handler' but argument is of type 'void (*)(void *)'
 void XTmrCtr_SetHandler(XTmrCtr * InstancePtr, XTmrCtr_Handler FuncPtr,
      ^
Finished building: ../src/main.c
 
Building target: rtcs.elf
Invoking: ARM gcc linker
arm-xilinx-eabi-gcc -Wl,-T -Wl,../src/lscript.ld -L../../rtcs_bsp/ps7_cortexa9_0/lib -o "rtcs.elf"  ./src/timer/timer_pwm_cnf.o  ./src/khaOS/rtcs_cpu.o ./src/khaOS/schedule.o  ./src/main.o   -Wl,--start-group,-lxil,-lgcc,-lc,--end-group
Finished building target: rtcs.elf
 
Invoking: ARM Print Size
arm-xilinx-eabi-size rtcs.elf  |tee "rtcs.elf.size"
   text	   data	    bss	    dec	    hex	filename
  34344	   2008	  22964	  59316	   e7b4	rtcs.elf
Finished building: rtcs.elf.size
 
09:45:41 **** Incremental Build of configuration Debug for project rtcs ****
make all 
make: Nothing to be done for 'all'.
09:51:57 **** Auto Build of configuration Debug for project rtcs ****
make all 
Building file: ../src/main.c
Invoking: ARM gcc compiler
arm-xilinx-eabi-gcc -Wall -O0 -g3 -c -fmessage-length=0 -MT"src/main.o" -I../../rtcs_bsp/ps7_cortexa9_0/include -MMD -MP -MF"src/main.d" -MT"src/main.d" -o "src/main.o" "../src/main.c"
../src/main.c: In function 'IntcInitFunction':
../src/main.c:138:33: warning: passing argument 1 of 'XScuGic_CfgInitialize' from incompatible pointer type
  status = XScuGic_CfgInitialize(&timer, IntcConfig, IntcConfig->CpuBaseAddress);
                                 ^
In file included from ../src/main.c:28:0:
../../rtcs_bsp/ps7_cortexa9_0/include/xscugic.h:289:6: note: expected 'struct XScuGic *' but argument is of type 'struct XTmrCtr *'
 s32  XScuGic_CfgInitialize(XScuGic *InstancePtr, XScuGic_Config *ConfigPtr,
      ^
../src/main.c:142:32: warning: passing argument 1 of 'InterruptSystemSetup' from incompatible pointer type
  status = InterruptSystemSetup(&timer);
                                ^
../src/main.c:115:5: note: expected 'struct XScuGic *' but argument is of type 'struct XTmrCtr *'
 int InterruptSystemSetup(XScuGic *XScuGicInstancePtr)
     ^
../src/main.c:146:27: warning: passing argument 1 of 'XScuGic_Connect' from incompatible pointer type
  status = XScuGic_Connect(&timer,
                           ^
In file included from ../src/main.c:28:0:
../../rtcs_bsp/ps7_cortexa9_0/include/xscugic.h:282:6: note: expected 'struct XScuGic *' but argument is of type 'struct XTmrCtr *'
 s32  XScuGic_Connect(XScuGic *InstancePtr, u32 Int_Id,
      ^
../src/main.c:154:27: warning: passing argument 1 of 'XScuGic_Connect' from incompatible pointer type
  status = XScuGic_Connect(&timer,
                           ^
In file included from ../src/main.c:28:0:
../../rtcs_bsp/ps7_cortexa9_0/include/xscugic.h:282:6: note: expected 'struct XScuGic *' but argument is of type 'struct XTmrCtr *'
 s32  XScuGic_Connect(XScuGic *InstancePtr, u32 Int_Id,
      ^
../src/main.c:165:17: warning: passing argument 1 of 'XScuGic_Enable' from incompatible pointer type
  XScuGic_Enable(&timer, ENCODER_INTERRUPT_ID);
                 ^
In file included from ../src/main.c:28:0:
../../rtcs_bsp/ps7_cortexa9_0/include/xscugic.h:286:6: note: expected 'struct XScuGic *' but argument is of type 'struct XTmrCtr *'
 void XScuGic_Enable(XScuGic *InstancePtr, u32 Int_Id);
      ^
../src/main.c:167:17: warning: passing argument 1 of 'XScuGic_Enable' from incompatible pointer type
  XScuGic_Enable(&timer, TIMER_INTERRUPT_ID);
                 ^
In file included from ../src/main.c:28:0:
../../rtcs_bsp/ps7_cortexa9_0/include/xscugic.h:286:6: note: expected 'struct XScuGic *' but argument is of type 'struct XTmrCtr *'
 void XScuGic_Enable(XScuGic *InstancePtr, u32 Int_Id);
      ^
Finished building: ../src/main.c
 
Building target: rtcs.elf
Invoking: ARM gcc linker
arm-xilinx-eabi-gcc -Wl,-T -Wl,../src/lscript.ld -L../../rtcs_bsp/ps7_cortexa9_0/lib -o "rtcs.elf"  ./src/timer/timer_pwm_cnf.o  ./src/khaOS/rtcs_cpu.o ./src/khaOS/schedule.o  ./src/main.o   -Wl,--start-group,-lxil,-lgcc,-lc,--end-group
Finished building target: rtcs.elf
 
Invoking: ARM Print Size
arm-xilinx-eabi-size rtcs.elf  |tee "rtcs.elf.size"
   text	   data	    bss	    dec	    hex	filename
  33292	   2008	  22964	  58264	   e398	rtcs.elf
Finished building: rtcs.elf.size
 
09:52:05 **** Incremental Build of configuration Debug for project rtcs ****
make all 
make: Nothing to be done for 'all'.
09:52:27 **** Auto Build of configuration Debug for project rtcs ****
make all 
Building file: ../src/main.c
Invoking: ARM gcc compiler
arm-xilinx-eabi-gcc -Wall -O0 -g3 -c -fmessage-length=0 -MT"src/main.o" -I../../rtcs_bsp/ps7_cortexa9_0/include -MMD -MP -MF"src/main.d" -MT"src/main.d" -o "src/main.o" "../src/main.c"
../src/main.c: In function 'IntcInitFunction':
../src/main.c:138:33: warning: passing argument 1 of 'XScuGic_CfgInitialize' from incompatible pointer type
  status = XScuGic_CfgInitialize(&timer, IntcConfig, IntcConfig->CpuBaseAddress);
                                 ^
In file included from ../src/main.c:28:0:
../../rtcs_bsp/ps7_cortexa9_0/include/xscugic.h:289:6: note: expected 'struct XScuGic *' but argument is of type 'struct XTmrCtr *'
 s32  XScuGic_CfgInitialize(XScuGic *InstancePtr, XScuGic_Config *ConfigPtr,
      ^
../src/main.c:142:32: warning: passing argument 1 of 'InterruptSystemSetup' from incompatible pointer type
  status = InterruptSystemSetup(&timer);
                                ^
../src/main.c:115:5: note: expected 'struct XScuGic *' but argument is of type 'struct XTmrCtr *'
 int InterruptSystemSetup(XScuGic *XScuGicInstancePtr)
     ^
../src/main.c:146:27: warning: passing argument 1 of 'XScuGic_Connect' from incompatible pointer type
  status = XScuGic_Connect(&timer,
                           ^
In file included from ../src/main.c:28:0:
../../rtcs_bsp/ps7_cortexa9_0/include/xscugic.h:282:6: note: expected 'struct XScuGic *' but argument is of type 'struct XTmrCtr *'
 s32  XScuGic_Connect(XScuGic *InstancePtr, u32 Int_Id,
      ^
../src/main.c:154:27: warning: passing argument 1 of 'XScuGic_Connect' from incompatible pointer type
  status = XScuGic_Connect(&timer,
                           ^
In file included from ../src/main.c:28:0:
../../rtcs_bsp/ps7_cortexa9_0/include/xscugic.h:282:6: note: expected 'struct XScuGic *' but argument is of type 'struct XTmrCtr *'
 s32  XScuGic_Connect(XScuGic *InstancePtr, u32 Int_Id,
      ^
../src/main.c:165:17: warning: passing argument 1 of 'XScuGic_Enable' from incompatible pointer type
  XScuGic_Enable(&timer, ENCODER_INTERRUPT_ID);
                 ^
In file included from ../src/main.c:28:0:
../../rtcs_bsp/ps7_cortexa9_0/include/xscugic.h:286:6: note: expected 'struct XScuGic *' but argument is of type 'struct XTmrCtr *'
 void XScuGic_Enable(XScuGic *InstancePtr, u32 Int_Id);
      ^
../src/main.c:167:17: warning: passing argument 1 of 'XScuGic_Enable' from incompatible pointer type
  XScuGic_Enable(&timer, TIMER_INTERRUPT_ID);
                 ^
In file included from ../src/main.c:28:0:
../../rtcs_bsp/ps7_cortexa9_0/include/xscugic.h:286:6: note: expected 'struct XScuGic *' but argument is of type 'struct XTmrCtr *'
 void XScuGic_Enable(XScuGic *InstancePtr, u32 Int_Id);
      ^
../src/main.c: In function 'init_encoder_task':
../src/main.c:181:29: warning: passing argument 2 of 'XTmrCtr_SetHandler' from incompatible pointer type
  XTmrCtr_SetHandler(&timer, timer_interrupt_handler, &timer);
                             ^
In file included from ../src/main.c:27:0:
../../rtcs_bsp/ps7_cortexa9_0/include/xtmrctr.h:294:6: note: expected 'XTmrCtr_Handler' but argument is of type 'void (*)(void *)'
 void XTmrCtr_SetHandler(XTmrCtr * InstancePtr, XTmrCtr_Handler FuncPtr,
      ^
Finished building: ../src/main.c
 
Building target: rtcs.elf
Invoking: ARM gcc linker
arm-xilinx-eabi-gcc -Wl,-T -Wl,../src/lscript.ld -L../../rtcs_bsp/ps7_cortexa9_0/lib -o "rtcs.elf"  ./src/timer/timer_pwm_cnf.o  ./src/khaOS/rtcs_cpu.o ./src/khaOS/schedule.o  ./src/main.o   -Wl,--start-group,-lxil,-lgcc,-lc,--end-group
Finished building target: rtcs.elf
 
Invoking: ARM Print Size
arm-xilinx-eabi-size rtcs.elf  |tee "rtcs.elf.size"
   text	   data	    bss	    dec	    hex	filename
  34344	   2008	  22964	  59316	   e7b4	rtcs.elf
Finished building: rtcs.elf.size
 
09:54:12 **** Auto Build of configuration Debug for project rtcs ****
make all 
Building file: ../src/main.c
Invoking: ARM gcc compiler
arm-xilinx-eabi-gcc -Wall -O0 -g3 -c -fmessage-length=0 -MT"src/main.o" -I../../rtcs_bsp/ps7_cortexa9_0/include -MMD -MP -MF"src/main.d" -MT"src/main.d" -o "src/main.o" "../src/main.c"
../src/main.c: In function 'IntcInitFunction':
../src/main.c:138:33: warning: passing argument 1 of 'XScuGic_CfgInitialize' from incompatible pointer type
  status = XScuGic_CfgInitialize(&timer, IntcConfig, IntcConfig->CpuBaseAddress);
                                 ^
In file included from ../src/main.c:28:0:
../../rtcs_bsp/ps7_cortexa9_0/include/xscugic.h:289:6: note: expected 'struct XScuGic *' but argument is of type 'struct XTmrCtr *'
 s32  XScuGic_CfgInitialize(XScuGic *InstancePtr, XScuGic_Config *ConfigPtr,
      ^
../src/main.c:142:32: warning: passing argument 1 of 'InterruptSystemSetup' from incompatible pointer type
  status = InterruptSystemSetup(&timer);
                                ^
../src/main.c:115:5: note: expected 'struct XScuGic *' but argument is of type 'struct XTmrCtr *'
 int InterruptSystemSetup(XScuGic *XScuGicInstancePtr)
     ^
../src/main.c:146:27: warning: passing argument 1 of 'XScuGic_Connect' from incompatible pointer type
  status = XScuGic_Connect(&timer,
                           ^
In file included from ../src/main.c:28:0:
../../rtcs_bsp/ps7_cortexa9_0/include/xscugic.h:282:6: note: expected 'struct XScuGic *' but argument is of type 'struct XTmrCtr *'
 s32  XScuGic_Connect(XScuGic *InstancePtr, u32 Int_Id,
src/subdir.mk:21: recipe for target 'src/main.o' failed
      ^
../src/main.c:154:27: warning: passing argument 1 of 'XScuGic_Connect' from incompatible pointer type
  status = XScuGic_Connect(&timer,
                           ^
In file included from ../src/main.c:28:0:
../../rtcs_bsp/ps7_cortexa9_0/include/xscugic.h:282:6: note: expected 'struct XScuGic *' but argument is of type 'struct XTmrCtr *'
 s32  XScuGic_Connect(XScuGic *InstancePtr, u32 Int_Id,
      ^
../src/main.c:165:17: warning: passing argument 1 of 'XScuGic_Enable' from incompatible pointer type
  XScuGic_Enable(&timer, ENCODER_INTERRUPT_ID);
                 ^
In file included from ../src/main.c:28:0:
../../rtcs_bsp/ps7_cortexa9_0/include/xscugic.h:286:6: note: expected 'struct XScuGic *' but argument is of type 'struct XTmrCtr *'
 void XScuGic_Enable(XScuGic *InstancePtr, u32 Int_Id);
      ^
../src/main.c:167:17: warning: passing argument 1 of 'XScuGic_Enable' from incompatible pointer type
  XScuGic_Enable(&timer, TIMER_INTERRUPT_ID);
                 ^
In file included from ../src/main.c:28:0:
../../rtcs_bsp/ps7_cortexa9_0/include/xscugic.h:286:6: note: expected 'struct XScuGic *' but argument is of type 'struct XTmrCtr *'
 void XScuGic_Enable(XScuGic *InstancePtr, u32 Int_Id);
      ^
../src/main.c: In function 'init_encoder_task':
../src/main.c:181:2: error: 'Status' undeclared (first use in this function)
  Status = XGpio_Initialize(&alive_led_gpio, ALIVE_LED_DEVICE_ID);
  ^
../src/main.c:181:2: note: each undeclared identifier is reported only once for each function it appears in
../src/main.c:190:29: warning: passing argument 2 of 'XTmrCtr_SetHandler' from incompatible pointer type
  XTmrCtr_SetHandler(&timer, timer_interrupt_handler, &timer);
                             ^
In file included from ../src/main.c:27:0:
../../rtcs_bsp/ps7_cortexa9_0/include/xtmrctr.h:294:6: note: expected 'XTmrCtr_Handler' but argument is of type 'void (*)(void *)'
 void XTmrCtr_SetHandler(XTmrCtr * InstancePtr, XTmrCtr_Handler FuncPtr,
      ^
make: *** [src/main.o] Error 1
09:54:17 **** Auto Build of configuration Debug for project rtcs ****
make all 
Building file: ../src/main.c
Invoking: ARM gcc compiler
arm-xilinx-eabi-gcc -Wall -O0 -g3 -c -fmessage-length=0 -MT"src/main.o" -I../../rtcs_bsp/ps7_cortexa9_0/include -MMD -MP -MF"src/main.d" -MT"src/main.d" -o "src/main.o" "../src/main.c"
../src/main.c: In function 'IntcInitFunction':
../src/main.c:138:33: warning: passing argument 1 of 'XScuGic_CfgInitialize' from incompatible pointer type
  status = XScuGic_CfgInitialize(&timer, IntcConfig, IntcConfig->CpuBaseAddress);
                                 ^
In file included from ../src/main.c:28:0:
../../rtcs_bsp/ps7_cortexa9_0/include/xscugic.h:289:6: note: expected 'struct XScuGic *' but argument is of type 'struct XTmrCtr *'
 s32  XScuGic_CfgInitialize(XScuGic *InstancePtr, XScuGic_Config *ConfigPtr,
      ^
../src/main.c:142:32: warning: passing argument 1 of 'InterruptSystemSetup' from incompatible pointer type
  status = InterruptSystemSetup(&timer);
                                ^
../src/main.c:115:5: note: expected 'struct XScuGic *' but argument is of type 'struct XTmrCtr *'
 int InterruptSystemSetup(XScuGic *XScuGicInstancePtr)
     ^
../src/main.c:146:27: warning: passing argument 1 of 'XScuGic_Connect' from incompatible pointer type
  status = XScuGic_Connect(&timer,
                           ^
In file included from ../src/main.c:28:0:
../../rtcs_bsp/ps7_cortexa9_0/include/xscugic.h:282:6: note: expected 'struct XScuGic *' but argument is of type 'struct XTmrCtr *'
 s32  XScuGic_Connect(XScuGic *InstancePtr, u32 Int_Id,
      ^
../src/main.c:154:27: warning: passing argument 1 of 'XScuGic_Connect' from incompatible pointer type
  status = XScuGic_Connect(&timer,
                           ^
In file included from ../src/main.c:28:0:
../../rtcs_bsp/ps7_cortexa9_0/include/xscugic.h:282:6: note: expected 'struct XScuGic *' but argument is of type 'struct XTmrCtr *'
 s32  XScuGic_Connect(XScuGic *InstancePtr, u32 Int_Id,
      ^
../src/main.c:165:17: warning: passing argument 1 of 'XScuGic_Enable' from incompatible pointer type
  XScuGic_Enable(&timer, ENCODER_INTERRUPT_ID);
                 ^
In file included from ../src/main.c:28:0:
../../rtcs_bsp/ps7_cortexa9_0/include/xscugic.h:286:6: note: expected 'struct XScuGic *' but argument is of type 'struct XTmrCtr *'
 void XScuGic_Enable(XScuGic *InstancePtr, u32 Int_Id);
      ^
../src/main.c:167:17: warning: passing argument 1 of 'XScuGic_Enable' from incompatible pointer type
  XScuGic_Enable(&timer, TIMER_INTERRUPT_ID);
                 ^
In file included from ../src/main.c:28:0:
../../rtcs_bsp/ps7_cortexa9_0/include/xscugic.h:286:6: note: expected 'struct XScuGic *' but argument is of type 'struct XTmrCtr *'
 void XScuGic_Enable(XScuGic *InstancePtr, u32 Int_Id);
      ^
../src/main.c: In function 'init_encoder_task':
../src/main.c:182:6: error: 'Status' undeclared (first use in this function)
  if (Status != XST_SUCCESS) {
      ^
../src/main.c:182:6: note: each undeclared identifier is reported only once for each function it appears in
../src/main.c:190:29: warning: passing argument 2 of 'XTmrCtr_SetHandler' from incompatible pointer type
  XTmrCtr_SetHandler(&timer, timer_interrupt_handler, &timer);
                             ^
In file included from ../src/main.c:27:0:
../../rtcs_bsp/ps7_cortexa9_0/include/xtmrctr.h:294:6: note: expected 'XTmrCtr_Handler' but argument is of type 'void (*)(void *)'
 void XTmrCtr_SetHandler(XTmrCtr * InstancePtr, XTmrCtr_Handler FuncPtr,
      ^
src/subdir.mk:21: recipe for target 'src/main.o' failed
make: *** [src/main.o] Error 1
09:54:24 **** Auto Build of configuration Debug for project rtcs ****
make all 
Building file: ../src/main.c
Invoking: ARM gcc compiler
arm-xilinx-eabi-gcc -Wall -O0 -g3 -c -fmessage-length=0 -MT"src/main.o" -I../../rtcs_bsp/ps7_cortexa9_0/include -MMD -MP -MF"src/main.d" -MT"src/main.d" -o "src/main.o" "../src/main.c"
../src/main.c: In function 'IntcInitFunction':
../src/main.c:138:33: warning: passing argument 1 of 'XScuGic_CfgInitialize' from incompatible pointer type
  status = XScuGic_CfgInitialize(&timer, IntcConfig, IntcConfig->CpuBaseAddress);
                                 ^
In file included from ../src/main.c:28:0:
../../rtcs_bsp/ps7_cortexa9_0/include/xscugic.h:289:6: note: expected 'struct XScuGic *' but argument is of type 'struct XTmrCtr *'
 s32  XScuGic_CfgInitialize(XScuGic *InstancePtr, XScuGic_Config *ConfigPtr,
      ^
../src/main.c:142:32: warning: passing argument 1 of 'InterruptSystemSetup' from incompatible pointer type
  status = InterruptSystemSetup(&timer);
                                ^
../src/main.c:115:5: note: expected 'struct XScuGic *' but argument is of type 'struct XTmrCtr *'
 int InterruptSystemSetup(XScuGic *XScuGicInstancePtr)
     ^
../src/main.c:146:27: warning: passing argument 1 of 'XScuGic_Connect' from incompatible pointer type
  status = XScuGic_Connect(&timer,
                           ^
In file included from ../src/main.c:28:0:
../../rtcs_bsp/ps7_cortexa9_0/include/xscugic.h:282:6: note: expected 'struct XScuGic *' but argument is of type 'struct XTmrCtr *'
src/subdir.mk:21: recipe for target 'src/main.o' failed
 s32  XScuGic_Connect(XScuGic *InstancePtr, u32 Int_Id,
      ^
../src/main.c:154:27: warning: passing argument 1 of 'XScuGic_Connect' from incompatible pointer type
  status = XScuGic_Connect(&timer,
                           ^
In file included from ../src/main.c:28:0:
../../rtcs_bsp/ps7_cortexa9_0/include/xscugic.h:282:6: note: expected 'struct XScuGic *' but argument is of type 'struct XTmrCtr *'
 s32  XScuGic_Connect(XScuGic *InstancePtr, u32 Int_Id,
      ^
../src/main.c:165:17: warning: passing argument 1 of 'XScuGic_Enable' from incompatible pointer type
  XScuGic_Enable(&timer, ENCODER_INTERRUPT_ID);
                 ^
In file included from ../src/main.c:28:0:
../../rtcs_bsp/ps7_cortexa9_0/include/xscugic.h:286:6: note: expected 'struct XScuGic *' but argument is of type 'struct XTmrCtr *'
 void XScuGic_Enable(XScuGic *InstancePtr, u32 Int_Id);
      ^
../src/main.c:167:17: warning: passing argument 1 of 'XScuGic_Enable' from incompatible pointer type
  XScuGic_Enable(&timer, TIMER_INTERRUPT_ID);
                 ^
In file included from ../src/main.c:28:0:
../../rtcs_bsp/ps7_cortexa9_0/include/xscugic.h:286:6: note: expected 'struct XScuGic *' but argument is of type 'struct XTmrCtr *'
 void XScuGic_Enable(XScuGic *InstancePtr, u32 Int_Id);
      ^
../src/main.c: In function 'init_encoder_task':
../src/main.c:182:6: error: 'Status' undeclared (first use in this function)
  if (Status != XST_SUCCESS) {
      ^
../src/main.c:182:6: note: each undeclared identifier is reported only once for each function it appears in
../src/main.c:190:29: warning: passing argument 2 of 'XTmrCtr_SetHandler' from incompatible pointer type
  XTmrCtr_SetHandler(&timer, timer_interrupt_handler, &timer);
                             ^
In file included from ../src/main.c:27:0:
../../rtcs_bsp/ps7_cortexa9_0/include/xtmrctr.h:294:6: note: expected 'XTmrCtr_Handler' but argument is of type 'void (*)(void *)'
 void XTmrCtr_SetHandler(XTmrCtr * InstancePtr, XTmrCtr_Handler FuncPtr,
      ^
make: *** [src/main.o] Error 1
09:54:29 **** Auto Build of configuration Debug for project rtcs ****
make all 
Building file: ../src/main.c
Invoking: ARM gcc compiler
arm-xilinx-eabi-gcc -Wall -O0 -g3 -c -fmessage-length=0 -MT"src/main.o" -I../../rtcs_bsp/ps7_cortexa9_0/include -MMD -MP -MF"src/main.d" -MT"src/main.d" -o "src/main.o" "../src/main.c"
../src/main.c: In function 'IntcInitFunction':
../src/main.c:138:33: warning: passing argument 1 of 'XScuGic_CfgInitialize' from incompatible pointer type
  status = XScuGic_CfgInitialize(&timer, IntcConfig, IntcConfig->CpuBaseAddress);
                                 ^
In file included from ../src/main.c:28:0:
../../rtcs_bsp/ps7_cortexa9_0/include/xscugic.h:289:6: note: expected 'struct XScuGic *' but argument is of type 'struct XTmrCtr *'
 s32  XScuGic_CfgInitialize(XScuGic *InstancePtr, XScuGic_Config *ConfigPtr,
      ^
../src/main.c:142:32: warning: passing argument 1 of 'InterruptSystemSetup' from incompatible pointer type
  status = InterruptSystemSetup(&timer);
                                ^
../src/main.c:115:5: note: expected 'struct XScuGic *' but argument is of type 'struct XTmrCtr *'
src/subdir.mk:21: recipe for target 'src/main.o' failed
 int InterruptSystemSetup(XScuGic *XScuGicInstancePtr)
     ^
../src/main.c:146:27: warning: passing argument 1 of 'XScuGic_Connect' from incompatible pointer type
  status = XScuGic_Connect(&timer,
                           ^
In file included from ../src/main.c:28:0:
../../rtcs_bsp/ps7_cortexa9_0/include/xscugic.h:282:6: note: expected 'struct XScuGic *' but argument is of type 'struct XTmrCtr *'
 s32  XScuGic_Connect(XScuGic *InstancePtr, u32 Int_Id,
      ^
../src/main.c:154:27: warning: passing argument 1 of 'XScuGic_Connect' from incompatible pointer type
  status = XScuGic_Connect(&timer,
                           ^
In file included from ../src/main.c:28:0:
../../rtcs_bsp/ps7_cortexa9_0/include/xscugic.h:282:6: note: expected 'struct XScuGic *' but argument is of type 'struct XTmrCtr *'
 s32  XScuGic_Connect(XScuGic *InstancePtr, u32 Int_Id,
      ^
../src/main.c:165:17: warning: passing argument 1 of 'XScuGic_Enable' from incompatible pointer type
  XScuGic_Enable(&timer, ENCODER_INTERRUPT_ID);
                 ^
In file included from ../src/main.c:28:0:
../../rtcs_bsp/ps7_cortexa9_0/include/xscugic.h:286:6: note: expected 'struct XScuGic *' but argument is of type 'struct XTmrCtr *'
 void XScuGic_Enable(XScuGic *InstancePtr, u32 Int_Id);
      ^
../src/main.c:167:17: warning: passing argument 1 of 'XScuGic_Enable' from incompatible pointer type
  XScuGic_Enable(&timer, TIMER_INTERRUPT_ID);
                 ^
In file included from ../src/main.c:28:0:
../../rtcs_bsp/ps7_cortexa9_0/include/xscugic.h:286:6: note: expected 'struct XScuGic *' but argument is of type 'struct XTmrCtr *'
 void XScuGic_Enable(XScuGic *InstancePtr, u32 Int_Id);
      ^
../src/main.c: In function 'init_encoder_task':
../src/main.c:182:6: error: 'Status' undeclared (first use in this function)
  if (Status != XST_SUCCESS) {
      ^
../src/main.c:182:6: note: each undeclared identifier is reported only once for each function it appears in
../src/main.c:190:29: warning: passing argument 2 of 'XTmrCtr_SetHandler' from incompatible pointer type
  XTmrCtr_SetHandler(&timer, timer_interrupt_handler, &timer);
                             ^
In file included from ../src/main.c:27:0:
../../rtcs_bsp/ps7_cortexa9_0/include/xtmrctr.h:294:6: note: expected 'XTmrCtr_Handler' but argument is of type 'void (*)(void *)'
 void XTmrCtr_SetHandler(XTmrCtr * InstancePtr, XTmrCtr_Handler FuncPtr,
      ^
make: *** [src/main.o] Error 1
09:54:35 **** Auto Build of configuration Debug for project rtcs ****
make all 
Building file: ../src/main.c
Invoking: ARM gcc compiler
arm-xilinx-eabi-gcc -Wall -O0 -g3 -c -fmessage-length=0 -MT"src/main.o" -I../../rtcs_bsp/ps7_cortexa9_0/include -MMD -MP -MF"src/main.d" -MT"src/main.d" -o "src/main.o" "../src/main.c"
../src/main.c: In function 'IntcInitFunction':
../src/main.c:138:33: warning: passing argument 1 of 'XScuGic_CfgInitialize' from incompatible pointer type
  status = XScuGic_CfgInitialize(&timer, IntcConfig, IntcConfig->CpuBaseAddress);
                                 ^
In file included from ../src/main.c:28:0:
../../rtcs_bsp/ps7_cortexa9_0/include/xscugic.h:289:6: note: expected 'struct XScuGic *' but argument is of type 'struct XTmrCtr *'
 s32  XScuGic_CfgInitialize(XScuGic *InstancePtr, XScuGic_Config *ConfigPtr,
      ^
../src/main.c:142:32: warning: passing argument 1 of 'InterruptSystemSetup' from incompatible pointer type
  status = InterruptSystemSetup(&timer);
                                ^
../src/main.c:115:5: note: expected 'struct XScuGic *' but argument is of type 'struct XTmrCtr *'
 int InterruptSystemSetup(XScuGic *XScuGicInstancePtr)
     ^
../src/main.c:146:27: warning: passing argument 1 of 'XScuGic_Connect' from incompatible pointer type
  status = XScuGic_Connect(&timer,
                           ^
In file included from ../src/main.c:28:0:
../../rtcs_bsp/ps7_cortexa9_0/include/xscugic.h:282:6: note: expected 'struct XScuGic *' but argument is of type 'struct XTmrCtr *'
 s32  XScuGic_Connect(XScuGic *InstancePtr, u32 Int_Id,
      ^
../src/main.c:154:27: warning: passing argument 1 of 'XScuGic_Connect' from incompatible pointer type
  status = XScuGic_Connect(&timer,
                           ^
In file included from ../src/main.c:28:0:
../../rtcs_bsp/ps7_cortexa9_0/include/xscugic.h:282:6: note: expected 'struct XScuGic *' but argument is of type 'struct XTmrCtr *'
 s32  XScuGic_Connect(XScuGic *InstancePtr, u32 Int_Id,
      ^
../src/main.c:165:17: warning: passing argument 1 of 'XScuGic_Enable' from incompatible pointer type
  XScuGic_Enable(&timer, ENCODER_INTERRUPT_ID);
                 ^
In file included from ../src/main.c:28:0:
../../rtcs_bsp/ps7_cortexa9_0/include/xscugic.h:286:6: note: expected 'struct XScuGic *' but argument is of type 'struct XTmrCtr *'
 void XScuGic_Enable(XScuGic *InstancePtr, u32 Int_Id);
      ^
../src/main.c:167:17: warning: passing argument 1 of 'XScuGic_Enable' from incompatible pointer type
  XScuGic_Enable(&timer, TIMER_INTERRUPT_ID);
                 ^
In file included from ../src/main.c:28:0:
../../rtcs_bsp/ps7_cortexa9_0/include/xscugic.h:286:6: note: expected 'struct XScuGic *' but argument is of type 'struct XTmrCtr *'
 void XScuGic_Enable(XScuGic *InstancePtr, u32 Int_Id);
      ^
../src/main.c: In function 'init_encoder_task':
../src/main.c:187:29: warning: passing argument 2 of 'XTmrCtr_SetHandler' from incompatible pointer type
  XTmrCtr_SetHandler(&timer, timer_interrupt_handler, &timer);
                             ^
In file included from ../src/main.c:27:0:
../../rtcs_bsp/ps7_cortexa9_0/include/xtmrctr.h:294:6: note: expected 'XTmrCtr_Handler' but argument is of type 'void (*)(void *)'
 void XTmrCtr_SetHandler(XTmrCtr * InstancePtr, XTmrCtr_Handler FuncPtr,
      ^
Finished building: ../src/main.c
 
Building target: rtcs.elf
Invoking: ARM gcc linker
arm-xilinx-eabi-gcc -Wl,-T -Wl,../src/lscript.ld -L../../rtcs_bsp/ps7_cortexa9_0/lib -o "rtcs.elf"  ./src/timer/timer_pwm_cnf.o  ./src/khaOS/rtcs_cpu.o ./src/khaOS/schedule.o  ./src/main.o   -Wl,--start-group,-lxil,-lgcc,-lc,--end-group
Finished building target: rtcs.elf
 
Invoking: ARM Print Size
arm-xilinx-eabi-size rtcs.elf  |tee "rtcs.elf.size"
   text	   data	    bss	    dec	    hex	filename
  34408	   2008	  22964	  59380	   e7f4	rtcs.elf
Finished building: rtcs.elf.size
 
09:56:25 **** Auto Build of configuration Debug for project rtcs ****
make all 
Building file: ../src/main.c
Invoking: ARM gcc compiler
arm-xilinx-eabi-gcc -Wall -O0 -g3 -c -fmessage-length=0 -MT"src/main.o" -I../../rtcs_bsp/ps7_cortexa9_0/include -MMD -MP -MF"src/main.d" -MT"src/main.d" -o "src/main.o" "../src/main.c"
../src/main.c: In function 'IntcInitFunction':
../src/main.c:138:33: warning: passing argument 1 of 'XScuGic_CfgInitialize' from incompatible pointer type
  status = XScuGic_CfgInitialize(&timer, IntcConfig, IntcConfig->CpuBaseAddress);
                                 ^
In file included from ../src/main.c:28:0:
../../rtcs_bsp/ps7_cortexa9_0/include/xscugic.h:289:6: note: expected 'struct XScuGic *' but argument is of type 'struct XTmrCtr *'
 s32  XScuGic_CfgInitialize(XScuGic *InstancePtr, XScuGic_Config *ConfigPtr,
      ^
../src/main.c:142:32: warning: passing argument 1 of 'InterruptSystemSetup' from incompatible pointer type
src/subdir.mk:21: recipe for target 'src/main.o' failed
  status = InterruptSystemSetup(&timer);
                                ^
../src/main.c:115:5: note: expected 'struct XScuGic *' but argument is of type 'struct XTmrCtr *'
 int InterruptSystemSetup(XScuGic *XScuGicInstancePtr)
     ^
../src/main.c:146:27: warning: passing argument 1 of 'XScuGic_Connect' from incompatible pointer type
  status = XScuGic_Connect(&timer,
                           ^
In file included from ../src/main.c:28:0:
../../rtcs_bsp/ps7_cortexa9_0/include/xscugic.h:282:6: note: expected 'struct XScuGic *' but argument is of type 'struct XTmrCtr *'
 s32  XScuGic_Connect(XScuGic *InstancePtr, u32 Int_Id,
      ^
../src/main.c:154:27: warning: passing argument 1 of 'XScuGic_Connect' from incompatible pointer type
  status = XScuGic_Connect(&timer,
                           ^
In file included from ../src/main.c:28:0:
../../rtcs_bsp/ps7_cortexa9_0/include/xscugic.h:282:6: note: expected 'struct XScuGic *' but argument is of type 'struct XTmrCtr *'
 s32  XScuGic_Connect(XScuGic *InstancePtr, u32 Int_Id,
      ^
../src/main.c:165:17: warning: passing argument 1 of 'XScuGic_Enable' from incompatible pointer type
  XScuGic_Enable(&timer, ENCODER_INTERRUPT_ID);
                 ^
In file included from ../src/main.c:28:0:
../../rtcs_bsp/ps7_cortexa9_0/include/xscugic.h:286:6: note: expected 'struct XScuGic *' but argument is of type 'struct XTmrCtr *'
 void XScuGic_Enable(XScuGic *InstancePtr, u32 Int_Id);
      ^
../src/main.c:167:17: warning: passing argument 1 of 'XScuGic_Enable' from incompatible pointer type
  XScuGic_Enable(&timer, TIMER_INTERRUPT_ID);
                 ^
In file included from ../src/main.c:28:0:
../../rtcs_bsp/ps7_cortexa9_0/include/xscugic.h:286:6: note: expected 'struct XScuGic *' but argument is of type 'struct XTmrCtr *'
 void XScuGic_Enable(XScuGic *InstancePtr, u32 Int_Id);
      ^
../src/main.c: In function 'init_encoder_task':
../src/main.c:184:42: error: 'ENCODER_CHANNEL' undeclared (first use in this function)
  XGpio_SetDataDirection(&alive_led_gpio, ENCODER_CHANNEL, 0x0);
                                          ^
../src/main.c:184:42: note: each undeclared identifier is reported only once for each function it appears in
../src/main.c:187:29: warning: passing argument 2 of 'XTmrCtr_SetHandler' from incompatible pointer type
  XTmrCtr_SetHandler(&timer, timer_interrupt_handler, &timer);
                             ^
In file included from ../src/main.c:27:0:
../../rtcs_bsp/ps7_cortexa9_0/include/xtmrctr.h:294:6: note: expected 'XTmrCtr_Handler' but argument is of type 'void (*)(void *)'
 void XTmrCtr_SetHandler(XTmrCtr * InstancePtr, XTmrCtr_Handler FuncPtr,
      ^
make: *** [src/main.o] Error 1
09:56:43 **** Auto Build of configuration Debug for project rtcs ****
make all 
Building file: ../src/main.c
Invoking: ARM gcc compiler
arm-xilinx-eabi-gcc -Wall -O0 -g3 -c -fmessage-length=0 -MT"src/main.o" -I../../rtcs_bsp/ps7_cortexa9_0/include -MMD -MP -MF"src/main.d" -MT"src/main.d" -o "src/main.o" "../src/main.c"
../src/main.c: In function 'IntcInitFunction':
../src/main.c:139:33: warning: passing argument 1 of 'XScuGic_CfgInitialize' from incompatible pointer type
  status = XScuGic_CfgInitialize(&timer, IntcConfig, IntcConfig->CpuBaseAddress);
                                 ^
In file included from ../src/main.c:28:0:
../../rtcs_bsp/ps7_cortexa9_0/include/xscugic.h:289:6: note: expected 'struct XScuGic *' but argument is of type 'struct XTmrCtr *'
 s32  XScuGic_CfgInitialize(XScuGic *InstancePtr, XScuGic_Config *ConfigPtr,
      ^
../src/main.c:143:32: warning: passing argument 1 of 'InterruptSystemSetup' from incompatible pointer type
  status = InterruptSystemSetup(&timer);
                                ^
../src/main.c:116:5: note: expected 'struct XScuGic *' but argument is of type 'struct XTmrCtr *'
 int InterruptSystemSetup(XScuGic *XScuGicInstancePtr)
     ^
../src/main.c:147:27: warning: passing argument 1 of 'XScuGic_Connect' from incompatible pointer type
  status = XScuGic_Connect(&timer,
                           ^
In file included from ../src/main.c:28:0:
../../rtcs_bsp/ps7_cortexa9_0/include/xscugic.h:282:6: note: expected 'struct XScuGic *' but argument is of type 'struct XTmrCtr *'
 s32  XScuGic_Connect(XScuGic *InstancePtr, u32 Int_Id,
      ^
../src/main.c:155:27: warning: passing argument 1 of 'XScuGic_Connect' from incompatible pointer type
src/subdir.mk:21: recipe for target 'src/main.o' failed
  status = XScuGic_Connect(&timer,
                           ^
In file included from ../src/main.c:28:0:
../../rtcs_bsp/ps7_cortexa9_0/include/xscugic.h:282:6: note: expected 'struct XScuGic *' but argument is of type 'struct XTmrCtr *'
 s32  XScuGic_Connect(XScuGic *InstancePtr, u32 Int_Id,
      ^
../src/main.c:166:17: warning: passing argument 1 of 'XScuGic_Enable' from incompatible pointer type
  XScuGic_Enable(&timer, ENCODER_INTERRUPT_ID);
                 ^
In file included from ../src/main.c:28:0:
../../rtcs_bsp/ps7_cortexa9_0/include/xscugic.h:286:6: note: expected 'struct XScuGic *' but argument is of type 'struct XTmrCtr *'
 void XScuGic_Enable(XScuGic *InstancePtr, u32 Int_Id);
      ^
../src/main.c:168:17: warning: passing argument 1 of 'XScuGic_Enable' from incompatible pointer type
  XScuGic_Enable(&timer, TIMER_INTERRUPT_ID);
                 ^
In file included from ../src/main.c:28:0:
../../rtcs_bsp/ps7_cortexa9_0/include/xscugic.h:286:6: note: expected 'struct XScuGic *' but argument is of type 'struct XTmrCtr *'
 void XScuGic_Enable(XScuGic *InstancePtr, u32 Int_Id);
      ^
../src/main.c: In function 'init_encoder_task':
../src/main.c:185:42: error: 'ENCODER_CHANNEL' undeclared (first use in this function)
  XGpio_SetDataDirection(&alive_led_gpio, ENCODER_CHANNEL, 0x0);
                                          ^
../src/main.c:185:42: note: each undeclared identifier is reported only once for each function it appears in
../src/main.c:188:29: warning: passing argument 2 of 'XTmrCtr_SetHandler' from incompatible pointer type
  XTmrCtr_SetHandler(&timer, timer_interrupt_handler, &timer);
                             ^
In file included from ../src/main.c:27:0:
../../rtcs_bsp/ps7_cortexa9_0/include/xtmrctr.h:294:6: note: expected 'XTmrCtr_Handler' but argument is of type 'void (*)(void *)'
 void XTmrCtr_SetHandler(XTmrCtr * InstancePtr, XTmrCtr_Handler FuncPtr,
      ^
make: *** [src/main.o] Error 1
09:56:47 **** Auto Build of configuration Debug for project rtcs ****
make all 
Building file: ../src/main.c
Invoking: ARM gcc compiler
arm-xilinx-eabi-gcc -Wall -O0 -g3 -c -fmessage-length=0 -MT"src/main.o" -I../../rtcs_bsp/ps7_cortexa9_0/include -MMD -MP -MF"src/main.d" -MT"src/main.d" -o "src/main.o" "../src/main.c"
../src/main.c: In function 'IntcInitFunction':
../src/main.c:139:33: warning: passing argument 1 of 'XScuGic_CfgInitialize' from incompatible pointer type
  status = XScuGic_CfgInitialize(&timer, IntcConfig, IntcConfig->CpuBaseAddress);
                                 ^
In file included from ../src/main.c:28:0:
../../rtcs_bsp/ps7_cortexa9_0/include/xscugic.h:289:6: note: expected 'struct XScuGic *' but argument is of type 'struct XTmrCtr *'
 s32  XScuGic_CfgInitialize(XScuGic *InstancePtr, XScuGic_Config *ConfigPtr,
      ^
../src/main.c:143:32: warning: passing argument 1 of 'InterruptSystemSetup' from incompatible pointer type
  status = InterruptSystemSetup(&timer);
                                ^
../src/main.c:116:5: note: expected 'struct XScuGic *' but argument is of type 'struct XTmrCtr *'
 int InterruptSystemSetup(XScuGic *XScuGicInstancePtr)
     ^
../src/main.c:147:27: warning: passing argument 1 of 'XScuGic_Connect' from incompatible pointer type
  status = XScuGic_Connect(&timer,
                           ^
In file included from ../src/main.c:28:0:
../../rtcs_bsp/ps7_cortexa9_0/include/xscugic.h:282:6: note: expected 'struct XScuGic *' but argument is of type 'struct XTmrCtr *'
 s32  XScuGic_Connect(XScuGic *InstancePtr, u32 Int_Id,
      ^
../src/main.c:155:27: warning: passing argument 1 of 'XScuGic_Connect' from incompatible pointer type
  status = XScuGic_Connect(&timer,
                           ^
In file included from ../src/main.c:28:0:
../../rtcs_bsp/ps7_cortexa9_0/include/xscugic.h:282:6: note: expected 'struct XScuGic *' but argument is of type 'struct XTmrCtr *'
 s32  XScuGic_Connect(XScuGic *InstancePtr, u32 Int_Id,
      ^
../src/main.c:166:17: warning: passing argument 1 of 'XScuGic_Enable' from incompatible pointer type
  XScuGic_Enable(&timer, ENCODER_INTERRUPT_ID);
                 ^
In file included from ../src/main.c:28:0:
../../rtcs_bsp/ps7_cortexa9_0/include/xscugic.h:286:6: note: expected 'struct XScuGic *' but argument is of type 'struct XTmrCtr *'
 void XScuGic_Enable(XScuGic *InstancePtr, u32 Int_Id);
      ^
../src/main.c:168:17: warning: passing argument 1 of 'XScuGic_Enable' from incompatible pointer type
  XScuGic_Enable(&timer, TIMER_INTERRUPT_ID);
                 ^
In file included from ../src/main.c:28:0:
../../rtcs_bsp/ps7_cortexa9_0/include/xscugic.h:286:6: note: expected 'struct XScuGic *' but argument is of type 'struct XTmrCtr *'
 void XScuGic_Enable(XScuGic *InstancePtr, u32 Int_Id);
      ^
../src/main.c: In function 'init_encoder_task':
../src/main.c:188:29: warning: passing argument 2 of 'XTmrCtr_SetHandler' from incompatible pointer type
  XTmrCtr_SetHandler(&timer, timer_interrupt_handler, &timer);
                             ^
In file included from ../src/main.c:27:0:
../../rtcs_bsp/ps7_cortexa9_0/include/xtmrctr.h:294:6: note: expected 'XTmrCtr_Handler' but argument is of type 'void (*)(void *)'
 void XTmrCtr_SetHandler(XTmrCtr * InstancePtr, XTmrCtr_Handler FuncPtr,
      ^
Finished building: ../src/main.c
 
Building target: rtcs.elf
Invoking: ARM gcc linker
arm-xilinx-eabi-gcc -Wl,-T -Wl,../src/lscript.ld -L../../rtcs_bsp/ps7_cortexa9_0/lib -o "rtcs.elf"  ./src/timer/timer_pwm_cnf.o  ./src/khaOS/rtcs_cpu.o ./src/khaOS/schedule.o  ./src/main.o   -Wl,--start-group,-lxil,-lgcc,-lc,--end-group
Finished building target: rtcs.elf
 
Invoking: ARM Print Size
arm-xilinx-eabi-size rtcs.elf  |tee "rtcs.elf.size"
   text	   data	    bss	    dec	    hex	filename
  34408	   2008	  22964	  59380	   e7f4	rtcs.elf
Finished building: rtcs.elf.size
 
09:56:50 **** Auto Build of configuration Debug for project rtcs ****
make all 
Building file: ../src/main.c
Invoking: ARM gcc compiler
arm-xilinx-eabi-gcc -Wall -O0 -g3 -c -fmessage-length=0 -MT"src/main.o" -I../../rtcs_bsp/ps7_cortexa9_0/include -MMD -MP -MF"src/main.d" -MT"src/main.d" -o "src/main.o" "../src/main.c"
../src/main.c: In function 'IntcInitFunction':
../src/main.c:139:33: warning: passing argument 1 of 'XScuGic_CfgInitialize' from incompatible pointer type
  status = XScuGic_CfgInitialize(&timer, IntcConfig, IntcConfig->CpuBaseAddress);
                                 ^
In file included from ../src/main.c:28:0:
../../rtcs_bsp/ps7_cortexa9_0/include/xscugic.h:289:6: note: expected 'struct XScuGic *' but argument is of type 'struct XTmrCtr *'
 s32  XScuGic_CfgInitialize(XScuGic *InstancePtr, XScuGic_Config *ConfigPtr,
      ^
../src/main.c:143:32: warning: passing argument 1 of 'InterruptSystemSetup' from incompatible pointer type
  status = InterruptSystemSetup(&timer);
                                ^
../src/main.c:116:5: note: expected 'struct XScuGic *' but argument is of type 'struct XTmrCtr *'
 int InterruptSystemSetup(XScuGic *XScuGicInstancePtr)
     ^
../src/main.c:147:27: warning: passing argument 1 of 'XScuGic_Connect' from incompatible pointer type
  status = XScuGic_Connect(&timer,
                           ^
In file included from ../src/main.c:28:0:
../../rtcs_bsp/ps7_cortexa9_0/include/xscugic.h:282:6: note: expected 'struct XScuGic *' but argument is of type 'struct XTmrCtr *'
 s32  XScuGic_Connect(XScuGic *InstancePtr, u32 Int_Id,
      ^
../src/main.c:155:27: warning: passing argument 1 of 'XScuGic_Connect' from incompatible pointer type
  status = XScuGic_Connect(&timer,
                           ^
In file included from ../src/main.c:28:0:
../../rtcs_bsp/ps7_cortexa9_0/include/xscugic.h:282:6: note: expected 'struct XScuGic *' but argument is of type 'struct XTmrCtr *'
 s32  XScuGic_Connect(XScuGic *InstancePtr, u32 Int_Id,
      ^
../src/main.c:166:17: warning: passing argument 1 of 'XScuGic_Enable' from incompatible pointer type
  XScuGic_Enable(&timer, ENCODER_INTERRUPT_ID);
                 ^
In file included from ../src/main.c:28:0:
../../rtcs_bsp/ps7_cortexa9_0/include/xscugic.h:286:6: note: expected 'struct XScuGic *' but argument is of type 'struct XTmrCtr *'
 void XScuGic_Enable(XScuGic *InstancePtr, u32 Int_Id);
      ^
../src/main.c:168:17: warning: passing argument 1 of 'XScuGic_Enable' from incompatible pointer type
  XScuGic_Enable(&timer, TIMER_INTERRUPT_ID);
                 ^
In file included from ../src/main.c:28:0:
../../rtcs_bsp/ps7_cortexa9_0/include/xscugic.h:286:6: note: expected 'struct XScuGic *' but argument is of type 'struct XTmrCtr *'
 void XScuGic_Enable(XScuGic *InstancePtr, u32 Int_Id);
      ^
../src/main.c: In function 'init_encoder_task':
../src/main.c:188:29: warning: passing argument 2 of 'XTmrCtr_SetHandler' from incompatible pointer type
  XTmrCtr_SetHandler(&timer, timer_interrupt_handler, &timer);
                             ^
In file included from ../src/main.c:27:0:
../../rtcs_bsp/ps7_cortexa9_0/include/xtmrctr.h:294:6: note: expected 'XTmrCtr_Handler' but argument is of type 'void (*)(void *)'
 void XTmrCtr_SetHandler(XTmrCtr * InstancePtr, XTmrCtr_Handler FuncPtr,
      ^
Finished building: ../src/main.c
 
Building target: rtcs.elf
Invoking: ARM gcc linker
arm-xilinx-eabi-gcc -Wl,-T -Wl,../src/lscript.ld -L../../rtcs_bsp/ps7_cortexa9_0/lib -o "rtcs.elf"  ./src/timer/timer_pwm_cnf.o  ./src/khaOS/rtcs_cpu.o ./src/khaOS/schedule.o  ./src/main.o   -Wl,--start-group,-lxil,-lgcc,-lc,--end-group
Finished building target: rtcs.elf
 
Invoking: ARM Print Size
arm-xilinx-eabi-size rtcs.elf  |tee "rtcs.elf.size"
   text	   data	    bss	    dec	    hex	filename
  34408	   2008	  22964	  59380	   e7f4	rtcs.elf
Finished building: rtcs.elf.size
 
09:57:07 **** Auto Build of configuration Debug for project rtcs ****
make all 
Building file: ../src/main.c
Invoking: ARM gcc compiler
arm-xilinx-eabi-gcc -Wall -O0 -g3 -c -fmessage-length=0 -MT"src/main.o" -I../../rtcs_bsp/ps7_cortexa9_0/include -MMD -MP -MF"src/main.d" -MT"src/main.d" -o "src/main.o" "../src/main.c"
../src/main.c: In function 'IntcInitFunction':
../src/main.c:139:33: warning: passing argument 1 of 'XScuGic_CfgInitialize' from incompatible pointer type
  status = XScuGic_CfgInitialize(&timer, IntcConfig, IntcConfig->CpuBaseAddress);
                                 ^
In file included from ../src/main.c:28:0:
../../rtcs_bsp/ps7_cortexa9_0/include/xscugic.h:289:6: note: expected 'struct XScuGic *' but argument is of type 'struct XTmrCtr *'
 s32  XScuGic_CfgInitialize(XScuGic *InstancePtr, XScuGic_Config *ConfigPtr,
      ^
../src/main.c:143:32: warning: passing argument 1 of 'InterruptSystemSetup' from incompatible pointer type
  status = InterruptSystemSetup(&timer);
                                ^
../src/main.c:116:5: note: expected 'struct XScuGic *' but argument is of type 'struct XTmrCtr *'
 int InterruptSystemSetup(XScuGic *XScuGicInstancePtr)
     ^
../src/main.c:147:27: warning: passing argument 1 of 'XScuGic_Connect' from incompatible pointer type
  status = XScuGic_Connect(&timer,
                           ^
In file included from ../src/main.c:28:0:
../../rtcs_bsp/ps7_cortexa9_0/include/xscugic.h:282:6: note: expected 'struct XScuGic *' but argument is of type 'struct XTmrCtr *'
 s32  XScuGic_Connect(XScuGic *InstancePtr, u32 Int_Id,
      ^
../src/main.c:155:27: warning: passing argument 1 of 'XScuGic_Connect' from incompatible pointer type
  status = XScuGic_Connect(&timer,
                           ^
In file included from ../src/main.c:28:0:
../../rtcs_bsp/ps7_cortexa9_0/include/xscugic.h:282:6: note: expected 'struct XScuGic *' but argument is of type 'struct XTmrCtr *'
 s32  XScuGic_Connect(XScuGic *InstancePtr, u32 Int_Id,
      ^
../src/main.c:166:17: warning: passing argument 1 of 'XScuGic_Enable' from incompatible pointer type
  XScuGic_Enable(&timer, ENCODER_INTERRUPT_ID);
                 ^
In file included from ../src/main.c:28:0:
../../rtcs_bsp/ps7_cortexa9_0/include/xscugic.h:286:6: note: expected 'struct XScuGic *' but argument is of type 'struct XTmrCtr *'
 void XScuGic_Enable(XScuGic *InstancePtr, u32 Int_Id);
      ^
../src/main.c:168:17: warning: passing argument 1 of 'XScuGic_Enable' from incompatible pointer type
  XScuGic_Enable(&timer, TIMER_INTERRUPT_ID);
                 ^
In file included from ../src/main.c:28:0:
../../rtcs_bsp/ps7_cortexa9_0/include/xscugic.h:286:6: note: expected 'struct XScuGic *' but argument is of type 'struct XTmrCtr *'
 void XScuGic_Enable(XScuGic *InstancePtr, u32 Int_Id);
      ^
../src/main.c: In function 'init_encoder_task':
../src/main.c:188:29: warning: passing argument 2 of 'XTmrCtr_SetHandler' from incompatible pointer type
  XTmrCtr_SetHandler(&timer, timer_interrupt_handler, &timer);
                             ^
In file included from ../src/main.c:27:0:
../../rtcs_bsp/ps7_cortexa9_0/include/xtmrctr.h:294:6: note: expected 'XTmrCtr_Handler' but argument is of type 'void (*)(void *)'
 void XTmrCtr_SetHandler(XTmrCtr * InstancePtr, XTmrCtr_Handler FuncPtr,
      ^
Finished building: ../src/main.c
 
Building target: rtcs.elf
Invoking: ARM gcc linker
arm-xilinx-eabi-gcc -Wl,-T -Wl,../src/lscript.ld -L../../rtcs_bsp/ps7_cortexa9_0/lib -o "rtcs.elf"  ./src/timer/timer_pwm_cnf.o  ./src/khaOS/rtcs_cpu.o ./src/khaOS/schedule.o  ./src/main.o   -Wl,--start-group,-lxil,-lgcc,-lc,--end-group
Finished building target: rtcs.elf
 
Invoking: ARM Print Size
arm-xilinx-eabi-size rtcs.elf  |tee "rtcs.elf.size"
   text	   data	    bss	    dec	    hex	filename
  34408	   2008	  22964	  59380	   e7f4	rtcs.elf
Finished building: rtcs.elf.size
 
09:57:20 **** Auto Build of configuration Debug for project rtcs ****
make all 
Building file: ../src/main.c
Invoking: ARM gcc compiler
arm-xilinx-eabi-gcc -Wall -O0 -g3 -c -fmessage-length=0 -MT"src/main.o" -I../../rtcs_bsp/ps7_cortexa9_0/include -MMD -MP -MF"src/main.d" -MT"src/main.d" -o "src/main.o" "../src/main.c"
../src/main.c: In function 'IntcInitFunction':
../src/main.c:139:33: warning: passing argument 1 of 'XScuGic_CfgInitialize' from incompatible pointer type
  status = XScuGic_CfgInitialize(&timer, IntcConfig, IntcConfig->CpuBaseAddress);
                                 ^
In file included from ../src/main.c:28:0:
../../rtcs_bsp/ps7_cortexa9_0/include/xscugic.h:289:6: note: expected 'struct XScuGic *' but argument is of type 'struct XTmrCtr *'
 s32  XScuGic_CfgInitialize(XScuGic *InstancePtr, XScuGic_Config *ConfigPtr,
      ^
../src/main.c:143:32: warning: passing argument 1 of 'InterruptSystemSetup' from incompatible pointer type
  status = InterruptSystemSetup(&timer);
                                ^
../src/main.c:116:5: note: expected 'struct XScuGic *' but argument is of type 'struct XTmrCtr *'
 int InterruptSystemSetup(XScuGic *XScuGicInstancePtr)
     ^
../src/main.c:147:27: warning: passing argument 1 of 'XScuGic_Connect' from incompatible pointer type
  status = XScuGic_Connect(&timer,
                           ^
In file included from ../src/main.c:28:0:
../../rtcs_bsp/ps7_cortexa9_0/include/xscugic.h:282:6: note: expected 'struct XScuGic *' but argument is of type 'struct XTmrCtr *'
 s32  XScuGic_Connect(XScuGic *InstancePtr, u32 Int_Id,
      ^
../src/main.c:155:27: warning: passing argument 1 of 'XScuGic_Connect' from incompatible pointer type
  status = XScuGic_Connect(&timer,
                           ^
In file included from ../src/main.c:28:0:
../../rtcs_bsp/ps7_cortexa9_0/include/xscugic.h:282:6: note: expected 'struct XScuGic *' but argument is of type 'struct XTmrCtr *'
 s32  XScuGic_Connect(XScuGic *InstancePtr, u32 Int_Id,
      ^
../src/main.c:166:17: warning: passing argument 1 of 'XScuGic_Enable' from incompatible pointer type
  XScuGic_Enable(&timer, ENCODER_INTERRUPT_ID);
                 ^
In file included from ../src/main.c:28:0:
../../rtcs_bsp/ps7_cortexa9_0/include/xscugic.h:286:6: note: expected 'struct XScuGic *' but argument is of type 'struct XTmrCtr *'
 void XScuGic_Enable(XScuGic *InstancePtr, u32 Int_Id);
      ^
../src/main.c:168:17: warning: passing argument 1 of 'XScuGic_Enable' from incompatible pointer type
  XScuGic_Enable(&timer, TIMER_INTERRUPT_ID);
                 ^
In file included from ../src/main.c:28:0:
../../rtcs_bsp/ps7_cortexa9_0/include/xscugic.h:286:6: note: expected 'struct XScuGic *' but argument is of type 'struct XTmrCtr *'
 void XScuGic_Enable(XScuGic *InstancePtr, u32 Int_Id);
      ^
../src/main.c: In function 'init_encoder_task':
../src/main.c:188:29: warning: passing argument 2 of 'XTmrCtr_SetHandler' from incompatible pointer type
  XTmrCtr_SetHandler(&timer, timer_interrupt_handler, &timer);
                             ^
In file included from ../src/main.c:27:0:
../../rtcs_bsp/ps7_cortexa9_0/include/xtmrctr.h:294:6: note: expected 'XTmrCtr_Handler' but argument is of type 'void (*)(void *)'
 void XTmrCtr_SetHandler(XTmrCtr * InstancePtr, XTmrCtr_Handler FuncPtr,
      ^
Finished building: ../src/main.c
 
Building target: rtcs.elf
Invoking: ARM gcc linker
arm-xilinx-eabi-gcc -Wl,-T -Wl,../src/lscript.ld -L../../rtcs_bsp/ps7_cortexa9_0/lib -o "rtcs.elf"  ./src/timer/timer_pwm_cnf.o  ./src/khaOS/rtcs_cpu.o ./src/khaOS/schedule.o  ./src/main.o   -Wl,--start-group,-lxil,-lgcc,-lc,--end-group
Finished building target: rtcs.elf
 
Invoking: ARM Print Size
arm-xilinx-eabi-size rtcs.elf  |tee "rtcs.elf.size"
   text	   data	    bss	    dec	    hex	filename
  34408	   2008	  22964	  59380	   e7f4	rtcs.elf
Finished building: rtcs.elf.size
 
09:58:29 **** Auto Build of configuration Debug for project rtcs ****
make all 
Building file: ../src/main.c
Invoking: ARM gcc compiler
arm-xilinx-eabi-gcc -Wall -O0 -g3 -c -fmessage-length=0 -MT"src/main.o" -I../../rtcs_bsp/ps7_cortexa9_0/include -MMD -MP -MF"src/main.d" -MT"src/main.d" -o "src/main.o" "../src/main.c"
../src/main.c: In function 'IntcInitFunction':
../src/main.c:139:33: warning: passing argument 1 of 'XScuGic_CfgInitialize' from incompatible pointer type
  status = XScuGic_CfgInitialize(&timer, IntcConfig, IntcConfig->CpuBaseAddress);
                                 ^
In file included from ../src/main.c:28:0:
../../rtcs_bsp/ps7_cortexa9_0/include/xscugic.h:289:6: note: expected 'struct XScuGic *' but argument is of type 'struct XTmrCtr *'
 s32  XScuGic_CfgInitialize(XScuGic *InstancePtr, XScuGic_Config *ConfigPtr,
      ^
../src/main.c:143:32: warning: passing argument 1 of 'InterruptSystemSetup' from incompatible pointer type
  status = InterruptSystemSetup(&timer);
                                ^
../src/main.c:116:5: note: expected 'struct XScuGic *' but argument is of type 'struct XTmrCtr *'
 int InterruptSystemSetup(XScuGic *XScuGicInstancePtr)
     ^
../src/main.c:147:27: warning: passing argument 1 of 'XScuGic_Connect' from incompatible pointer type
  status = XScuGic_Connect(&timer,
                           ^
In file included from ../src/main.c:28:0:
../../rtcs_bsp/ps7_cortexa9_0/include/xscugic.h:282:6: note: expected 'struct XScuGic *' but argument is of type 'struct XTmrCtr *'
 s32  XScuGic_Connect(XScuGic *InstancePtr, u32 Int_Id,
      ^
../src/main.c:155:27: warning: passing argument 1 of 'XScuGic_Connect' from incompatible pointer type
  status = XScuGic_Connect(&timer,
                           ^
In file included from ../src/main.c:28:0:
../../rtcs_bsp/ps7_cortexa9_0/include/xscugic.h:282:6: note: expected 'struct XScuGic *' but argument is of type 'struct XTmrCtr *'
 s32  XScuGic_Connect(XScuGic *InstancePtr, u32 Int_Id,
      ^
../src/main.c:166:17: warning: passing argument 1 of 'XScuGic_Enable' from incompatible pointer type
  XScuGic_Enable(&timer, ENCODER_INTERRUPT_ID);
                 ^
In file included from ../src/main.c:28:0:
../../rtcs_bsp/ps7_cortexa9_0/include/xscugic.h:286:6: note: expected 'struct XScuGic *' but argument is of type 'struct XTmrCtr *'
 void XScuGic_Enable(XScuGic *InstancePtr, u32 Int_Id);
      ^
../src/main.c:168:17: warning: passing argument 1 of 'XScuGic_Enable' from incompatible pointer type
  XScuGic_Enable(&timer, TIMER_INTERRUPT_ID);
                 ^
In file included from ../src/main.c:28:0:
../../rtcs_bsp/ps7_cortexa9_0/include/xscugic.h:286:6: note: expected 'struct XScuGic *' but argument is of type 'struct XTmrCtr *'
 void XScuGic_Enable(XScuGic *InstancePtr, u32 Int_Id);
      ^
../src/main.c: In function 'init_encoder_task':
../src/main.c:186:29: warning: passing argument 2 of 'XTmrCtr_SetHandler' from incompatible pointer type
  XTmrCtr_SetHandler(&timer, timer_interrupt_handler, &timer);
                             ^
In file included from ../src/main.c:27:0:
../../rtcs_bsp/ps7_cortexa9_0/include/xtmrctr.h:294:6: note: expected 'XTmrCtr_Handler' but argument is of type 'void (*)(void *)'
 void XTmrCtr_SetHandler(XTmrCtr * InstancePtr, XTmrCtr_Handler FuncPtr,
      ^
Finished building: ../src/main.c
 
Building target: rtcs.elf
Invoking: ARM gcc linker
arm-xilinx-eabi-gcc -Wl,-T -Wl,../src/lscript.ld -L../../rtcs_bsp/ps7_cortexa9_0/lib -o "rtcs.elf"  ./src/timer/timer_pwm_cnf.o  ./src/khaOS/rtcs_cpu.o ./src/khaOS/schedule.o  ./src/main.o   -Wl,--start-group,-lxil,-lgcc,-lc,--end-group
Finished building target: rtcs.elf
 
Invoking: ARM Print Size
arm-xilinx-eabi-size rtcs.elf  |tee "rtcs.elf.size"
   text	   data	    bss	    dec	    hex	filename
  34408	   2008	  22964	  59380	   e7f4	rtcs.elf
Finished building: rtcs.elf.size
 
09:58:30 **** Auto Build of configuration Debug for project rtcs ****
make all 
Building file: ../src/main.c
Invoking: ARM gcc compiler
arm-xilinx-eabi-gcc -Wall -O0 -g3 -c -fmessage-length=0 -MT"src/main.o" -I../../rtcs_bsp/ps7_cortexa9_0/include -MMD -MP -MF"src/main.d" -MT"src/main.d" -o "src/main.o" "../src/main.c"
../src/main.c: In function 'IntcInitFunction':
../src/main.c:139:33: warning: passing argument 1 of 'XScuGic_CfgInitialize' from incompatible pointer type
  status = XScuGic_CfgInitialize(&timer, IntcConfig, IntcConfig->CpuBaseAddress);
                                 ^
In file included from ../src/main.c:28:0:
../../rtcs_bsp/ps7_cortexa9_0/include/xscugic.h:289:6: note: expected 'struct XScuGic *' but argument is of type 'struct XTmrCtr *'
 s32  XScuGic_CfgInitialize(XScuGic *InstancePtr, XScuGic_Config *ConfigPtr,
      ^
../src/main.c:143:32: warning: passing argument 1 of 'InterruptSystemSetup' from incompatible pointer type
  status = InterruptSystemSetup(&timer);
                                ^
../src/main.c:116:5: note: expected 'struct XScuGic *' but argument is of type 'struct XTmrCtr *'
 int InterruptSystemSetup(XScuGic *XScuGicInstancePtr)
     ^
../src/main.c:147:27: warning: passing argument 1 of 'XScuGic_Connect' from incompatible pointer type
  status = XScuGic_Connect(&timer,
                           ^
In file included from ../src/main.c:28:0:
../../rtcs_bsp/ps7_cortexa9_0/include/xscugic.h:282:6: note: expected 'struct XScuGic *' but argument is of type 'struct XTmrCtr *'
 s32  XScuGic_Connect(XScuGic *InstancePtr, u32 Int_Id,
      ^
../src/main.c:155:27: warning: passing argument 1 of 'XScuGic_Connect' from incompatible pointer type
  status = XScuGic_Connect(&timer,
                           ^
In file included from ../src/main.c:28:0:
../../rtcs_bsp/ps7_cortexa9_0/include/xscugic.h:282:6: note: expected 'struct XScuGic *' but argument is of type 'struct XTmrCtr *'
 s32  XScuGic_Connect(XScuGic *InstancePtr, u32 Int_Id,
      ^
../src/main.c:166:17: warning: passing argument 1 of 'XScuGic_Enable' from incompatible pointer type
  XScuGic_Enable(&timer, ENCODER_INTERRUPT_ID);
                 ^
In file included from ../src/main.c:28:0:
../../rtcs_bsp/ps7_cortexa9_0/include/xscugic.h:286:6: note: expected 'struct XScuGic *' but argument is of type 'struct XTmrCtr *'
 void XScuGic_Enable(XScuGic *InstancePtr, u32 Int_Id);
      ^
../src/main.c:168:17: warning: passing argument 1 of 'XScuGic_Enable' from incompatible pointer type
  XScuGic_Enable(&timer, TIMER_INTERRUPT_ID);
                 ^
In file included from ../src/main.c:28:0:
../../rtcs_bsp/ps7_cortexa9_0/include/xscugic.h:286:6: note: expected 'struct XScuGic *' but argument is of type 'struct XTmrCtr *'
 void XScuGic_Enable(XScuGic *InstancePtr, u32 Int_Id);
      ^
../src/main.c: In function 'init_encoder_task':
../src/main.c:185:29: warning: passing argument 2 of 'XTmrCtr_SetHandler' from incompatible pointer type
  XTmrCtr_SetHandler(&timer, timer_interrupt_handler, &timer);
                             ^
In file included from ../src/main.c:27:0:
../../rtcs_bsp/ps7_cortexa9_0/include/xtmrctr.h:294:6: note: expected 'XTmrCtr_Handler' but argument is of type 'void (*)(void *)'
 void XTmrCtr_SetHandler(XTmrCtr * InstancePtr, XTmrCtr_Handler FuncPtr,
      ^
Finished building: ../src/main.c
 
Building target: rtcs.elf
Invoking: ARM gcc linker
arm-xilinx-eabi-gcc -Wl,-T -Wl,../src/lscript.ld -L../../rtcs_bsp/ps7_cortexa9_0/lib -o "rtcs.elf"  ./src/timer/timer_pwm_cnf.o  ./src/khaOS/rtcs_cpu.o ./src/khaOS/schedule.o  ./src/main.o   -Wl,--start-group,-lxil,-lgcc,-lc,--end-group
Finished building target: rtcs.elf
 
Invoking: ARM Print Size
arm-xilinx-eabi-size rtcs.elf  |tee "rtcs.elf.size"
   text	   data	    bss	    dec	    hex	filename
  34408	   2008	  22964	  59380	   e7f4	rtcs.elf
Finished building: rtcs.elf.size
 
09:58:48 **** Auto Build of configuration Debug for project rtcs ****
make all 
Building file: ../src/main.c
Invoking: ARM gcc compiler
arm-xilinx-eabi-gcc -Wall -O0 -g3 -c -fmessage-length=0 -MT"src/main.o" -I../../rtcs_bsp/ps7_cortexa9_0/include -MMD -MP -MF"src/main.d" -MT"src/main.d" -o "src/main.o" "../src/main.c"
../src/main.c: In function 'IntcInitFunction':
../src/main.c:139:33: warning: passing argument 1 of 'XScuGic_CfgInitialize' from incompatible pointer type
  status = XScuGic_CfgInitialize(&timer, IntcConfig, IntcConfig->CpuBaseAddress);
                                 ^
In file included from ../src/main.c:28:0:
../../rtcs_bsp/ps7_cortexa9_0/include/xscugic.h:289:6: note: expected 'struct XScuGic *' but argument is of type 'struct XTmrCtr *'
 s32  XScuGic_CfgInitialize(XScuGic *InstancePtr, XScuGic_Config *ConfigPtr,
      ^
../src/main.c:143:32: warning: passing argument 1 of 'InterruptSystemSetup' from incompatible pointer type
  status = InterruptSystemSetup(&timer);
                                ^
../src/main.c:116:5: note: expected 'struct XScuGic *' but argument is of type 'struct XTmrCtr *'
 int InterruptSystemSetup(XScuGic *XScuGicInstancePtr)
     ^
../src/main.c:147:27: warning: passing argument 1 of 'XScuGic_Connect' from incompatible pointer type
  status = XScuGic_Connect(&timer,
                           ^
In file included from ../src/main.c:28:0:
../../rtcs_bsp/ps7_cortexa9_0/include/xscugic.h:282:6: note: expected 'struct XScuGic *' but argument is of type 'struct XTmrCtr *'
 s32  XScuGic_Connect(XScuGic *InstancePtr, u32 Int_Id,
      ^
../src/main.c:155:27: warning: passing argument 1 of 'XScuGic_Connect' from incompatible pointer type
  status = XScuGic_Connect(&timer,
                           ^
In file included from ../src/main.c:28:0:
../../rtcs_bsp/ps7_cortexa9_0/include/xscugic.h:282:6: note: expected 'struct XScuGic *' but argument is of type 'struct XTmrCtr *'
 s32  XScuGic_Connect(XScuGic *InstancePtr, u32 Int_Id,
      ^
../src/main.c:166:17: warning: passing argument 1 of 'XScuGic_Enable' from incompatible pointer type
  XScuGic_Enable(&timer, ENCODER_INTERRUPT_ID);
                 ^
In file included from ../src/main.c:28:0:
../../rtcs_bsp/ps7_cortexa9_0/include/xscugic.h:286:6: note: expected 'struct XScuGic *' but argument is of type 'struct XTmrCtr *'
 void XScuGic_Enable(XScuGic *InstancePtr, u32 Int_Id);
      ^
../src/main.c:168:17: warning: passing argument 1 of 'XScuGic_Enable' from incompatible pointer type
  XScuGic_Enable(&timer, TIMER_INTERRUPT_ID);
                 ^
In file included from ../src/main.c:28:0:
../../rtcs_bsp/ps7_cortexa9_0/include/xscugic.h:286:6: note: expected 'struct XScuGic *' but argument is of type 'struct XTmrCtr *'
 void XScuGic_Enable(XScuGic *InstancePtr, u32 Int_Id);
      ^
../src/main.c: In function 'init_encoder_task':
../src/main.c:186:29: warning: passing argument 2 of 'XTmrCtr_SetHandler' from incompatible pointer type
  XTmrCtr_SetHandler(&timer, timer_interrupt_handler, &timer);
                             ^
In file included from ../src/main.c:27:0:
../../rtcs_bsp/ps7_cortexa9_0/include/xtmrctr.h:294:6: note: expected 'XTmrCtr_Handler' but argument is of type 'void (*)(void *)'
 void XTmrCtr_SetHandler(XTmrCtr * InstancePtr, XTmrCtr_Handler FuncPtr,
      ^
Finished building: ../src/main.c
 
Building target: rtcs.elf
Invoking: ARM gcc linker
arm-xilinx-eabi-gcc -Wl,-T -Wl,../src/lscript.ld -L../../rtcs_bsp/ps7_cortexa9_0/lib -o "rtcs.elf"  ./src/timer/timer_pwm_cnf.o  ./src/khaOS/rtcs_cpu.o ./src/khaOS/schedule.o  ./src/main.o   -Wl,--start-group,-lxil,-lgcc,-lc,--end-group
Finished building target: rtcs.elf
 
Invoking: ARM Print Size
arm-xilinx-eabi-size rtcs.elf  |tee "rtcs.elf.size"
   text	   data	    bss	    dec	    hex	filename
  34408	   2008	  22964	  59380	   e7f4	rtcs.elf
Finished building: rtcs.elf.size
 
09:58:54 **** Auto Build of configuration Debug for project rtcs ****
make all 
Building file: ../src/main.c
Invoking: ARM gcc compiler
arm-xilinx-eabi-gcc -Wall -O0 -g3 -c -fmessage-length=0 -MT"src/main.o" -I../../rtcs_bsp/ps7_cortexa9_0/include -MMD -MP -MF"src/main.d" -MT"src/main.d" -o "src/main.o" "../src/main.c"
../src/main.c: In function 'IntcInitFunction':
../src/main.c:139:33: warning: passing argument 1 of 'XScuGic_CfgInitialize' from incompatible pointer type
  status = XScuGic_CfgInitialize(&timer, IntcConfig, IntcConfig->CpuBaseAddress);
                                 ^
In file included from ../src/main.c:28:0:
../../rtcs_bsp/ps7_cortexa9_0/include/xscugic.h:289:6: note: expected 'struct XScuGic *' but argument is of type 'struct XTmrCtr *'
 s32  XScuGic_CfgInitialize(XScuGic *InstancePtr, XScuGic_Config *ConfigPtr,
      ^
../src/main.c:143:32: warning: passing argument 1 of 'InterruptSystemSetup' from incompatible pointer type
  status = InterruptSystemSetup(&timer);
                                ^
../src/main.c:116:5: note: expected 'struct XScuGic *' but argument is of type 'struct XTmrCtr *'
 int InterruptSystemSetup(XScuGic *XScuGicInstancePtr)
     ^
../src/main.c:147:27: warning: passing argument 1 of 'XScuGic_Connect' from incompatible pointer type
  status = XScuGic_Connect(&timer,
                           ^
In file included from ../src/main.c:28:0:
../../rtcs_bsp/ps7_cortexa9_0/include/xscugic.h:282:6: note: expected 'struct XScuGic *' but argument is of type 'struct XTmrCtr *'
 s32  XScuGic_Connect(XScuGic *InstancePtr, u32 Int_Id,
      ^
../src/main.c:155:27: warning: passing argument 1 of 'XScuGic_Connect' from incompatible pointer type
  status = XScuGic_Connect(&timer,
                           ^
In file included from ../src/main.c:28:0:
../../rtcs_bsp/ps7_cortexa9_0/include/xscugic.h:282:6: note: expected 'struct XScuGic *' but argument is of type 'struct XTmrCtr *'
 s32  XScuGic_Connect(XScuGic *InstancePtr, u32 Int_Id,
      ^
../src/main.c:166:17: warning: passing argument 1 of 'XScuGic_Enable' from incompatible pointer type
  XScuGic_Enable(&timer, ENCODER_INTERRUPT_ID);
                 ^
In file included from ../src/main.c:28:0:
../../rtcs_bsp/ps7_cortexa9_0/include/xscugic.h:286:6: note: expected 'struct XScuGic *' but argument is of type 'struct XTmrCtr *'
 void XScuGic_Enable(XScuGic *InstancePtr, u32 Int_Id);
      ^
../src/main.c:168:17: warning: passing argument 1 of 'XScuGic_Enable' from incompatible pointer type
  XScuGic_Enable(&timer, TIMER_INTERRUPT_ID);
                 ^
In file included from ../src/main.c:28:0:
../../rtcs_bsp/ps7_cortexa9_0/include/xscugic.h:286:6: note: expected 'struct XScuGic *' but argument is of type 'struct XTmrCtr *'
 void XScuGic_Enable(XScuGic *InstancePtr, u32 Int_Id);
      ^
../src/main.c: In function 'init_encoder_task':
../src/main.c:186:29: warning: passing argument 2 of 'XTmrCtr_SetHandler' from incompatible pointer type
  XTmrCtr_SetHandler(&timer, timer_interrupt_handler, &timer);
                             ^
In file included from ../src/main.c:27:0:
../../rtcs_bsp/ps7_cortexa9_0/include/xtmrctr.h:294:6: note: expected 'XTmrCtr_Handler' but argument is of type 'void (*)(void *)'
 void XTmrCtr_SetHandler(XTmrCtr * InstancePtr, XTmrCtr_Handler FuncPtr,
      ^
Finished building: ../src/main.c
 
Building target: rtcs.elf
Invoking: ARM gcc linker
arm-xilinx-eabi-gcc -Wl,-T -Wl,../src/lscript.ld -L../../rtcs_bsp/ps7_cortexa9_0/lib -o "rtcs.elf"  ./src/timer/timer_pwm_cnf.o  ./src/khaOS/rtcs_cpu.o ./src/khaOS/schedule.o  ./src/main.o   -Wl,--start-group,-lxil,-lgcc,-lc,--end-group
Finished building target: rtcs.elf
 
Invoking: ARM Print Size
arm-xilinx-eabi-size rtcs.elf  |tee "rtcs.elf.size"
   text	   data	    bss	    dec	    hex	filename
  34408	   2008	  22964	  59380	   e7f4	rtcs.elf
Finished building: rtcs.elf.size
 
09:59:07 **** Auto Build of configuration Debug for project rtcs ****
make all 
Building file: ../src/main.c
Invoking: ARM gcc compiler
arm-xilinx-eabi-gcc -Wall -O0 -g3 -c -fmessage-length=0 -MT"src/main.o" -I../../rtcs_bsp/ps7_cortexa9_0/include -MMD -MP -MF"src/main.d" -MT"src/main.d" -o "src/main.o" "../src/main.c"
../src/main.c: In function 'IntcInitFunction':
../src/main.c:139:33: warning: passing argument 1 of 'XScuGic_CfgInitialize' from incompatible pointer type
  status = XScuGic_CfgInitialize(&timer, IntcConfig, IntcConfig->CpuBaseAddress);
                                 ^
In file included from ../src/main.c:28:0:
../../rtcs_bsp/ps7_cortexa9_0/include/xscugic.h:289:6: note: expected 'struct XScuGic *' but argument is of type 'struct XTmrCtr *'
 s32  XScuGic_CfgInitialize(XScuGic *InstancePtr, XScuGic_Config *ConfigPtr,
      ^
../src/main.c:143:32: warning: passing argument 1 of 'InterruptSystemSetup' from incompatible pointer type
  status = InterruptSystemSetup(&timer);
                                ^
../src/main.c:116:5: note: expected 'struct XScuGic *' but argument is of type 'struct XTmrCtr *'
 int InterruptSystemSetup(XScuGic *XScuGicInstancePtr)
     ^
../src/main.c:147:27: warning: passing argument 1 of 'XScuGic_Connect' from incompatible pointer type
  status = XScuGic_Connect(&timer,
                           ^
In file included from ../src/main.c:28:0:
../../rtcs_bsp/ps7_cortexa9_0/include/xscugic.h:282:6: note: expected 'struct XScuGic *' but argument is of type 'struct XTmrCtr *'
 s32  XScuGic_Connect(XScuGic *InstancePtr, u32 Int_Id,
      ^
../src/main.c:155:27: warning: passing argument 1 of 'XScuGic_Connect' from incompatible pointer type
  status = XScuGic_Connect(&timer,
                           ^
In file included from ../src/main.c:28:0:
../../rtcs_bsp/ps7_cortexa9_0/include/xscugic.h:282:6: note: expected 'struct XScuGic *' but argument is of type 'struct XTmrCtr *'
 s32  XScuGic_Connect(XScuGic *InstancePtr, u32 Int_Id,
      ^
../src/main.c:166:17: warning: passing argument 1 of 'XScuGic_Enable' from incompatible pointer type
  XScuGic_Enable(&timer, ENCODER_INTERRUPT_ID);
                 ^
In file included from ../src/main.c:28:0:
../../rtcs_bsp/ps7_cortexa9_0/include/xscugic.h:286:6: note: expected 'struct XScuGic *' but argument is of type 'struct XTmrCtr *'
 void XScuGic_Enable(XScuGic *InstancePtr, u32 Int_Id);
      ^
../src/main.c:168:17: warning: passing argument 1 of 'XScuGic_Enable' from incompatible pointer type
  XScuGic_Enable(&timer, TIMER_INTERRUPT_ID);
                 ^
In file included from ../src/main.c:28:0:
../../rtcs_bsp/ps7_cortexa9_0/include/xscugic.h:286:6: note: expected 'struct XScuGic *' but argument is of type 'struct XTmrCtr *'
 void XScuGic_Enable(XScuGic *InstancePtr, u32 Int_Id);
      ^
../src/main.c: In function 'init_encoder_task':
../src/main.c:187:29: warning: passing argument 2 of 'XTmrCtr_SetHandler' from incompatible pointer type
  XTmrCtr_SetHandler(&timer, timer_interrupt_handler, &timer);
                             ^
In file included from ../src/main.c:27:0:
../../rtcs_bsp/ps7_cortexa9_0/include/xtmrctr.h:294:6: note: expected 'XTmrCtr_Handler' but argument is of type 'void (*)(void *)'
 void XTmrCtr_SetHandler(XTmrCtr * InstancePtr, XTmrCtr_Handler FuncPtr,
      ^
Finished building: ../src/main.c
 
Building target: rtcs.elf
Invoking: ARM gcc linker
arm-xilinx-eabi-gcc -Wl,-T -Wl,../src/lscript.ld -L../../rtcs_bsp/ps7_cortexa9_0/lib -o "rtcs.elf"  ./src/timer/timer_pwm_cnf.o  ./src/khaOS/rtcs_cpu.o ./src/khaOS/schedule.o  ./src/main.o   -Wl,--start-group,-lxil,-lgcc,-lc,--end-group
Finished building target: rtcs.elf
 
Invoking: ARM Print Size
arm-xilinx-eabi-size rtcs.elf  |tee "rtcs.elf.size"
   text	   data	    bss	    dec	    hex	filename
  34408	   2008	  22964	  59380	   e7f4	rtcs.elf
Finished building: rtcs.elf.size
 
09:59:14 **** Incremental Build of configuration Debug for project rtcs ****
make all 
make: Nothing to be done for 'all'.
10:23:33 **** Auto Build of configuration Debug for project rtcs ****
make all 
Building file: ../src/main.c
Invoking: ARM gcc compiler
arm-xilinx-eabi-gcc -Wall -O0 -g3 -c -fmessage-length=0 -MT"src/main.o" -I../../rtcs_bsp/ps7_cortexa9_0/include -MMD -MP -MF"src/main.d" -MT"src/main.d" -o "src/main.o" "../src/main.c"
../src/main.c: In function 'IntcInitFunction':
../src/main.c:139:33: warning: passing argument 1 of 'XScuGic_CfgInitialize' from incompatible pointer type
  status = XScuGic_CfgInitialize(&timer, IntcConfig, IntcConfig->CpuBaseAddress);
                                 ^
In file included from ../src/main.c:28:0:
../../rtcs_bsp/ps7_cortexa9_0/include/xscugic.h:289:6: note: expected 'struct XScuGic *' but argument is of type 'struct XTmrCtr *'
 s32  XScuGic_CfgInitialize(XScuGic *InstancePtr, XScuGic_Config *ConfigPtr,
      ^
../src/main.c:143:32: warning: passing argument 1 of 'InterruptSystemSetup' from incompatible pointer type
  status = InterruptSystemSetup(&timer);
                                ^
../src/main.c:116:5: note: expected 'struct XScuGic *' but argument is of type 'struct XTmrCtr *'
 int InterruptSystemSetup(XScuGic *XScuGicInstancePtr)
     ^
../src/main.c:147:27: warning: passing argument 1 of 'XScuGic_Connect' from incompatible pointer type
  status = XScuGic_Connect(&timer,
                           ^
In file included from ../src/main.c:28:0:
../../rtcs_bsp/ps7_cortexa9_0/include/xscugic.h:282:6: note: expected 'struct XScuGic *' but argument is of type 'struct XTmrCtr *'
 s32  XScuGic_Connect(XScuGic *InstancePtr, u32 Int_Id,
      ^
../src/main.c:155:27: warning: passing argument 1 of 'XScuGic_Connect' from incompatible pointer type
  status = XScuGic_Connect(&timer,
                           ^
In file included from ../src/main.c:28:0:
../../rtcs_bsp/ps7_cortexa9_0/include/xscugic.h:282:6: note: expected 'struct XScuGic *' but argument is of type 'struct XTmrCtr *'
 s32  XScuGic_Connect(XScuGic *InstancePtr, u32 Int_Id,
      ^
../src/main.c:166:17: warning: passing argument 1 of 'XScuGic_Enable' from incompatible pointer type
  XScuGic_Enable(&timer, ENCODER_INTERRUPT_ID);
                 ^
In file included from ../src/main.c:28:0:
../../rtcs_bsp/ps7_cortexa9_0/include/xscugic.h:286:6: note: expected 'struct XScuGic *' but argument is of type 'struct XTmrCtr *'
 void XScuGic_Enable(XScuGic *InstancePtr, u32 Int_Id);
      ^
../src/main.c:168:17: warning: passing argument 1 of 'XScuGic_Enable' from incompatible pointer type
  XScuGic_Enable(&timer, TIMER_INTERRUPT_ID);
                 ^
In file included from ../src/main.c:28:0:
../../rtcs_bsp/ps7_cortexa9_0/include/xscugic.h:286:6: note: expected 'struct XScuGic *' but argument is of type 'struct XTmrCtr *'
 void XScuGic_Enable(XScuGic *InstancePtr, u32 Int_Id);
      ^
../src/main.c: In function 'init_encoder_task':
../src/main.c:187:29: warning: passing argument 2 of 'XTmrCtr_SetHandler' from incompatible pointer type
  XTmrCtr_SetHandler(&timer, timer_interrupt_handler, &timer);
                             ^
In file included from ../src/main.c:27:0:
../../rtcs_bsp/ps7_cortexa9_0/include/xtmrctr.h:294:6: note: expected 'XTmrCtr_Handler' but argument is of type 'void (*)(void *)'
 void XTmrCtr_SetHandler(XTmrCtr * InstancePtr, XTmrCtr_Handler FuncPtr,
      ^
Finished building: ../src/main.c
 
Building target: rtcs.elf
Invoking: ARM gcc linker
arm-xilinx-eabi-gcc -Wl,-T -Wl,../src/lscript.ld -L../../rtcs_bsp/ps7_cortexa9_0/lib -o "rtcs.elf"  ./src/timer/timer_pwm_cnf.o  ./src/khaOS/rtcs_cpu.o ./src/khaOS/schedule.o  ./src/main.o   -Wl,--start-group,-lxil,-lgcc,-lc,--end-group
Finished building target: rtcs.elf
 
Invoking: ARM Print Size
arm-xilinx-eabi-size rtcs.elf  |tee "rtcs.elf.size"
   text	   data	    bss	    dec	    hex	filename
  34408	   2008	  22964	  59380	   e7f4	rtcs.elf
Finished building: rtcs.elf.size
 
10:23:54 **** Auto Build of configuration Debug for project rtcs ****
make all 
[...]
  34848	   2008	  22964	  59820	   e9ac	rtcs.elf
Finished building: rtcs.elf.size
 
11:47:40 **** Auto Build of configuration Debug for project rtcs ****
make all 
Building file: ../src/main.c
Invoking: ARM gcc compiler
arm-xilinx-eabi-gcc -Wall -O0 -g3 -c -fmessage-length=0 -MT"src/main.o" -I../../rtcs_bsp/ps7_cortexa9_0/include -MMD -MP -MF"src/main.d" -MT"src/main.d" -o "src/main.o" "../src/main.c"
../src/main.c: In function 'IntcInitFunction':
../src/main.c:141:33: warning: passing argument 1 of 'XScuGic_CfgInitialize' from incompatible pointer type
  status = XScuGic_CfgInitialize(&timer, IntcConfig, IntcConfig->CpuBaseAddress);
                                 ^
In file included from ../src/main.c:28:0:
../../rtcs_bsp/ps7_cortexa9_0/include/xscugic.h:289:6: note: expected 'struct XScuGic *' but argument is of type 'struct XTmrCtr *'
 s32  XScuGic_CfgInitialize(XScuGic *InstancePtr, XScuGic_Config *ConfigPtr,
      ^
../src/main.c:145:32: warning: passing argument 1 of 'InterruptSystemSetup' from incompatible pointer type
  status = InterruptSystemSetup(&timer);
                                ^
../src/main.c:118:5: note: expected 'struct XScuGic *' but argument is of type 'struct XTmrCtr *'
 int InterruptSystemSetup(XScuGic *XScuGicInstancePtr)
     ^
../src/main.c:149:27: warning: passing argument 1 of 'XScuGic_Connect' from incompatible pointer type
  status = XScuGic_Connect(&timer,
                           ^
In file included from ../src/main.c:28:0:
../../rtcs_bsp/ps7_cortexa9_0/include/xscugic.h:282:6: note: expected 'struct XScuGic *' but argument is of type 'struct XTmrCtr *'
 s32  XScuGic_Connect(XScuGic *InstancePtr, u32 Int_Id,
      ^
../src/main.c:157:27: warning: passing argument 1 of 'XScuGic_Connect' from incompatible pointer type
  status = XScuGic_Connect(&timer,
                           ^
In file included from ../src/main.c:28:0:
../../rtcs_bsp/ps7_cortexa9_0/include/xscugic.h:282:6: note: expected 'struct XScuGic *' but argument is of type 'struct XTmrCtr *'
 s32  XScuGic_Connect(XScuGic *InstancePtr, u32 Int_Id,
      ^
../src/main.c:168:17: warning: passing argument 1 of 'XScuGic_Enable' from incompatible pointer type
  XScuGic_Enable(&timer, ENCODER_INTERRUPT_ID);
                 ^
In file included from ../src/main.c:28:0:
../../rtcs_bsp/ps7_cortexa9_0/include/xscugic.h:286:6: note: expected 'struct XScuGic *' but argument is of type 'struct XTmrCtr *'
 void XScuGic_Enable(XScuGic *InstancePtr, u32 Int_Id);
      ^
../src/main.c:170:17: warning: passing argument 1 of 'XScuGic_Enable' from incompatible pointer type
  XScuGic_Enable(&timer, TIMER_INTERRUPT_ID);
                 ^
In file included from ../src/main.c:28:0:
../../rtcs_bsp/ps7_cortexa9_0/include/xscugic.h:286:6: note: expected 'struct XScuGic *' but argument is of type 'struct XTmrCtr *'
 void XScuGic_Enable(XScuGic *InstancePtr, u32 Int_Id);
      ^
../src/main.c: In function 'init_encoder_task':
../src/main.c:206:29: warning: passing argument 2 of 'XTmrCtr_SetHandler' from incompatible pointer type
  XTmrCtr_SetHandler(&timer, timer_interrupt_handler, &timer);
                             ^
In file included from ../src/main.c:27:0:
../../rtcs_bsp/ps7_cortexa9_0/include/xtmrctr.h:294:6: note: expected 'XTmrCtr_Handler' but argument is of type 'void (*)(void *)'
 void XTmrCtr_SetHandler(XTmrCtr * InstancePtr, XTmrCtr_Handler FuncPtr,
      ^
Finished building: ../src/main.c
 
Building target: rtcs.elf
Invoking: ARM gcc linker
arm-xilinx-eabi-gcc -Wl,-T -Wl,../src/lscript.ld -L../../rtcs_bsp/ps7_cortexa9_0/lib -o "rtcs.elf"  ./src/timer/timer_pwm_cnf.o  ./src/khaOS/rtcs_cpu.o ./src/khaOS/schedule.o  ./src/main.o   -Wl,--start-group,-lxil,-lgcc,-lc,--end-group
Finished building target: rtcs.elf
 
Invoking: ARM Print Size
arm-xilinx-eabi-size rtcs.elf  |tee "rtcs.elf.size"
   text	   data	    bss	    dec	    hex	filename
  34848	   2008	  22964	  59820	   e9ac	rtcs.elf
Finished building: rtcs.elf.size
 
11:47:52 **** Incremental Build of configuration Debug for project rtcs ****
make all 
make: Nothing to be done for 'all'.
11:48:52 **** Auto Build of configuration Debug for project rtcs ****
make all 
Building file: ../src/main.c
Invoking: ARM gcc compiler
arm-xilinx-eabi-gcc -Wall -O0 -g3 -c -fmessage-length=0 -MT"src/main.o" -I../../rtcs_bsp/ps7_cortexa9_0/include -MMD -MP -MF"src/main.d" -MT"src/main.d" -o "src/main.o" "../src/main.c"
../src/main.c: In function 'IntcInitFunction':
../src/main.c:141:33: warning: passing argument 1 of 'XScuGic_CfgInitialize' from incompatible pointer type
  status = XScuGic_CfgInitialize(&timer, IntcConfig, IntcConfig->CpuBaseAddress);
                                 ^
In file included from ../src/main.c:28:0:
../../rtcs_bsp/ps7_cortexa9_0/include/xscugic.h:289:6: note: expected 'struct XScuGic *' but argument is of type 'struct XTmrCtr *'
 s32  XScuGic_CfgInitialize(XScuGic *InstancePtr, XScuGic_Config *ConfigPtr,
      ^
../src/main.c:145:32: warning: passing argument 1 of 'InterruptSystemSetup' from incompatible pointer type
  status = InterruptSystemSetup(&timer);
                                ^
../src/main.c:118:5: note: expected 'struct XScuGic *' but argument is of type 'struct XTmrCtr *'
 int InterruptSystemSetup(XScuGic *XScuGicInstancePtr)
     ^
../src/main.c:149:27: warning: passing argument 1 of 'XScuGic_Connect' from incompatible pointer type
  status = XScuGic_Connect(&timer,
                           ^
In file included from ../src/main.c:28:0:
../../rtcs_bsp/ps7_cortexa9_0/include/xscugic.h:282:6: note: expected 'struct XScuGic *' but argument is of type 'struct XTmrCtr *'
 s32  XScuGic_Connect(XScuGic *InstancePtr, u32 Int_Id,
      ^
../src/main.c:157:27: warning: passing argument 1 of 'XScuGic_Connect' from incompatible pointer type
  status = XScuGic_Connect(&timer,
                           ^
In file included from ../src/main.c:28:0:
../../rtcs_bsp/ps7_cortexa9_0/include/xscugic.h:282:6: note: expected 'struct XScuGic *' but argument is of type 'struct XTmrCtr *'
 s32  XScuGic_Connect(XScuGic *InstancePtr, u32 Int_Id,
      ^
../src/main.c:168:17: warning: passing argument 1 of 'XScuGic_Enable' from incompatible pointer type
  XScuGic_Enable(&timer, ENCODER_INTERRUPT_ID);
                 ^
In file included from ../src/main.c:28:0:
../../rtcs_bsp/ps7_cortexa9_0/include/xscugic.h:286:6: note: expected 'struct XScuGic *' but argument is of type 'struct XTmrCtr *'
 void XScuGic_Enable(XScuGic *InstancePtr, u32 Int_Id);
      ^
../src/main.c:170:17: warning: passing argument 1 of 'XScuGic_Enable' from incompatible pointer type
  XScuGic_Enable(&timer, TIMER_INTERRUPT_ID);
                 ^
In file included from ../src/main.c:28:0:
../../rtcs_bsp/ps7_cortexa9_0/include/xscugic.h:286:6: note: expected 'struct XScuGic *' but argument is of type 'struct XTmrCtr *'
 void XScuGic_Enable(XScuGic *InstancePtr, u32 Int_Id);
      ^
../src/main.c: In function 'init_encoder_task':
../src/main.c:206:29: warning: passing argument 2 of 'XTmrCtr_SetHandler' from incompatible pointer type
  XTmrCtr_SetHandler(&timer, timer_interrupt_handler, &timer);
                             ^
In file included from ../src/main.c:27:0:
../../rtcs_bsp/ps7_cortexa9_0/include/xtmrctr.h:294:6: note: expected 'XTmrCtr_Handler' but argument is of type 'void (*)(void *)'
 void XTmrCtr_SetHandler(XTmrCtr * InstancePtr, XTmrCtr_Handler FuncPtr,
      ^
Finished building: ../src/main.c
 
Building target: rtcs.elf
Invoking: ARM gcc linker
arm-xilinx-eabi-gcc -Wl,-T -Wl,../src/lscript.ld -L../../rtcs_bsp/ps7_cortexa9_0/lib -o "rtcs.elf"  ./src/timer/timer_pwm_cnf.o  ./src/khaOS/rtcs_cpu.o ./src/khaOS/schedule.o  ./src/main.o   -Wl,--start-group,-lxil,-lgcc,-lc,--end-group
Finished building target: rtcs.elf
 
Invoking: ARM Print Size
arm-xilinx-eabi-size rtcs.elf  |tee "rtcs.elf.size"
   text	   data	    bss	    dec	    hex	filename
  34848	   2008	  22964	  59820	   e9ac	rtcs.elf
Finished building: rtcs.elf.size
 
11:48:54 **** Incremental Build of configuration Debug for project rtcs ****
make all 
make: Nothing to be done for 'all'.
11:49:24 **** Auto Build of configuration Debug for project rtcs ****
make all 
Building file: ../src/main.c
Invoking: ARM gcc compiler
arm-xilinx-eabi-gcc -Wall -O0 -g3 -c -fmessage-length=0 -MT"src/main.o" -I../../rtcs_bsp/ps7_cortexa9_0/include -MMD -MP -MF"src/main.d" -MT"src/main.d" -o "src/main.o" "../src/main.c"
../src/main.c: In function 'IntcInitFunction':
../src/main.c:141:33: warning: passing argument 1 of 'XScuGic_CfgInitialize' from incompatible pointer type
  status = XScuGic_CfgInitialize(&timer, IntcConfig, IntcConfig->CpuBaseAddress);
                                 ^
In file included from ../src/main.c:28:0:
../../rtcs_bsp/ps7_cortexa9_0/include/xscugic.h:289:6: note: expected 'struct XScuGic *' but argument is of type 'struct XTmrCtr *'
 s32  XScuGic_CfgInitialize(XScuGic *InstancePtr, XScuGic_Config *ConfigPtr,
      ^
../src/main.c:145:32: warning: passing argument 1 of 'InterruptSystemSetup' from incompatible pointer type
  status = InterruptSystemSetup(&timer);
                                ^
../src/main.c:118:5: note: expected 'struct XScuGic *' but argument is of type 'struct XTmrCtr *'
 int InterruptSystemSetup(XScuGic *XScuGicInstancePtr)
     ^
../src/main.c:149:27: warning: passing argument 1 of 'XScuGic_Connect' from incompatible pointer type
  status = XScuGic_Connect(&timer,
                           ^
In file included from ../src/main.c:28:0:
../../rtcs_bsp/ps7_cortexa9_0/include/xscugic.h:282:6: note: expected 'struct XScuGic *' but argument is of type 'struct XTmrCtr *'
 s32  XScuGic_Connect(XScuGic *InstancePtr, u32 Int_Id,
      ^
../src/main.c:157:27: warning: passing argument 1 of 'XScuGic_Connect' from incompatible pointer type
  status = XScuGic_Connect(&timer,
                           ^
In file included from ../src/main.c:28:0:
../../rtcs_bsp/ps7_cortexa9_0/include/xscugic.h:282:6: note: expected 'struct XScuGic *' but argument is of type 'struct XTmrCtr *'
 s32  XScuGic_Connect(XScuGic *InstancePtr, u32 Int_Id,
      ^
../src/main.c:168:17: warning: passing argument 1 of 'XScuGic_Enable' from incompatible pointer type
  XScuGic_Enable(&timer, ENCODER_INTERRUPT_ID);
                 ^
In file included from ../src/main.c:28:0:
../../rtcs_bsp/ps7_cortexa9_0/include/xscugic.h:286:6: note: expected 'struct XScuGic *' but argument is of type 'struct XTmrCtr *'
 void XScuGic_Enable(XScuGic *InstancePtr, u32 Int_Id);
      ^
../src/main.c:170:17: warning: passing argument 1 of 'XScuGic_Enable' from incompatible pointer type
  XScuGic_Enable(&timer, TIMER_INTERRUPT_ID);
                 ^
In file included from ../src/main.c:28:0:
../../rtcs_bsp/ps7_cortexa9_0/include/xscugic.h:286:6: note: expected 'struct XScuGic *' but argument is of type 'struct XTmrCtr *'
 void XScuGic_Enable(XScuGic *InstancePtr, u32 Int_Id);
      ^
../src/main.c: In function 'init_encoder_task':
../src/main.c:206:29: warning: passing argument 2 of 'XTmrCtr_SetHandler' from incompatible pointer type
  XTmrCtr_SetHandler(&timer, timer_interrupt_handler, &timer);
                             ^
In file included from ../src/main.c:27:0:
../../rtcs_bsp/ps7_cortexa9_0/include/xtmrctr.h:294:6: note: expected 'XTmrCtr_Handler' but argument is of type 'void (*)(void *)'
 void XTmrCtr_SetHandler(XTmrCtr * InstancePtr, XTmrCtr_Handler FuncPtr,
      ^
Finished building: ../src/main.c
 
Building target: rtcs.elf
Invoking: ARM gcc linker
arm-xilinx-eabi-gcc -Wl,-T -Wl,../src/lscript.ld -L../../rtcs_bsp/ps7_cortexa9_0/lib -o "rtcs.elf"  ./src/timer/timer_pwm_cnf.o  ./src/khaOS/rtcs_cpu.o ./src/khaOS/schedule.o  ./src/main.o   -Wl,--start-group,-lxil,-lgcc,-lc,--end-group
Finished building target: rtcs.elf
 
Invoking: ARM Print Size
arm-xilinx-eabi-size rtcs.elf  |tee "rtcs.elf.size"
   text	   data	    bss	    dec	    hex	filename
  34848	   2008	  22964	  59820	   e9ac	rtcs.elf
Finished building: rtcs.elf.size
 
11:49:25 **** Incremental Build of configuration Debug for project rtcs ****
make all 
make: Nothing to be done for 'all'.
12:42:22 **** Auto Build of configuration Debug for project rtcs ****
make all 
Building file: ../src/main.c
Invoking: ARM gcc compiler
arm-xilinx-eabi-gcc -Wall -O0 -g3 -c -fmessage-length=0 -MT"src/main.o" -I../../rtcs_bsp/ps7_cortexa9_0/include -MMD -MP -MF"src/main.d" -MT"src/main.d" -o "src/main.o" "../src/main.c"
../src/main.c: In function 'IntcInitFunction':
../src/main.c:141:33: warning: passing argument 1 of 'XScuGic_CfgInitialize' from incompatible pointer type
  status = XScuGic_CfgInitialize(&timer, IntcConfig, IntcConfig->CpuBaseAddress);
                                 ^
In file included from ../src/main.c:28:0:
../../rtcs_bsp/ps7_cortexa9_0/include/xscugic.h:289:6: note: expected 'struct XScuGic *' but argument is of type 'struct XTmrCtr *'
 s32  XScuGic_CfgInitialize(XScuGic *InstancePtr, XScuGic_Config *ConfigPtr,
      ^
../src/main.c:145:32: warning: passing argument 1 of 'InterruptSystemSetup' from incompatible pointer type
  status = InterruptSystemSetup(&timer);
                                ^
../src/main.c:118:5: note: expected 'struct XScuGic *' but argument is of type 'struct XTmrCtr *'
 int InterruptSystemSetup(XScuGic *XScuGicInstancePtr)
     ^
../src/main.c:149:27: warning: passing argument 1 of 'XScuGic_Connect' from incompatible pointer type
  status = XScuGic_Connect(&timer,
                           ^
In file included from ../src/main.c:28:0:
../../rtcs_bsp/ps7_cortexa9_0/include/xscugic.h:282:6: note: expected 'struct XScuGic *' but argument is of type 'struct XTmrCtr *'
 s32  XScuGic_Connect(XScuGic *InstancePtr, u32 Int_Id,
      ^
../src/main.c:157:27: warning: passing argument 1 of 'XScuGic_Connect' from incompatible pointer type
  status = XScuGic_Connect(&timer,
                           ^
In file included from ../src/main.c:28:0:
../../rtcs_bsp/ps7_cortexa9_0/include/xscugic.h:282:6: note: expected 'struct XScuGic *' but argument is of type 'struct XTmrCtr *'
 s32  XScuGic_Connect(XScuGic *InstancePtr, u32 Int_Id,
      ^
../src/main.c:168:17: warning: passing argument 1 of 'XScuGic_Enable' from incompatible pointer type
  XScuGic_Enable(&timer, ENCODER_INTERRUPT_ID);
                 ^
In file included from ../src/main.c:28:0:
../../rtcs_bsp/ps7_cortexa9_0/include/xscugic.h:286:6: note: expected 'struct XScuGic *' but argument is of type 'struct XTmrCtr *'
 void XScuGic_Enable(XScuGic *InstancePtr, u32 Int_Id);
      ^
../src/main.c:170:17: warning: passing argument 1 of 'XScuGic_Enable' from incompatible pointer type
  XScuGic_Enable(&timer, TIMER_INTERRUPT_ID);
                 ^
In file included from ../src/main.c:28:0:
../../rtcs_bsp/ps7_cortexa9_0/include/xscugic.h:286:6: note: expected 'struct XScuGic *' but argument is of type 'struct XTmrCtr *'
 void XScuGic_Enable(XScuGic *InstancePtr, u32 Int_Id);
      ^
../src/main.c: In function 'init_encoder_task':
../src/main.c:206:29: warning: passing argument 2 of 'XTmrCtr_SetHandler' from incompatible pointer type
  XTmrCtr_SetHandler(&timer, timer_interrupt_handler, &timer);
                             ^
In file included from ../src/main.c:27:0:
../../rtcs_bsp/ps7_cortexa9_0/include/xtmrctr.h:294:6: note: expected 'XTmrCtr_Handler' but argument is of type 'void (*)(void *)'
 void XTmrCtr_SetHandler(XTmrCtr * InstancePtr, XTmrCtr_Handler FuncPtr,
      ^
Finished building: ../src/main.c
 
Building target: rtcs.elf
Invoking: ARM gcc linker
arm-xilinx-eabi-gcc -Wl,-T -Wl,../src/lscript.ld -L../../rtcs_bsp/ps7_cortexa9_0/lib -o "rtcs.elf"  ./src/timer/timer_pwm_cnf.o  ./src/khaOS/rtcs_cpu.o ./src/khaOS/schedule.o  ./src/main.o   -Wl,--start-group,-lxil,-lgcc,-lc,--end-group
Finished building target: rtcs.elf
 
Invoking: ARM Print Size
arm-xilinx-eabi-size rtcs.elf  |tee "rtcs.elf.size"
   text	   data	    bss	    dec	    hex	filename
  34848	   2008	  22964	  59820	   e9ac	rtcs.elf
Finished building: rtcs.elf.size
 
12:42:24 **** Incremental Build of configuration Debug for project rtcs ****
make all 
make: Nothing to be done for 'all'.
12:44:16 **** Auto Build of configuration Debug for project rtcs ****
make all 
Building file: ../src/main.c
Invoking: ARM gcc compiler
arm-xilinx-eabi-gcc -Wall -O0 -g3 -c -fmessage-length=0 -MT"src/main.o" -I../../rtcs_bsp/ps7_cortexa9_0/include -MMD -MP -MF"src/main.d" -MT"src/main.d" -o "src/main.o" "../src/main.c"
../src/main.c: In function 'IntcInitFunction':
../src/main.c:141:33: warning: passing argument 1 of 'XScuGic_CfgInitialize' from incompatible pointer type
  status = XScuGic_CfgInitialize(&timer, IntcConfig, IntcConfig->CpuBaseAddress);
                                 ^
In file included from ../src/main.c:28:0:
../../rtcs_bsp/ps7_cortexa9_0/include/xscugic.h:289:6: note: expected 'struct XScuGic *' but argument is of type 'struct XTmrCtr *'
 s32  XScuGic_CfgInitialize(XScuGic *InstancePtr, XScuGic_Config *ConfigPtr,
      ^
../src/main.c:145:32: warning: passing argument 1 of 'InterruptSystemSetup' from incompatible pointer type
  status = InterruptSystemSetup(&timer);
                                ^
../src/main.c:118:5: note: expected 'struct XScuGic *' but argument is of type 'struct XTmrCtr *'
 int InterruptSystemSetup(XScuGic *XScuGicInstancePtr)
     ^
../src/main.c:149:27: warning: passing argument 1 of 'XScuGic_Connect' from incompatible pointer type
  status = XScuGic_Connect(&timer,
                           ^
In file included from ../src/main.c:28:0:
../../rtcs_bsp/ps7_cortexa9_0/include/xscugic.h:282:6: note: expected 'struct XScuGic *' but argument is of type 'struct XTmrCtr *'
 s32  XScuGic_Connect(XScuGic *InstancePtr, u32 Int_Id,
      ^
../src/main.c:157:27: warning: passing argument 1 of 'XScuGic_Connect' from incompatible pointer type
  status = XScuGic_Connect(&timer,
                           ^
In file included from ../src/main.c:28:0:
../../rtcs_bsp/ps7_cortexa9_0/include/xscugic.h:282:6: note: expected 'struct XScuGic *' but argument is of type 'struct XTmrCtr *'
 s32  XScuGic_Connect(XScuGic *InstancePtr, u32 Int_Id,
      ^
../src/main.c:168:17: warning: passing argument 1 of 'XScuGic_Enable' from incompatible pointer type
  XScuGic_Enable(&timer, ENCODER_INTERRUPT_ID);
                 ^
In file included from ../src/main.c:28:0:
../../rtcs_bsp/ps7_cortexa9_0/include/xscugic.h:286:6: note: expected 'struct XScuGic *' but argument is of type 'struct XTmrCtr *'
 void XScuGic_Enable(XScuGic *InstancePtr, u32 Int_Id);
      ^
../src/main.c:170:17: warning: passing argument 1 of 'XScuGic_Enable' from incompatible pointer type
  XScuGic_Enable(&timer, TIMER_INTERRUPT_ID);
                 ^
In file included from ../src/main.c:28:0:
../../rtcs_bsp/ps7_cortexa9_0/include/xscugic.h:286:6: note: expected 'struct XScuGic *' but argument is of type 'struct XTmrCtr *'
 void XScuGic_Enable(XScuGic *InstancePtr, u32 Int_Id);
      ^
../src/main.c: In function 'init_encoder_task':
../src/main.c:206:29: warning: passing argument 2 of 'XTmrCtr_SetHandler' from incompatible pointer type
  XTmrCtr_SetHandler(&timer, timer_interrupt_handler, &timer);
                             ^
In file included from ../src/main.c:27:0:
../../rtcs_bsp/ps7_cortexa9_0/include/xtmrctr.h:294:6: note: expected 'XTmrCtr_Handler' but argument is of type 'void (*)(void *)'
 void XTmrCtr_SetHandler(XTmrCtr * InstancePtr, XTmrCtr_Handler FuncPtr,
      ^
Finished building: ../src/main.c
 
Building target: rtcs.elf
Invoking: ARM gcc linker
arm-xilinx-eabi-gcc -Wl,-T -Wl,../src/lscript.ld -L../../rtcs_bsp/ps7_cortexa9_0/lib -o "rtcs.elf"  ./src/timer/timer_pwm_cnf.o  ./src/khaOS/rtcs_cpu.o ./src/khaOS/schedule.o  ./src/main.o   -Wl,--start-group,-lxil,-lgcc,-lc,--end-group
Finished building target: rtcs.elf
 
Invoking: ARM Print Size
arm-xilinx-eabi-size rtcs.elf  |tee "rtcs.elf.size"
   text	   data	    bss	    dec	    hex	filename
  34848	   2008	  22964	  59820	   e9ac	rtcs.elf
Finished building: rtcs.elf.size
 
