11:44:38 **** Incremental Build of configuration Debug for project UART_input ****
make all 
make: Nothing to be done for 'all'.
11:44:46 **** Incremental Build of configuration Debug for project UART_input ****
make all 
make: Nothing to be done for 'all'.
11:45:42 **** Auto Build of configuration Debug for project UART_input ****
make all 
Building file: ../src/Uart_Input.c
Invoking: ARM gcc compiler
arm-xilinx-eabi-gcc -Wall -O0 -g3 -c -fmessage-length=0 -MT"src/Uart_Input.o" -I../../UART_input_bsp/ps7_cortexa9_0/include -MMD -MP -MF"src/Uart_Input.d" -MT"src/Uart_Input.d" -o "src/Uart_Input.o" "../src/Uart_Input.c"
Finished building: ../src/Uart_Input.c
 
Building target: UART_input.elf
Invoking: ARM gcc linker
arm-xilinx-eabi-gcc -Wl,-T -Wl,../src/lscript.ld -L../../UART_input_bsp/ps7_cortexa9_0/lib -o "UART_input.elf"  ./src/Uart_Input.o ./src/platform.o   -Wl,--start-group,-lxil,-lgcc,-lc,--end-group
Finished building target: UART_input.elf
 
Invoking: ARM Print Size
arm-xilinx-eabi-size UART_input.elf  |tee "UART_input.elf.size"
   text	   data	    bss	    dec	    hex	filename
  24436	   1168	  22596	  48200	   bc48	UART_input.elf
Finished building: UART_input.elf.size
 
11:45:56 **** Incremental Build of configuration Debug for project UART_input ****
make all 
make: Nothing to be done for 'all'.
11:46:31 **** Incremental Build of configuration Debug for project UART_input ****
make all 
make: Nothing to be done for 'all'.
14:53:11 **** Auto Build of configuration Debug for project UART_input ****
make all 
make: Nothing to be done for 'all'.
14:53:37 **** Incremental Build of configuration Debug for project UART_input ****
make all 
make: Nothing to be done for 'all'.
14:58:35 **** Incremental Build of configuration Debug for project UART_input ****
make all 
make: Nothing to be done for 'all'.
15:00:45 **** Auto Build of configuration Debug for project UART_input ****
make all 
Building file: ../src/Uart_Input.c
Invoking: ARM gcc compiler
arm-xilinx-eabi-gcc -Wall -O0 -g3 -c -fmessage-length=0 -MT"src/Uart_Input.o" -I../../UART_input_bsp/ps7_cortexa9_0/include -MMD -MP -MF"src/Uart_Input.d" -MT"src/Uart_Input.d" -o "src/Uart_Input.o" "../src/Uart_Input.c"
Finished building: ../src/Uart_Input.c
 
Building target: UART_input.elf
Invoking: ARM gcc linker
arm-xilinx-eabi-gcc -Wl,-T -Wl,../src/lscript.ld -L../../UART_input_bsp/ps7_cortexa9_0/lib -o "UART_input.elf"  ./src/Uart_Input.o ./src/platform.o   -Wl,--start-group,-lxil,-lgcc,-lc,--end-group
Finished building target: UART_input.elf
 
Invoking: ARM Print Size
arm-xilinx-eabi-size UART_input.elf  |tee "UART_input.elf.size"
   text	   data	    bss	    dec	    hex	filename
  24488	   1168	  22596	  48252	   bc7c	UART_input.elf
Finished building: UART_input.elf.size
 
15:05:28 **** Auto Build of configuration Debug for project UART_input ****
make all 
Building file: ../src/Uart_Input.c
Invoking: ARM gcc compiler
arm-xilinx-eabi-gcc -Wall -O0 -g3 -c -fmessage-length=0 -MT"src/Uart_Input.o" -I../../UART_input_bsp/ps7_cortexa9_0/include -MMD -MP -MF"src/Uart_Input.d" -MT"src/Uart_Input.d" -o "src/Uart_Input.o" "../src/Uart_Input.c"
Finished building: ../src/Uart_Input.c
 
Building target: UART_input.elf
Invoking: ARM gcc linker
arm-xilinx-eabi-gcc -Wl,-T -Wl,../src/lscript.ld -L../../UART_input_bsp/ps7_cortexa9_0/lib -o "UART_input.elf"  ./src/Uart_Input.o ./src/platform.o   -Wl,--start-group,-lxil,-lgcc,-lc,--end-group
Finished building target: UART_input.elf
 
Invoking: ARM Print Size
arm-xilinx-eabi-size UART_input.elf  |tee "UART_input.elf.size"
   text	   data	    bss	    dec	    hex	filename
  24528	   1168	  22596	  48292	   bca4	UART_input.elf
Finished building: UART_input.elf.size
 
15:05:40 **** Incremental Build of configuration Debug for project UART_input ****
make all 
make: Nothing to be done for 'all'.
15:07:16 **** Auto Build of configuration Debug for project UART_input ****
make all 
Building file: ../src/Uart_Input.c
Invoking: ARM gcc compiler
arm-xilinx-eabi-gcc -Wall -O0 -g3 -c -fmessage-length=0 -MT"src/Uart_Input.o" -I../../UART_input_bsp/ps7_cortexa9_0/include -MMD -MP -MF"src/Uart_Input.d" -MT"src/Uart_Input.d" -o "src/Uart_Input.o" "../src/Uart_Input.c"
Finished building: ../src/Uart_Input.c
 
Building target: UART_input.elf
Invoking: ARM gcc linker
arm-xilinx-eabi-gcc -Wl,-T -Wl,../src/lscript.ld -L../../UART_input_bsp/ps7_cortexa9_0/lib -o "UART_input.elf"  ./src/Uart_Input.o ./src/platform.o   -Wl,--start-group,-lxil,-lgcc,-lc,--end-group
Finished building target: UART_input.elf
 
Invoking: ARM Print Size
arm-xilinx-eabi-size UART_input.elf  |tee "UART_input.elf.size"
   text	   data	    bss	    dec	    hex	filename
  24604	   1168	  22596	  48368	   bcf0	UART_input.elf
Finished building: UART_input.elf.size
 
15:07:19 **** Incremental Build of configuration Debug for project UART_input ****
make all 
make: Nothing to be done for 'all'.
15:09:27 **** Auto Build of configuration Debug for project UART_input ****
make all 
Building file: ../src/Uart_Input.c
Invoking: ARM gcc compiler
arm-xilinx-eabi-gcc -Wall -O0 -g3 -c -fmessage-length=0 -MT"src/Uart_Input.o" -I../../UART_input_bsp/ps7_cortexa9_0/include -MMD -MP -MF"src/Uart_Input.d" -MT"src/Uart_Input.d" -o "src/Uart_Input.o" "../src/Uart_Input.c"
../src/Uart_Input.c: In function 'main':
../src/Uart_Input.c:41:4: warning: unknown escape sequence: '\s'
    "#4: Turn on LD3");
    ^
Finished building: ../src/Uart_Input.c
 
Building target: UART_input.elf
Invoking: ARM gcc linker
arm-xilinx-eabi-gcc -Wl,-T -Wl,../src/lscript.ld -L../../UART_input_bsp/ps7_cortexa9_0/lib -o "UART_input.elf"  ./src/Uart_Input.o ./src/platform.o   -Wl,--start-group,-lxil,-lgcc,-lc,--end-group
Finished building target: UART_input.elf
 
Invoking: ARM Print Size
arm-xilinx-eabi-size UART_input.elf  |tee "UART_input.elf.size"
   text	   data	    bss	    dec	    hex	filename
  24604	   1168	  22596	  48368	   bcf0	UART_input.elf
Finished building: UART_input.elf.size
 
15:09:30 **** Incremental Build of configuration Debug for project UART_input ****
make all 
make: Nothing to be done for 'all'.
15:09:38 **** Auto Build of configuration Debug for project UART_input ****
make all 
Building file: ../src/Uart_Input.c
Invoking: ARM gcc compiler
arm-xilinx-eabi-gcc -Wall -O0 -g3 -c -fmessage-length=0 -MT"src/Uart_Input.o" -I../../UART_input_bsp/ps7_cortexa9_0/include -MMD -MP -MF"src/Uart_Input.d" -MT"src/Uart_Input.d" -o "src/Uart_Input.o" "../src/Uart_Input.c"
Finished building: ../src/Uart_Input.c
 
Building target: UART_input.elf
Invoking: ARM gcc linker
arm-xilinx-eabi-gcc -Wl,-T -Wl,../src/lscript.ld -L../../UART_input_bsp/ps7_cortexa9_0/lib -o "UART_input.elf"  ./src/Uart_Input.o ./src/platform.o   -Wl,--start-group,-lxil,-lgcc,-lc,--end-group
Finished building target: UART_input.elf
 
Invoking: ARM Print Size
arm-xilinx-eabi-size UART_input.elf  |tee "UART_input.elf.size"
   text	   data	    bss	    dec	    hex	filename
  24604	   1168	  22596	  48368	   bcf0	UART_input.elf
Finished building: UART_input.elf.size
 
15:09:44 **** Incremental Build of configuration Debug for project UART_input ****
make all 
make: Nothing to be done for 'all'.
15:10:13 **** Auto Build of configuration Debug for project UART_input ****
make all 
Building file: ../src/Uart_Input.c
Invoking: ARM gcc compiler
arm-xilinx-eabi-gcc -Wall -O0 -g3 -c -fmessage-length=0 -MT"src/Uart_Input.o" -I../../UART_input_bsp/ps7_cortexa9_0/include -MMD -MP -MF"src/Uart_Input.d" -MT"src/Uart_Input.d" -o "src/Uart_Input.o" "../src/Uart_Input.c"
Finished building: ../src/Uart_Input.c
 
Building target: UART_input.elf
Invoking: ARM gcc linker
arm-xilinx-eabi-gcc -Wl,-T -Wl,../src/lscript.ld -L../../UART_input_bsp/ps7_cortexa9_0/lib -o "UART_input.elf"  ./src/Uart_Input.o ./src/platform.o   -Wl,--start-group,-lxil,-lgcc,-lc,--end-group
Finished building target: UART_input.elf
 
Invoking: ARM Print Size
arm-xilinx-eabi-size UART_input.elf  |tee "UART_input.elf.size"
   text	   data	    bss	    dec	    hex	filename
  24604	   1168	  22596	  48368	   bcf0	UART_input.elf
Finished building: UART_input.elf.size
 
15:10:39 **** Auto Build of configuration Debug for project UART_input ****
make all 
Building file: ../src/Uart_Input.c
Invoking: ARM gcc compiler
arm-xilinx-eabi-gcc -Wall -O0 -g3 -c -fmessage-length=0 -MT"src/Uart_Input.o" -I../../UART_input_bsp/ps7_cortexa9_0/include -MMD -MP -MF"src/Uart_Input.d" -MT"src/Uart_Input.d" -o "src/Uart_Input.o" "../src/Uart_Input.c"
Finished building: ../src/Uart_Input.c
 
Building target: UART_input.elf
Invoking: ARM gcc linker
arm-xilinx-eabi-gcc -Wl,-T -Wl,../src/lscript.ld -L../../UART_input_bsp/ps7_cortexa9_0/lib -o "UART_input.elf"  ./src/Uart_Input.o ./src/platform.o   -Wl,--start-group,-lxil,-lgcc,-lc,--end-group
Finished building target: UART_input.elf
 
Invoking: ARM Print Size
arm-xilinx-eabi-size UART_input.elf  |tee "UART_input.elf.size"
   text	   data	    bss	    dec	    hex	filename
  24604	   1168	  22596	  48368	   bcf0	UART_input.elf
Finished building: UART_input.elf.size
 
15:10:54 **** Auto Build of configuration Debug for project UART_input ****
make all 
Building file: ../src/Uart_Input.c
Invoking: ARM gcc compiler
arm-xilinx-eabi-gcc -Wall -O0 -g3 -c -fmessage-length=0 -MT"src/Uart_Input.o" -I../../UART_input_bsp/ps7_cortexa9_0/include -MMD -MP -MF"src/Uart_Input.d" -MT"src/Uart_Input.d" -o "src/Uart_Input.o" "../src/Uart_Input.c"
Finished building: ../src/Uart_Input.c
 
Building target: UART_input.elf
Invoking: ARM gcc linker
arm-xilinx-eabi-gcc -Wl,-T -Wl,../src/lscript.ld -L../../UART_input_bsp/ps7_cortexa9_0/lib -o "UART_input.elf"  ./src/Uart_Input.o ./src/platform.o   -Wl,--start-group,-lxil,-lgcc,-lc,--end-group
Finished building target: UART_input.elf
 
Invoking: ARM Print Size
arm-xilinx-eabi-size UART_input.elf  |tee "UART_input.elf.size"
   text	   data	    bss	    dec	    hex	filename
  24604	   1168	  22596	  48368	   bcf0	UART_input.elf
Finished building: UART_input.elf.size
 
15:12:32 **** Auto Build of configuration Debug for project UART_input ****
make all 
Building file: ../src/Uart_Input.c
Invoking: ARM gcc compiler
arm-xilinx-eabi-gcc -Wall -O0 -g3 -c -fmessage-length=0 -MT"src/Uart_Input.o" -I../../UART_input_bsp/ps7_cortexa9_0/include -MMD -MP -MF"src/Uart_Input.d" -MT"src/Uart_Input.d" -o "src/Uart_Input.o" "../src/Uart_Input.c"
Finished building: ../src/Uart_Input.c
 
Building target: UART_input.elf
Invoking: ARM gcc linker
arm-xilinx-eabi-gcc -Wl,-T -Wl,../src/lscript.ld -L../../UART_input_bsp/ps7_cortexa9_0/lib -o "UART_input.elf"  ./src/Uart_Input.o ./src/platform.o   -Wl,--start-group,-lxil,-lgcc,-lc,--end-group
Finished building target: UART_input.elf
 
Invoking: ARM Print Size
arm-xilinx-eabi-size UART_input.elf  |tee "UART_input.elf.size"
   text	   data	    bss	    dec	    hex	filename
  24624	   1168	  22596	  48388	   bd04	UART_input.elf
Finished building: UART_input.elf.size
 
15:12:39 **** Incremental Build of configuration Debug for project UART_input ****
make all 
make: Nothing to be done for 'all'.
15:13:11 **** Incremental Build of configuration Debug for project UART_input ****
make all 
make: Nothing to be done for 'all'.
15:18:10 **** Auto Build of configuration Debug for project UART_input ****
make all 
Building file: ../src/Uart_Input.c
Invoking: ARM gcc compiler
arm-xilinx-eabi-gcc -Wall -O0 -g3 -c -fmessage-length=0 -MT"src/Uart_Input.o" -I../../UART_input_bsp/ps7_cortexa9_0/include -MMD -MP -MF"src/Uart_Input.d" -MT"src/Uart_Input.d" -o "src/Uart_Input.o" "../src/Uart_Input.c"
Finished building: ../src/Uart_Input.c
 
Building target: UART_input.elf
Invoking: ARM gcc linker
arm-xilinx-eabi-gcc -Wl,-T -Wl,../src/lscript.ld -L../../UART_input_bsp/ps7_cortexa9_0/lib -o "UART_input.elf"  ./src/Uart_Input.o ./src/platform.o   -Wl,--start-group,-lxil,-lgcc,-lc,--end-group
Finished building target: UART_input.elf
 
Invoking: ARM Print Size
arm-xilinx-eabi-size UART_input.elf  |tee "UART_input.elf.size"
   text	   data	    bss	    dec	    hex	filename
  24620	   1168	  22596	  48384	   bd00	UART_input.elf
Finished building: UART_input.elf.size
 
15:18:12 **** Incremental Build of configuration Debug for project UART_input ****
make all 
make: Nothing to be done for 'all'.
15:19:24 **** Auto Build of configuration Debug for project UART_input ****
make all 
Building file: ../src/Uart_Input.c
Invoking: ARM gcc compiler
arm-xilinx-eabi-gcc -Wall -O0 -g3 -c -fmessage-length=0 -MT"src/Uart_Input.o" -I../../UART_input_bsp/ps7_cortexa9_0/include -MMD -MP -MF"src/Uart_Input.d" -MT"src/Uart_Input.d" -o "src/Uart_Input.o" "../src/Uart_Input.c"
Finished building: ../src/Uart_Input.c
 
Building target: UART_input.elf
Invoking: ARM gcc linker
arm-xilinx-eabi-gcc -Wl,-T -Wl,../src/lscript.ld -L../../UART_input_bsp/ps7_cortexa9_0/lib -o "UART_input.elf"  ./src/Uart_Input.o ./src/platform.o   -Wl,--start-group,-lxil,-lgcc,-lc,--end-group
Finished building target: UART_input.elf
 
Invoking: ARM Print Size
arm-xilinx-eabi-size UART_input.elf  |tee "UART_input.elf.size"
   text	   data	    bss	    dec	    hex	filename
  24644	   1168	  22596	  48408	   bd18	UART_input.elf
Finished building: UART_input.elf.size
 
15:19:27 **** Incremental Build of configuration Debug for project UART_input ****
make all 
make: Nothing to be done for 'all'.
15:21:21 **** Auto Build of configuration Debug for project UART_input ****
make all 
Building file: ../src/Uart_Input.c
Invoking: ARM gcc compiler
arm-xilinx-eabi-gcc -Wall -O0 -g3 -c -fmessage-length=0 -MT"src/Uart_Input.o" -I../../UART_input_bsp/ps7_cortexa9_0/include -MMD -MP -MF"src/Uart_Input.d" -MT"src/Uart_Input.d" -o "src/Uart_Input.o" "../src/Uart_Input.c"
Finished building: ../src/Uart_Input.c
 
Building target: UART_input.elf
Invoking: ARM gcc linker
arm-xilinx-eabi-gcc -Wl,-T -Wl,../src/lscript.ld -L../../UART_input_bsp/ps7_cortexa9_0/lib -o "UART_input.elf"  ./src/Uart_Input.o ./src/platform.o   -Wl,--start-group,-lxil,-lgcc,-lc,--end-group
Finished building target: UART_input.elf
 
Invoking: ARM Print Size
arm-xilinx-eabi-size UART_input.elf  |tee "UART_input.elf.size"
   text	   data	    bss	    dec	    hex	filename
  24644	   1168	  22596	  48408	   bd18	UART_input.elf
Finished building: UART_input.elf.size
 
15:21:24 **** Incremental Build of configuration Debug for project UART_input ****
make all 
make: Nothing to be done for 'all'.
15:21:47 **** Auto Build of configuration Debug for project UART_input ****
make all 
Building file: ../src/Uart_Input.c
Invoking: ARM gcc compiler
arm-xilinx-eabi-gcc -Wall -O0 -g3 -c -fmessage-length=0 -MT"src/Uart_Input.o" -I../../UART_input_bsp/ps7_cortexa9_0/include -MMD -MP -MF"src/Uart_Input.d" -MT"src/Uart_Input.d" -o "src/Uart_Input.o" "../src/Uart_Input.c"
Finished building: ../src/Uart_Input.c
 
Building target: UART_input.elf
Invoking: ARM gcc linker
arm-xilinx-eabi-gcc -Wl,-T -Wl,../src/lscript.ld -L../../UART_input_bsp/ps7_cortexa9_0/lib -o "UART_input.elf"  ./src/Uart_Input.o ./src/platform.o   -Wl,--start-group,-lxil,-lgcc,-lc,--end-group
Finished building target: UART_input.elf
 
Invoking: ARM Print Size
arm-xilinx-eabi-size UART_input.elf  |tee "UART_input.elf.size"
   text	   data	    bss	    dec	    hex	filename
  24644	   1168	  22596	  48408	   bd18	UART_input.elf
Finished building: UART_input.elf.size
 
15:21:51 **** Incremental Build of configuration Debug for project UART_input ****
make all 
make: Nothing to be done for 'all'.
15:22:31 **** Auto Build of configuration Debug for project UART_input ****
make all 
Building file: ../src/Uart_Input.c
Invoking: ARM gcc compiler
arm-xilinx-eabi-gcc -Wall -O0 -g3 -c -fmessage-length=0 -MT"src/Uart_Input.o" -I../../UART_input_bsp/ps7_cortexa9_0/include -MMD -MP -MF"src/Uart_Input.d" -MT"src/Uart_Input.d" -o "src/Uart_Input.o" "../src/Uart_Input.c"
Finished building: ../src/Uart_Input.c
 
Building target: UART_input.elf
Invoking: ARM gcc linker
arm-xilinx-eabi-gcc -Wl,-T -Wl,../src/lscript.ld -L../../UART_input_bsp/ps7_cortexa9_0/lib -o "UART_input.elf"  ./src/Uart_Input.o ./src/platform.o   -Wl,--start-group,-lxil,-lgcc,-lc,--end-group
Finished building target: UART_input.elf
 
Invoking: ARM Print Size
arm-xilinx-eabi-size UART_input.elf  |tee "UART_input.elf.size"
   text	   data	    bss	    dec	    hex	filename
  24628	   1168	  22596	  48392	   bd08	UART_input.elf
Finished building: UART_input.elf.size
 
